Archive member included to satisfy reference by file (symbol)

c:/tools/arm-gnu-toolchain/bin/../lib/gcc/arm-none-eabi/10.3.1/../../../../arm-none-eabi/lib/thumb/v7e-m/nofp\libstdc++.a(class_type_info.o)
                              CMakeFiles/template-cpp.elf.dir/User/led.cpp.obj (vtable for __cxxabiv1::__class_type_info)
c:/tools/arm-gnu-toolchain/bin/../lib/gcc/arm-none-eabi/10.3.1/../../../../arm-none-eabi/lib/thumb/v7e-m/nofp\libstdc++.a(del_ops.o)
                              CMakeFiles/template-cpp.elf.dir/User/led.cpp.obj (operator delete(void*, unsigned int))
c:/tools/arm-gnu-toolchain/bin/../lib/gcc/arm-none-eabi/10.3.1/../../../../arm-none-eabi/lib/thumb/v7e-m/nofp\libstdc++.a(eh_arm.o)
                              CMakeFiles/template-cpp.elf.dir/User/main.cpp.obj (__cxa_end_cleanup)
c:/tools/arm-gnu-toolchain/bin/../lib/gcc/arm-none-eabi/10.3.1/../../../../arm-none-eabi/lib/thumb/v7e-m/nofp\libstdc++.a(eh_exception.o)
                              c:/tools/arm-gnu-toolchain/bin/../lib/gcc/arm-none-eabi/10.3.1/../../../../arm-none-eabi/lib/thumb/v7e-m/nofp\libstdc++.a(eh_arm.o) (typeinfo for __cxxabiv1::__forced_unwind)
c:/tools/arm-gnu-toolchain/bin/../lib/gcc/arm-none-eabi/10.3.1/../../../../arm-none-eabi/lib/thumb/v7e-m/nofp\libstdc++.a(eh_globals.o)
                              c:/tools/arm-gnu-toolchain/bin/../lib/gcc/arm-none-eabi/10.3.1/../../../../arm-none-eabi/lib/thumb/v7e-m/nofp\libstdc++.a(eh_arm.o) (__cxa_get_globals)
c:/tools/arm-gnu-toolchain/bin/../lib/gcc/arm-none-eabi/10.3.1/../../../../arm-none-eabi/lib/thumb/v7e-m/nofp\libstdc++.a(eh_personality.o)
                              CMakeFiles/template-cpp.elf.dir/User/main.cpp.obj (__gxx_personality_v0)
c:/tools/arm-gnu-toolchain/bin/../lib/gcc/arm-none-eabi/10.3.1/../../../../arm-none-eabi/lib/thumb/v7e-m/nofp\libstdc++.a(eh_terminate.o)
                              c:/tools/arm-gnu-toolchain/bin/../lib/gcc/arm-none-eabi/10.3.1/../../../../arm-none-eabi/lib/thumb/v7e-m/nofp\libstdc++.a(eh_arm.o) (std::terminate())
c:/tools/arm-gnu-toolchain/bin/../lib/gcc/arm-none-eabi/10.3.1/../../../../arm-none-eabi/lib/thumb/v7e-m/nofp\libstdc++.a(eh_unex_handler.o)
                              c:/tools/arm-gnu-toolchain/bin/../lib/gcc/arm-none-eabi/10.3.1/../../../../arm-none-eabi/lib/thumb/v7e-m/nofp\libstdc++.a(eh_terminate.o) (__cxxabiv1::__unexpected_handler)
c:/tools/arm-gnu-toolchain/bin/../lib/gcc/arm-none-eabi/10.3.1/../../../../arm-none-eabi/lib/thumb/v7e-m/nofp\libstdc++.a(pure.o)
                              c:/tools/arm-gnu-toolchain/bin/../lib/gcc/arm-none-eabi/10.3.1/../../../../arm-none-eabi/lib/thumb/v7e-m/nofp\libstdc++.a(eh_exception.o) (__cxa_pure_virtual)
c:/tools/arm-gnu-toolchain/bin/../lib/gcc/arm-none-eabi/10.3.1/../../../../arm-none-eabi/lib/thumb/v7e-m/nofp\libstdc++.a(si_class_type_info.o)
                              c:/tools/arm-gnu-toolchain/bin/../lib/gcc/arm-none-eabi/10.3.1/../../../../arm-none-eabi/lib/thumb/v7e-m/nofp\libstdc++.a(class_type_info.o) (vtable for __cxxabiv1::__si_class_type_info)
c:/tools/arm-gnu-toolchain/bin/../lib/gcc/arm-none-eabi/10.3.1/../../../../arm-none-eabi/lib/thumb/v7e-m/nofp\libstdc++.a(tinfo.o)
                              c:/tools/arm-gnu-toolchain/bin/../lib/gcc/arm-none-eabi/10.3.1/../../../../arm-none-eabi/lib/thumb/v7e-m/nofp\libstdc++.a(class_type_info.o) (std::type_info::~type_info())
c:/tools/arm-gnu-toolchain/bin/../lib/gcc/arm-none-eabi/10.3.1/../../../../arm-none-eabi/lib/thumb/v7e-m/nofp\libstdc++.a(vterminate.o)
                              c:/tools/arm-gnu-toolchain/bin/../lib/gcc/arm-none-eabi/10.3.1/../../../../arm-none-eabi/lib/thumb/v7e-m/nofp\libstdc++.a(eh_terminate.o) (__gnu_cxx::__verbose_terminate_handler())
c:/tools/arm-gnu-toolchain/bin/../lib/gcc/arm-none-eabi/10.3.1/../../../../arm-none-eabi/lib/thumb/v7e-m/nofp\libstdc++.a(cp-demangle.o)
                              c:/tools/arm-gnu-toolchain/bin/../lib/gcc/arm-none-eabi/10.3.1/../../../../arm-none-eabi/lib/thumb/v7e-m/nofp\libstdc++.a(vterminate.o) (__cxa_demangle)
c:/tools/arm-gnu-toolchain/bin/../lib/gcc/arm-none-eabi/10.3.1/../../../../arm-none-eabi/lib/thumb/v7e-m/nofp\libstdc++.a(del_op.o)
                              c:/tools/arm-gnu-toolchain/bin/../lib/gcc/arm-none-eabi/10.3.1/../../../../arm-none-eabi/lib/thumb/v7e-m/nofp\libstdc++.a(del_ops.o) (operator delete(void*))
c:/tools/arm-gnu-toolchain/bin/../lib/gcc/arm-none-eabi/10.3.1/../../../../arm-none-eabi/lib/thumb/v7e-m/nofp\libstdc++.a(eh_call.o)
                              c:/tools/arm-gnu-toolchain/bin/../lib/gcc/arm-none-eabi/10.3.1/../../../../arm-none-eabi/lib/thumb/v7e-m/nofp\libstdc++.a(eh_personality.o) (__cxa_call_terminate)
c:/tools/arm-gnu-toolchain/bin/../lib/gcc/arm-none-eabi/10.3.1/../../../../arm-none-eabi/lib/thumb/v7e-m/nofp\libstdc++.a(eh_catch.o)
[...]
Memory Configuration

Name             Origin             Length             Attributes
CCMRAM           0x10000000         0x00010000         xrw
RAM              0x20000000         0x00030000         xrw
FLASH            0x08000000         0x00100000         xr
*default*        0x00000000         0xffffffff

Linker script and memory map

LOAD c:/tools/arm-gnu-toolchain/bin/../lib/gcc/arm-none-eabi/10.3.1/thumb/v7e-m/nofp/crti.o
LOAD c:/tools/arm-gnu-toolchain/bin/../lib/gcc/arm-none-eabi/10.3.1/thumb/v7e-m/nofp/crtbegin.o
LOAD c:/tools/arm-gnu-toolchain/bin/../lib/gcc/arm-none-eabi/10.3.1/../../../../arm-none-eabi/lib/thumb/v7e-m/nofp/crt0.o
LOAD CMakeFiles/template-cpp.elf.dir/Core/Src/stm32f4xx_it.c.obj
LOAD CMakeFiles/template-cpp.elf.dir/Core/Src/syscalls.c.obj
LOAD CMakeFiles/template-cpp.elf.dir/Core/Src/sysmem.c.obj
LOAD CMakeFiles/template-cpp.elf.dir/Core/Src/system_stm32f4xx.c.obj
LOAD CMakeFiles/template-cpp.elf.dir/Core/Startup/startup_stm32f429igtx.s.obj
LOAD CMakeFiles/template-cpp.elf.dir/Drivers/STM32F4xx_HAL_Driver/Src/Legacy/stm32f4xx_hal_can.c.obj
LOAD CMakeFiles/template-cpp.elf.dir/Drivers/STM32F4xx_HAL_Driver/Src/Legacy/stm32f4xx_hal_eth.c.obj
LOAD CMakeFiles/template-cpp.elf.dir/Drivers/STM32F4xx_HAL_Driver/Src/stm32f4xx_hal.c.obj
LOAD CMakeFiles/template-cpp.elf.dir/Drivers/STM32F4xx_HAL_Driver/Src/stm32f4xx_hal_adc.c.obj
LOAD CMakeFiles/template-cpp.elf.dir/Drivers/STM32F4xx_HAL_Driver/Src/stm32f4xx_hal_adc_ex.c.obj
LOAD CMakeFiles/template-cpp.elf.dir/Drivers/STM32F4xx_HAL_Driver/Src/stm32f4xx_hal_can.c.obj
LOAD CMakeFiles/template-cpp.elf.dir/Drivers/STM32F4xx_HAL_Driver/Src/stm32f4xx_hal_cec.c.obj
LOAD CMakeFiles/template-cpp.elf.dir/Drivers/STM32F4xx_HAL_Driver/Src/stm32f4xx_hal_cortex.c.obj
LOAD CMakeFiles/template-cpp.elf.dir/Drivers/STM32F4xx_HAL_Driver/Src/stm32f4xx_hal_crc.c.obj
LOAD CMakeFiles/template-cpp.elf.dir/Drivers/STM32F4xx_HAL_Driver/Src/stm32f4xx_hal_cryp.c.obj
LOAD CMakeFiles/template-cpp.elf.dir/Drivers/STM32F4xx_HAL_Driver/Src/stm32f4xx_hal_cryp_ex.c.obj
LOAD CMakeFiles/template-cpp.elf.dir/Drivers/STM32F4xx_HAL_Driver/Src/stm32f4xx_hal_dac.c.obj
LOAD CMakeFiles/template-cpp.elf.dir/Drivers/STM32F4xx_HAL_Driver/Src/stm32f4xx_hal_dac_ex.c.obj
LOAD CMakeFiles/template-cpp.elf.dir/Drivers/STM32F4xx_HAL_Driver/Src/stm32f4xx_hal_dcmi.c.obj
LOAD CMakeFiles/template-cpp.elf.dir/Drivers/STM32F4xx_HAL_Driver/Src/stm32f4xx_hal_dcmi_ex.c.obj
LOAD CMakeFiles/template-cpp.elf.dir/Drivers/STM32F4xx_HAL_Driver/Src/stm32f4xx_hal_dfsdm.c.obj
LOAD CMakeFiles/template-cpp.elf.dir/Drivers/STM32F4xx_HAL_Driver/Src/stm32f4xx_hal_dma.c.obj
LOAD CMakeFiles/template-cpp.elf.dir/Drivers/STM32F4xx_HAL_Driver/Src/stm32f4xx_hal_dma2d.c.obj
LOAD CMakeFiles/template-cpp.elf.dir/Drivers/STM32F4xx_HAL_Driver/Src/stm32f4xx_hal_dma_ex.c.obj
LOAD CMakeFiles/template-cpp.elf.dir/Drivers/STM32F4xx_HAL_Driver/Src/stm32f4xx_hal_dsi.c.obj
LOAD CMakeFiles/template-cpp.elf.dir/Drivers/STM32F4xx_HAL_Driver/Src/stm32f4xx_hal_eth.c.obj
LOAD CMakeFiles/template-cpp.elf.dir/Drivers/STM32F4xx_HAL_Driver/Src/stm32f4xx_hal_exti.c.obj
LOAD CMakeFiles/template-cpp.elf.dir/Drivers/STM32F4xx_HAL_Driver/Src/stm32f4xx_hal_flash.c.obj
LOAD CMakeFiles/template-cpp.elf.dir/Drivers/STM32F4xx_HAL_Driver/Src/stm32f4xx_hal_flash_ex.c.obj
LOAD CMakeFiles/template-cpp.elf.dir/Drivers/STM32F4xx_HAL_Driver/Src/stm32f4xx_hal_flash_ramfunc.c.obj
LOAD CMakeFiles/template-cpp.elf.dir/Drivers/STM32F4xx_HAL_Driver/Src/stm32f4xx_hal_fmpi2c.c.obj
LOAD CMakeFiles/template-cpp.elf.dir/Drivers/STM32F4xx_HAL_Driver/Src/stm32f4xx_hal_fmpi2c_ex.c.obj
LOAD CMakeFiles/template-cpp.elf.dir/Drivers/STM32F4xx_HAL_Driver/Src/stm32f4xx_hal_fmpsmbus.c.obj
LOAD CMakeFiles/template-cpp.elf.dir/Drivers/STM32F4xx_HAL_Driver/Src/stm32f4xx_hal_fmpsmbus_ex.c.obj
LOAD CMakeFiles/template-cpp.elf.dir/Drivers/STM32F4xx_HAL_Driver/Src/stm32f4xx_hal_gpio.c.obj
LOAD CMakeFiles/template-cpp.elf.dir/Drivers/STM32F4xx_HAL_Driver/Src/stm32f4xx_hal_hash.c.obj
LOAD CMakeFiles/template-cpp.elf.dir/Drivers/STM32F4xx_HAL_Driver/Src/stm32f4xx_hal_hash_ex.c.obj
LOAD CMakeFiles/template-cpp.elf.dir/Drivers/STM32F4xx_HAL_Driver/Src/stm32f4xx_hal_hcd.c.obj
LOAD CMakeFiles/template-cpp.elf.dir/Drivers/STM32F4xx_HAL_Driver/Src/stm32f4xx_hal_i2c.c.obj
LOAD CMakeFiles/template-cpp.elf.dir/Drivers/STM32F4xx_HAL_Driver/Src/stm32f4xx_hal_i2c_ex.c.obj
LOAD CMakeFiles/template-cpp.elf.dir/Drivers/STM32F4xx_HAL_Driver/Src/stm32f4xx_hal_i2s.c.obj
LOAD CMakeFiles/template-cpp.elf.dir/Drivers/STM32F4xx_HAL_Driver/Src/stm32f4xx_hal_i2s_ex.c.obj
LOAD CMakeFiles/template-cpp.elf.dir/Drivers/STM32F4xx_HAL_Driver/Src/stm32f4xx_hal_irda.c.obj
LOAD CMakeFiles/template-cpp.elf.dir/Drivers/STM32F4xx_HAL_Driver/Src/stm32f4xx_hal_iwdg.c.obj
LOAD CMakeFiles/template-cpp.elf.dir/Drivers/STM32F4xx_HAL_Driver/Src/stm32f4xx_hal_lptim.c.obj
LOAD CMakeFiles/template-cpp.elf.dir/Drivers/STM32F4xx_HAL_Driver/Src/stm32f4xx_hal_ltdc.c.obj
LOAD CMakeFiles/template-cpp.elf.dir/Drivers/STM32F4xx_HAL_Driver/Src/stm32f4xx_hal_ltdc_ex.c.obj
LOAD CMakeFiles/template-cpp.elf.dir/Drivers/STM32F4xx_HAL_Driver/Src/stm32f4xx_hal_mmc.c.obj
LOAD CMakeFiles/template-cpp.elf.dir/Drivers/STM32F4xx_HAL_Driver/Src/stm32f4xx_hal_nand.c.obj
LOAD CMakeFiles/template-cpp.elf.dir/Drivers/STM32F4xx_HAL_Driver/Src/stm32f4xx_hal_nor.c.obj
LOAD CMakeFiles/template-cpp.elf.dir/Drivers/STM32F4xx_HAL_Driver/Src/stm32f4xx_hal_pccard.c.obj
LOAD CMakeFiles/template-cpp.elf.dir/Drivers/STM32F4xx_HAL_Driver/Src/stm32f4xx_hal_pcd.c.obj
LOAD CMakeFiles/template-cpp.elf.dir/Drivers/STM32F4xx_HAL_Driver/Src/stm32f4xx_hal_pcd_ex.c.obj
LOAD CMakeFiles/template-cpp.elf.dir/Drivers/STM32F4xx_HAL_Driver/Src/stm32f4xx_hal_pwr.c.obj
LOAD CMakeFiles/template-cpp.elf.dir/Drivers/STM32F4xx_HAL_Driver/Src/stm32f4xx_hal_pwr_ex.c.obj
LOAD CMakeFiles/template-cpp.elf.dir/Drivers/STM32F4xx_HAL_Driver/Src/stm32f4xx_hal_qspi.c.obj
LOAD CMakeFiles/template-cpp.elf.dir/Drivers/STM32F4xx_HAL_Driver/Src/stm32f4xx_hal_rcc.c.obj
LOAD CMakeFiles/template-cpp.elf.dir/Drivers/STM32F4xx_HAL_Driver/Src/stm32f4xx_hal_rcc_ex.c.obj
LOAD CMakeFiles/template-cpp.elf.dir/Drivers/STM32F4xx_HAL_Driver/Src/stm32f4xx_hal_rng.c.obj
LOAD CMakeFiles/template-cpp.elf.dir/Drivers/STM32F4xx_HAL_Driver/Src/stm32f4xx_hal_rtc.c.obj
LOAD CMakeFiles/template-cpp.elf.dir/Drivers/STM32F4xx_HAL_Driver/Src/stm32f4xx_hal_rtc_ex.c.obj
LOAD CMakeFiles/template-cpp.elf.dir/Drivers/STM32F4xx_HAL_Driver/Src/stm32f4xx_hal_sai.c.obj
LOAD CMakeFiles/template-cpp.elf.dir/Drivers/STM32F4xx_HAL_Driver/Src/stm32f4xx_hal_sai_ex.c.obj
LOAD CMakeFiles/template-cpp.elf.dir/Drivers/STM32F4xx_HAL_Driver/Src/stm32f4xx_hal_sd.c.obj
LOAD CMakeFiles/template-cpp.elf.dir/Drivers/STM32F4xx_HAL_Driver/Src/stm32f4xx_hal_sdram.c.obj
LOAD CMakeFiles/template-cpp.elf.dir/Drivers/STM32F4xx_HAL_Driver/Src/stm32f4xx_hal_smartcard.c.obj
LOAD CMakeFiles/template-cpp.elf.dir/Drivers/STM32F4xx_HAL_Driver/Src/stm32f4xx_hal_smbus.c.obj
LOAD CMakeFiles/template-cpp.elf.dir/Drivers/STM32F4xx_HAL_Driver/Src/stm32f4xx_hal_spdifrx.c.obj
LOAD CMakeFiles/template-cpp.elf.dir/Drivers/STM32F4xx_HAL_Driver/Src/stm32f4xx_hal_spi.c.obj
LOAD CMakeFiles/template-cpp.elf.dir/Drivers/STM32F4xx_HAL_Driver/Src/stm32f4xx_hal_sram.c.obj
LOAD CMakeFiles/template-cpp.elf.dir/Drivers/STM32F4xx_HAL_Driver/Src/stm32f4xx_hal_tim.c.obj
LOAD CMakeFiles/template-cpp.elf.dir/Drivers/STM32F4xx_HAL_Driver/Src/stm32f4xx_hal_tim_ex.c.obj
LOAD CMakeFiles/template-cpp.elf.dir/Drivers/STM32F4xx_HAL_Driver/Src/stm32f4xx_hal_uart.c.obj
LOAD CMakeFiles/template-cpp.elf.dir/Drivers/STM32F4xx_HAL_Driver/Src/stm32f4xx_hal_usart.c.obj
LOAD CMakeFiles/template-cpp.elf.dir/Drivers/STM32F4xx_HAL_Driver/Src/stm32f4xx_hal_wwdg.c.obj
LOAD CMakeFiles/template-cpp.elf.dir/Drivers/STM32F4xx_HAL_Driver/Src/stm32f4xx_ll_adc.c.obj
LOAD CMakeFiles/template-cpp.elf.dir/Drivers/STM32F4xx_HAL_Driver/Src/stm32f4xx_ll_crc.c.obj
LOAD CMakeFiles/template-cpp.elf.dir/Drivers/STM32F4xx_HAL_Driver/Src/stm32f4xx_ll_dac.c.obj
LOAD CMakeFiles/template-cpp.elf.dir/Drivers/STM32F4xx_HAL_Driver/Src/stm32f4xx_ll_dma.c.obj
LOAD CMakeFiles/template-cpp.elf.dir/Drivers/STM32F4xx_HAL_Driver/Src/stm32f4xx_ll_dma2d.c.obj
LOAD CMakeFiles/template-cpp.elf.dir/Drivers/STM32F4xx_HAL_Driver/Src/stm32f4xx_ll_exti.c.obj
LOAD CMakeFiles/template-cpp.elf.dir/Drivers/STM32F4xx_HAL_Driver/Src/stm32f4xx_ll_fmc.c.obj
LOAD CMakeFiles/template-cpp.elf.dir/Drivers/STM32F4xx_HAL_Driver/Src/stm32f4xx_ll_fmpi2c.c.obj
LOAD CMakeFiles/template-cpp.elf.dir/Drivers/STM32F4xx_HAL_Driver/Src/stm32f4xx_ll_fsmc.c.obj
LOAD CMakeFiles/template-cpp.elf.dir/Drivers/STM32F4xx_HAL_Driver/Src/stm32f4xx_ll_gpio.c.obj
LOAD CMakeFiles/template-cpp.elf.dir/Drivers/STM32F4xx_HAL_Driver/Src/stm32f4xx_ll_i2c.c.obj
LOAD CMakeFiles/template-cpp.elf.dir/Drivers/STM32F4xx_HAL_Driver/Src/stm32f4xx_ll_lptim.c.obj
LOAD CMakeFiles/template-cpp.elf.dir/Drivers/STM32F4xx_HAL_Driver/Src/stm32f4xx_ll_pwr.c.obj
LOAD CMakeFiles/template-cpp.elf.dir/Drivers/STM32F4xx_HAL_Driver/Src/stm32f4xx_ll_rcc.c.obj
LOAD CMakeFiles/template-cpp.elf.dir/Drivers/STM32F4xx_HAL_Driver/Src/stm32f4xx_ll_rng.c.obj
LOAD CMakeFiles/template-cpp.elf.dir/Drivers/STM32F4xx_HAL_Driver/Src/stm32f4xx_ll_rtc.c.obj
LOAD CMakeFiles/template-cpp.elf.dir/Drivers/STM32F4xx_HAL_Driver/Src/stm32f4xx_ll_sdmmc.c.obj
LOAD CMakeFiles/template-cpp.elf.dir/Drivers/STM32F4xx_HAL_Driver/Src/stm32f4xx_ll_spi.c.obj
LOAD CMakeFiles/template-cpp.elf.dir/Drivers/STM32F4xx_HAL_Driver/Src/stm32f4xx_ll_tim.c.obj
LOAD CMakeFiles/template-cpp.elf.dir/Drivers/STM32F4xx_HAL_Driver/Src/stm32f4xx_ll_usart.c.obj
LOAD CMakeFiles/template-cpp.elf.dir/Drivers/STM32F4xx_HAL_Driver/Src/stm32f4xx_ll_usb.c.obj
LOAD CMakeFiles/template-cpp.elf.dir/Drivers/STM32F4xx_HAL_Driver/Src/stm32f4xx_ll_utils.c.obj
LOAD CMakeFiles/template-cpp.elf.dir/SYSTEM/delay/delay.c.obj
LOAD CMakeFiles/template-cpp.elf.dir/SYSTEM/sys/sys.c.obj
LOAD CMakeFiles/template-cpp.elf.dir/SYSTEM/sysclock/SysClock.cpp.obj
LOAD CMakeFiles/template-cpp.elf.dir/SYSTEM/usart/Usart.c.obj
LOAD CMakeFiles/template-cpp.elf.dir/User/key.cpp.obj
LOAD CMakeFiles/template-cpp.elf.dir/User/led.cpp.obj
LOAD CMakeFiles/template-cpp.elf.dir/User/main.cpp.obj
LOAD c:/tools/arm-gnu-toolchain/bin/../lib/gcc/arm-none-eabi/10.3.1/../../../../arm-none-eabi/lib/thumb/v7e-m/nofp\libstdc++.a
LOAD c:/tools/arm-gnu-toolchain/bin/../lib/gcc/arm-none-eabi/10.3.1/../../../../arm-none-eabi/lib/thumb/v7e-m/nofp\libm.a
START GROUP
LOAD c:/tools/arm-gnu-toolchain/bin/../lib/gcc/arm-none-eabi/10.3.1/thumb/v7e-m/nofp\libgcc.a
LOAD c:/tools/arm-gnu-toolchain/bin/../lib/gcc/arm-none-eabi/10.3.1/../../../../arm-none-eabi/lib/thumb/v7e-m/nofp\libg.a
LOAD c:/tools/arm-gnu-toolchain/bin/../lib/gcc/arm-none-eabi/10.3.1/../../../../arm-none-eabi/lib/thumb/v7e-m/nofp\libc.a
END GROUP
LOAD c:/tools/arm-gnu-toolchain/bin/../lib/gcc/arm-none-eabi/10.3.1/thumb/v7e-m/nofp/crtend.o
LOAD c:/tools/arm-gnu-toolchain/bin/../lib/gcc/arm-none-eabi/10.3.1/thumb/v7e-m/nofp/crtn.o
                0x20030000                _estack = (ORIGIN (RAM) + LENGTH (RAM))
                0x00000200                _Min_Heap_Size = 0x200
                0x00000400                _Min_Stack_Size = 0x400

.isr_vector     0x08000000      0x1ac
                0x08000000                . = ALIGN (0x4)
 *(.isr_vector)
 .isr_vector    0x08000000      0x1ac CMakeFiles/template-cpp.elf.dir/Core/Startup/startup_stm32f429igtx.s.obj
                0x08000000                g_pfnVectors
                0x080001ac                . = ALIGN (0x4)

.text           0x080001c0    0x10b48
                0x080001c0                . = ALIGN (0x4)
 *(.text)
 .text          0x080001c0       0x40 c:/tools/arm-gnu-toolchain/bin/../lib/gcc/arm-none-eabi/10.3.1/thumb/v7e-m/nofp/crtbegin.o
 .text          0x08000200     0x5fa4 c:/tools/arm-gnu-toolchain/bin/../lib/gcc/arm-none-eabi/10.3.1/../../../../arm-none-eabi/lib/thumb/v7e-m/nofp\libstdc++.a(cp-demangle.o)
                0x080060bc                __cxa_demangle
                0x08006180                __gcclibcxx_demangle_callback
 .text          0x080061a4       0x30 c:/tools/arm-gnu-toolchain/bin/../lib/gcc/arm-none-eabi/10.3.1/thumb/v7e-m/nofp\libgcc.a(_aeabi_uldivmod.o)
                0x080061a4                __aeabi_uldivmod
 .text          0x080061d4      0x2d0 c:/tools/arm-gnu-toolchain/bin/../lib/gcc/arm-none-eabi/10.3.1/thumb/v7e-m/nofp\libgcc.a(_udivmoddi4.o)
                0x080061d4                __udivmoddi4
 .text          0x080064a4      0x9d8 c:/tools/arm-gnu-toolchain/bin/../lib/gcc/arm-none-eabi/10.3.1/thumb/v7e-m/nofp\libgcc.a(unwind-arm.o)
                0x0800674c                _Unwind_GetCFA
                0x08006750                __gnu_Unwind_RaiseException
                0x080067b8                __gnu_Unwind_ForcedUnwind
                0x080067c8                __gnu_Unwind_Resume
                0x0800680c                __gnu_Unwind_Resume_or_Rethrow
                0x0800681c                _Unwind_Complete
                0x08006820                _Unwind_DeleteException
                0x0800682c                _Unwind_VRS_Get
                0x08006878                _Unwind_VRS_Set
                0x080068c0                __gnu_Unwind_Backtrace
                0x08006bec                __aeabi_unwind_cpp_pr0
                0x08006bf0                __aeabi_unwind_cpp_pr1
                0x08006bf4                __aeabi_unwind_cpp_pr2
                0x08006bf8                _Unwind_VRS_Pop
 .text          0x08006e7c      0x1ac c:/tools/arm-gnu-toolchain/bin/../lib/gcc/arm-none-eabi/10.3.1/thumb/v7e-m/nofp\libgcc.a(libunwind.o)
                0x08006e7c                __restore_core_regs
                0x08006e7c                restore_core_regs
                0x08006e94                __gnu_Unwind_Restore_VFP
                0x08006e9c                __gnu_Unwind_Save_VFP
                0x08006ea4                __gnu_Unwind_Restore_VFP_D
                0x08006eac                __gnu_Unwind_Save_VFP_D
                0x08006eb4                __gnu_Unwind_Restore_VFP_D_16_to_31
                0x08006ebc                __gnu_Unwind_Save_VFP_D_16_to_31
                0x08006ec4                __gnu_Unwind_Restore_WMMXD
                0x08006f08                __gnu_Unwind_Save_WMMXD
                0x08006f4c                __gnu_Unwind_Restore_WMMXC
                0x08006f60                __gnu_Unwind_Save_WMMXC
                0x08006f74                ___Unwind_RaiseException
                0x08006f74                _Unwind_RaiseException
                0x08006f98                _Unwind_Resume
                0x08006f98                ___Unwind_Resume
                0x08006fbc                _Unwind_Resume_or_Rethrow
                0x08006fbc                ___Unwind_Resume_or_Rethrow
                0x08006fe0                _Unwind_ForcedUnwind
                0x08006fe0                ___Unwind_ForcedUnwind
                0x08007004                ___Unwind_Backtrace
                0x08007004                _Unwind_Backtrace
 .text          0x08007028      0x350 c:/tools/arm-gnu-toolchain/bin/../lib/gcc/arm-none-eabi/10.3.1/thumb/v7e-m/nofp\libgcc.a(pr-support.o)
                0x08007080                __gnu_unwind_execute
                0x0800732c                __gnu_unwind_frame
                0x08007358                _Unwind_GetRegionStart
                0x08007364                _Unwind_GetLanguageSpecificData
 .text          0x08007378        0x4 c:/tools/arm-gnu-toolchain/bin/../lib/gcc/arm-none-eabi/10.3.1/thumb/v7e-m/nofp\libgcc.a(_dvmd_tls.o)
                0x08007378                __aeabi_idiv0
                0x08007378                __aeabi_ldiv0
 *fill*         0x0800737c        0x4 
 .text          0x08007380       0xa0 c:/tools/arm-gnu-toolchain/bin/../lib/gcc/arm-none-eabi/10.3.1/../../../../arm-none-eabi/lib/thumb/v7e-m/nofp\libg.a(lib_a-memchr.o)
                0x08007380                memchr
 .text          0x08007420      0x134 c:/tools/arm-gnu-toolchain/bin/../lib/gcc/arm-none-eabi/10.3.1/../../../../arm-none-eabi/lib/thumb/v7e-m/nofp\libg.a(lib_a-memcpy.o)
                0x08007420                memcpy
 *fill*         0x08007554        0xc 
 .text          0x08007560      0x2dc c:/tools/arm-gnu-toolchain/bin/../lib/gcc/arm-none-eabi/10.3.1/../../../../arm-none-eabi/lib/thumb/v7e-m/nofp\libg.a(lib_a-strcmp.o)
                0x08007568                strcmp
 *fill*         0x0800783c        0x4 
 .text          0x08007840       0xdc c:/tools/arm-gnu-toolchain/bin/../lib/gcc/arm-none-eabi/10.3.1/../../../../arm-none-eabi/lib/thumb/v7e-m/nofp\libg.a(lib_a-strlen.o)
                0x08007840                strlen
 .text          0x0800791c      0x378 c:/tools/arm-gnu-toolchain/bin/../lib/gcc/arm-none-eabi/10.3.1/thumb/v7e-m/nofp\libgcc.a(_arm_addsubdf3.o)
                0x0800791c                __aeabi_drsub
                0x08007924                __aeabi_dsub
                0x08007924                __subdf3
                0x08007928                __aeabi_dadd
                0x08007928                __adddf3
                0x08007ba0                __floatunsidf
                0x08007ba0                __aeabi_ui2d
                0x08007bc0                __floatsidf
                0x08007bc0                __aeabi_i2d
                0x08007be4                __aeabi_f2d
                0x08007be4                __extendsfdf2
                0x08007c28                __floatundidf
                0x08007c28                __aeabi_ul2d
                0x08007c38                __floatdidf
                0x08007c38                __aeabi_l2d
 .text          0x08007c94      0x424 c:/tools/arm-gnu-toolchain/bin/../lib/gcc/arm-none-eabi/10.3.1/thumb/v7e-m/nofp\libgcc.a(_arm_muldivdf3.o)
                0x08007c94                __aeabi_dmul
                0x08007c94                __muldf3
                0x08007ee8                __divdf3
                0x08007ee8                __aeabi_ddiv
 .text          0x080080b8      0x110 c:/tools/arm-gnu-toolchain/bin/../lib/gcc/arm-none-eabi/10.3.1/thumb/v7e-m/nofp\libgcc.a(_arm_cmpdf2.o)
                0x080080b8                __gtdf2
                0x080080b8                __gedf2
                0x080080c0                __ltdf2
                0x080080c0                __ledf2
                0x080080c8                __nedf2
                0x080080c8                __eqdf2
                0x080080c8                __cmpdf2
                0x08008144                __aeabi_cdrcmple
                0x08008154                __aeabi_cdcmpeq
                0x08008154                __aeabi_cdcmple
                0x08008164                __aeabi_dcmpeq
                0x08008178                __aeabi_dcmplt
                0x0800818c                __aeabi_dcmple
                0x080081a0                __aeabi_dcmpge
                0x080081b4                __aeabi_dcmpgt
 .text          0x080081c8       0x2c c:/tools/arm-gnu-toolchain/bin/../lib/gcc/arm-none-eabi/10.3.1/thumb/v7e-m/nofp\libgcc.a(_arm_unorddf2.o)
                0x080081c8                __unorddf2
                0x080081c8                __aeabi_dcmpun
 .text          0x080081f4       0x50 c:/tools/arm-gnu-toolchain/bin/../lib/gcc/arm-none-eabi/10.3.1/thumb/v7e-m/nofp\libgcc.a(_arm_fixdfsi.o)
                0x080081f4                __aeabi_d2iz
                0x080081f4                __fixdfsi
 *(.text*)
 .text.NMI_Handler
                0x08008244        0x2 CMakeFiles/template-cpp.elf.dir/Core/Src/stm32f4xx_it.c.obj
                0x08008244                NMI_Handler
 .text.HardFault_Handler
                0x08008246        0x2 CMakeFiles/template-cpp.elf.dir/Core/Src/stm32f4xx_it.c.obj
                0x08008246                HardFault_Handler
 .text.MemManage_Handler
                0x08008248        0x2 CMakeFiles/template-cpp.elf.dir/Core/Src/stm32f4xx_it.c.obj
                0x08008248                MemManage_Handler
 .text.BusFault_Handler
                0x0800824a        0x2 CMakeFiles/template-cpp.elf.dir/Core/Src/stm32f4xx_it.c.obj
                0x0800824a                BusFault_Handler
 .text.UsageFault_Handler
                0x0800824c        0x2 CMakeFiles/template-cpp.elf.dir/Core/Src/stm32f4xx_it.c.obj
                0x0800824c                UsageFault_Handler
 .text.SVC_Handler
                0x0800824e        0x2 CMakeFiles/template-cpp.elf.dir/Core/Src/stm32f4xx_it.c.obj
                0x0800824e                SVC_Handler
 .text.DebugMon_Handler
                0x08008250        0x2 CMakeFiles/template-cpp.elf.dir/Core/Src/stm32f4xx_it.c.obj
                0x08008250                DebugMon_Handler
 .text.PendSV_Handler
                0x08008252        0x2 CMakeFiles/template-cpp.elf.dir/Core/Src/stm32f4xx_it.c.obj
                0x08008252                PendSV_Handler
 .text.SysTick_Handler
                0x08008254        0x8 CMakeFiles/template-cpp.elf.dir/Core/Src/stm32f4xx_it.c.obj
                0x08008254                SysTick_Handler
 .text._getpid  0x0800825c        0x4 CMakeFiles/template-cpp.elf.dir/Core/Src/syscalls.c.obj
                0x0800825c                _getpid
 .text._kill    0x08008260       0x10 CMakeFiles/template-cpp.elf.dir/Core/Src/syscalls.c.obj
                0x08008260                _kill
 .text._exit    0x08008270        0xc CMakeFiles/template-cpp.elf.dir/Core/Src/syscalls.c.obj
                0x08008270                _exit
 .text._read    0x0800827c       0x20 CMakeFiles/template-cpp.elf.dir/Core/Src/syscalls.c.obj
                0x0800827c                _read
 .text._write   0x0800829c       0x1c CMakeFiles/template-cpp.elf.dir/Core/Src/syscalls.c.obj
                0x0800829c                _write
 .text._close   0x080082b8        0x6 CMakeFiles/template-cpp.elf.dir/Core/Src/syscalls.c.obj
                0x080082b8                _close
 .text._fstat   0x080082be        0xa CMakeFiles/template-cpp.elf.dir/Core/Src/syscalls.c.obj
                0x080082be                _fstat
 .text._isatty  0x080082c8        0x4 CMakeFiles/template-cpp.elf.dir/Core/Src/syscalls.c.obj
                0x080082c8                _isatty
 .text._lseek   0x080082cc        0x4 CMakeFiles/template-cpp.elf.dir/Core/Src/syscalls.c.obj
                0x080082cc                _lseek
 .text._sbrk    0x080082d0       0x48 CMakeFiles/template-cpp.elf.dir/Core/Src/sysmem.c.obj
                0x080082d0                _sbrk
 .text.SystemInit
                0x08008318        0x2 CMakeFiles/template-cpp.elf.dir/Core/Src/system_stm32f4xx.c.obj
                0x08008318                SystemInit
 *fill*         0x0800831a        0x2 
 .text.Reset_Handler
                0x0800831c       0x50 CMakeFiles/template-cpp.elf.dir/Core/Startup/startup_stm32f429igtx.s.obj
                0x0800831c                Reset_Handler
 .text.Default_Handler
                0x0800836c        0x2 CMakeFiles/template-cpp.elf.dir/Core/Startup/startup_stm32f429igtx.s.obj
                0x0800836c                RTC_Alarm_IRQHandler
                0x0800836c                HASH_RNG_IRQHandler
                0x0800836c                EXTI2_IRQHandler
                0x0800836c                TIM8_CC_IRQHandler
                0x0800836c                UART8_IRQHandler
                0x0800836c                SPI4_IRQHandler
                0x0800836c                TIM1_CC_IRQHandler
                0x0800836c                DMA2_Stream5_IRQHandler
                0x0800836c                DMA1_Stream5_IRQHandler
                0x0800836c                PVD_IRQHandler
                0x0800836c                SDIO_IRQHandler
                0x0800836c                TAMP_STAMP_IRQHandler
                0x0800836c                CAN2_RX1_IRQHandler
                0x0800836c                EXTI3_IRQHandler
                0x0800836c                TIM8_TRG_COM_TIM14_IRQHandler
                0x0800836c                TIM1_UP_TIM10_IRQHandler
                0x0800836c                TIM8_UP_TIM13_IRQHandler
                0x0800836c                I2C3_ER_IRQHandler
                0x0800836c                EXTI0_IRQHandler
                0x0800836c                I2C2_EV_IRQHandler
                0x0800836c                DMA1_Stream2_IRQHandler
                0x0800836c                CAN1_RX0_IRQHandler
                0x0800836c                FPU_IRQHandler
                0x0800836c                OTG_HS_WKUP_IRQHandler
                0x0800836c                LTDC_ER_IRQHandler
                0x0800836c                CAN2_SCE_IRQHandler
                0x0800836c                DMA2_Stream2_IRQHandler
                0x0800836c                SPI1_IRQHandler
                0x0800836c                TIM6_DAC_IRQHandler
                0x0800836c                TIM1_BRK_TIM9_IRQHandler
                0x0800836c                DCMI_IRQHandler
                0x0800836c                CAN2_RX0_IRQHandler
                0x0800836c                DMA2_Stream3_IRQHandler
                0x0800836c                USART6_IRQHandler
                0x0800836c                USART3_IRQHandler
                0x0800836c                CAN1_RX1_IRQHandler
                0x0800836c                UART5_IRQHandler
                0x0800836c                DMA2_Stream0_IRQHandler
                0x0800836c                TIM4_IRQHandler
                0x0800836c                I2C1_EV_IRQHandler
                0x0800836c                DMA1_Stream6_IRQHandler
                0x0800836c                DMA1_Stream1_IRQHandler
                0x0800836c                UART4_IRQHandler
                0x0800836c                TIM3_IRQHandler
                0x0800836c                RCC_IRQHandler
                0x0800836c                TIM8_BRK_TIM12_IRQHandler
                0x0800836c                Default_Handler
                0x0800836c                EXTI15_10_IRQHandler
                0x0800836c                ADC_IRQHandler
                0x0800836c                DMA1_Stream7_IRQHandler
                0x0800836c                SPI5_IRQHandler
                0x0800836c                TIM7_IRQHandler
                0x0800836c                CAN2_TX_IRQHandler
                0x0800836c                TIM5_IRQHandler
                0x0800836c                DMA2_Stream7_IRQHandler
                0x0800836c                I2C3_EV_IRQHandler
                0x0800836c                EXTI9_5_IRQHandler
                0x0800836c                RTC_WKUP_IRQHandler
                0x0800836c                LTDC_IRQHandler
                0x0800836c                ETH_WKUP_IRQHandler
                0x0800836c                SPI2_IRQHandler
                0x0800836c                OTG_HS_EP1_IN_IRQHandler
                0x0800836c                DMA1_Stream0_IRQHandler
                0x0800836c                CAN1_TX_IRQHandler
                0x0800836c                EXTI4_IRQHandler
                0x0800836c                ETH_IRQHandler
                0x0800836c                OTG_HS_EP1_OUT_IRQHandler
                0x0800836c                WWDG_IRQHandler
                0x0800836c                SPI6_IRQHandler
                0x0800836c                TIM2_IRQHandler
                0x0800836c                OTG_FS_WKUP_IRQHandler
                0x0800836c                TIM1_TRG_COM_TIM11_IRQHandler
                0x0800836c                OTG_HS_IRQHandler
                0x0800836c                DMA2D_IRQHandler
                0x0800836c                EXTI1_IRQHandler
                0x0800836c                UART7_IRQHandler
                0x0800836c                I2C2_ER_IRQHandler
                0x0800836c                DMA2_Stream1_IRQHandler
                0x0800836c                CAN1_SCE_IRQHandler
                0x0800836c                FLASH_IRQHandler
                0x0800836c                DMA2_Stream4_IRQHandler
                0x0800836c                USART1_IRQHandler
                0x0800836c                OTG_FS_IRQHandler
                0x0800836c                SPI3_IRQHandler
                0x0800836c                DMA1_Stream4_IRQHandler
                0x0800836c                I2C1_ER_IRQHandler
                0x0800836c                FMC_IRQHandler
                0x0800836c                DMA2_Stream6_IRQHandler
                0x0800836c                SAI1_IRQHandler
                0x0800836c                DMA1_Stream3_IRQHandler
 *fill*         0x0800836e        0x2 
 .text.HAL_InitTick
                0x08008370       0x4c CMakeFiles/template-cpp.elf.dir/Drivers/STM32F4xx_HAL_Driver/Src/stm32f4xx_hal.c.obj
                0x08008370                HAL_InitTick
 .text.HAL_Init
                0x080083bc       0x34 CMakeFiles/template-cpp.elf.dir/Drivers/STM32F4xx_HAL_Driver/Src/stm32f4xx_hal.c.obj
                0x080083bc                HAL_Init
 .text.HAL_IncTick
                0x080083f0       0x18 CMakeFiles/template-cpp.elf.dir/Drivers/STM32F4xx_HAL_Driver/Src/stm32f4xx_hal.c.obj
                0x080083f0                HAL_IncTick
 .text.HAL_GetTick
                0x08008408        0xc CMakeFiles/template-cpp.elf.dir/Drivers/STM32F4xx_HAL_Driver/Src/stm32f4xx_hal.c.obj
                0x08008408                HAL_GetTick
 .text.HAL_NVIC_SetPriorityGrouping
                0x08008414       0x24 CMakeFiles/template-cpp.elf.dir/Drivers/STM32F4xx_HAL_Driver/Src/stm32f4xx_hal_cortex.c.obj
                0x08008414                HAL_NVIC_SetPriorityGrouping
 .text.HAL_NVIC_SetPriority
                0x08008438       0x70 CMakeFiles/template-cpp.elf.dir/Drivers/STM32F4xx_HAL_Driver/Src/stm32f4xx_hal_cortex.c.obj
                0x08008438                HAL_NVIC_SetPriority
 .text.HAL_NVIC_EnableIRQ
                0x080084a8       0x1c CMakeFiles/template-cpp.elf.dir/Drivers/STM32F4xx_HAL_Driver/Src/stm32f4xx_hal_cortex.c.obj
                0x080084a8                HAL_NVIC_EnableIRQ
 .text.HAL_SYSTICK_Config
                0x080084c4       0x28 CMakeFiles/template-cpp.elf.dir/Drivers/STM32F4xx_HAL_Driver/Src/stm32f4xx_hal_cortex.c.obj
                0x080084c4                HAL_SYSTICK_Config
 .text.HAL_SYSTICK_CLKSourceConfig
                0x080084ec       0x20 CMakeFiles/template-cpp.elf.dir/Drivers/STM32F4xx_HAL_Driver/Src/stm32f4xx_hal_cortex.c.obj
                0x080084ec                HAL_SYSTICK_CLKSourceConfig
 .text.HAL_DMA_Abort
                0x0800850c       0x94 CMakeFiles/template-cpp.elf.dir/Drivers/STM32F4xx_HAL_Driver/Src/stm32f4xx_hal_dma.c.obj
                0x0800850c                HAL_DMA_Abort
 .text.HAL_DMA_Abort_IT
                0x080085a0       0x26 CMakeFiles/template-cpp.elf.dir/Drivers/STM32F4xx_HAL_Driver/Src/stm32f4xx_hal_dma.c.obj
                0x080085a0                HAL_DMA_Abort_IT
 *fill*         0x080085c6        0x2 
 .text.HAL_GPIO_Init
                0x080085c8      0x1fc CMakeFiles/template-cpp.elf.dir/Drivers/STM32F4xx_HAL_Driver/Src/stm32f4xx_hal_gpio.c.obj
                0x080085c8                HAL_GPIO_Init
 .text.HAL_GPIO_WritePin
                0x080087c4        0xc CMakeFiles/template-cpp.elf.dir/Drivers/STM32F4xx_HAL_Driver/Src/stm32f4xx_hal_gpio.c.obj
                0x080087c4                HAL_GPIO_WritePin
 .text.HAL_PWREx_EnableOverDrive
                0x080087d0       0x7c CMakeFiles/template-cpp.elf.dir/Drivers/STM32F4xx_HAL_Driver/Src/stm32f4xx_hal_pwr_ex.c.obj
                0x080087d0                HAL_PWREx_EnableOverDrive
 .text.HAL_RCC_OscConfig
                0x0800884c      0x3f8 CMakeFiles/template-cpp.elf.dir/Drivers/STM32F4xx_HAL_Driver/Src/stm32f4xx_hal_rcc.c.obj
                0x0800884c                HAL_RCC_OscConfig
 .text.HAL_RCC_GetSysClockFreq
                0x08008c44       0xa4 CMakeFiles/template-cpp.elf.dir/Drivers/STM32F4xx_HAL_Driver/Src/stm32f4xx_hal_rcc.c.obj
                0x08008c44                HAL_RCC_GetSysClockFreq
 .text.HAL_RCC_ClockConfig
                0x08008ce8      0x160 CMakeFiles/template-cpp.elf.dir/Drivers/STM32F4xx_HAL_Driver/Src/stm32f4xx_hal_rcc.c.obj
                0x08008ce8                HAL_RCC_ClockConfig
 .text.HAL_RCC_GetHCLKFreq
                0x08008e48        0xc CMakeFiles/template-cpp.elf.dir/Drivers/STM32F4xx_HAL_Driver/Src/stm32f4xx_hal_rcc.c.obj
                0x08008e48                HAL_RCC_GetHCLKFreq
 .text.HAL_RCC_GetPCLK1Freq
                0x08008e54       0x20 CMakeFiles/template-cpp.elf.dir/Drivers/STM32F4xx_HAL_Driver/Src/stm32f4xx_hal_rcc.c.obj
                0x08008e54                HAL_RCC_GetPCLK1Freq
 .text.HAL_RCC_GetPCLK2Freq
                0x08008e74       0x20 CMakeFiles/template-cpp.elf.dir/Drivers/STM32F4xx_HAL_Driver/Src/stm32f4xx_hal_rcc.c.obj
                0x08008e74                HAL_RCC_GetPCLK2Freq
 .text.UART_EndRxTransfer
                0x08008e94       0x5c CMakeFiles/template-cpp.elf.dir/Drivers/STM32F4xx_HAL_Driver/Src/stm32f4xx_hal_uart.c.obj
 .text.UART_Transmit_IT
                0x08008ef0       0x60 CMakeFiles/template-cpp.elf.dir/Drivers/STM32F4xx_HAL_Driver/Src/stm32f4xx_hal_uart.c.obj
 .text.UART_SetConfig
                0x08008f50      0x110 CMakeFiles/template-cpp.elf.dir/Drivers/STM32F4xx_HAL_Driver/Src/stm32f4xx_hal_uart.c.obj
 .text.UART_WaitOnFlagUntilTimeout
                0x08009060       0x88 CMakeFiles/template-cpp.elf.dir/Drivers/STM32F4xx_HAL_Driver/Src/stm32f4xx_hal_uart.c.obj
 .text.HAL_UART_MspInit
                0x080090e8        0x2 CMakeFiles/template-cpp.elf.dir/Drivers/STM32F4xx_HAL_Driver/Src/stm32f4xx_hal_uart.c.obj
                0x080090e8                HAL_UART_MspInit
 .text.HAL_UART_Init
                0x080090ea       0x5e CMakeFiles/template-cpp.elf.dir/Drivers/STM32F4xx_HAL_Driver/Src/stm32f4xx_hal_uart.c.obj
                0x080090ea                HAL_UART_Init
 .text.HAL_UART_Transmit
                0x08009148       0xd8 CMakeFiles/template-cpp.elf.dir/Drivers/STM32F4xx_HAL_Driver/Src/stm32f4xx_hal_uart.c.obj
                0x08009148                HAL_UART_Transmit
 .text.HAL_UART_TxCpltCallback
                0x08009220        0x2 CMakeFiles/template-cpp.elf.dir/Drivers/STM32F4xx_HAL_Driver/Src/stm32f4xx_hal_uart.c.obj
                0x08009220                HAL_UART_TxCpltCallback
 .text.UART_EndTransmit_IT
                0x08009222       0x1a CMakeFiles/template-cpp.elf.dir/Drivers/STM32F4xx_HAL_Driver/Src/stm32f4xx_hal_uart.c.obj
 .text.HAL_UART_ErrorCallback
                0x0800923c        0x2 CMakeFiles/template-cpp.elf.dir/Drivers/STM32F4xx_HAL_Driver/Src/stm32f4xx_hal_uart.c.obj
                0x0800923c                HAL_UART_ErrorCallback
 .text.UART_DMAAbortOnError
                0x0800923e       0x10 CMakeFiles/template-cpp.elf.dir/Drivers/STM32F4xx_HAL_Driver/Src/stm32f4xx_hal_uart.c.obj
 .text.HAL_UARTEx_RxEventCallback
                0x0800924e        0x2 CMakeFiles/template-cpp.elf.dir/Drivers/STM32F4xx_HAL_Driver/Src/stm32f4xx_hal_uart.c.obj
                0x0800924e                HAL_UARTEx_RxEventCallback
 .text.UART_Receive_IT
                0x08009250       0xe2 CMakeFiles/template-cpp.elf.dir/Drivers/STM32F4xx_HAL_Driver/Src/stm32f4xx_hal_uart.c.obj
 *fill*         0x08009332        0x2 
 .text.HAL_UART_IRQHandler
                0x08009334      0x280 CMakeFiles/template-cpp.elf.dir/Drivers/STM32F4xx_HAL_Driver/Src/stm32f4xx_hal_uart.c.obj
                0x08009334                HAL_UART_IRQHandler
 .text.UART_Start_Receive_IT
                0x080095b4       0x3a CMakeFiles/template-cpp.elf.dir/Drivers/STM32F4xx_HAL_Driver/Src/stm32f4xx_hal_uart.c.obj
                0x080095b4                UART_Start_Receive_IT
 .text.HAL_UART_Receive_IT
                0x080095ee       0x38 CMakeFiles/template-cpp.elf.dir/Drivers/STM32F4xx_HAL_Driver/Src/stm32f4xx_hal_uart.c.obj
                0x080095ee                HAL_UART_Receive_IT
 *fill*         0x08009626        0x2 
 .text.delay_init
                0x08009628       0x14 CMakeFiles/template-cpp.elf.dir/SYSTEM/delay/delay.c.obj
                0x08009628                delay_init
 .text.delay_us
                0x0800963c       0x3c CMakeFiles/template-cpp.elf.dir/SYSTEM/delay/delay.c.obj
                0x0800963c                delay_us
 .text.delay_ms
                0x08009678       0x18 CMakeFiles/template-cpp.elf.dir/SYSTEM/delay/delay.c.obj
                0x08009678                delay_ms
 .text.Stm32_Clock_Init
                0x08009690       0x80 CMakeFiles/template-cpp.elf.dir/SYSTEM/sys/sys.c.obj
                0x08009690                Stm32_Clock_Init
 .text.USART2_IRQHandler
                0x08009710       0x20 CMakeFiles/template-cpp.elf.dir/SYSTEM/usart/Usart.c.obj
                0x08009710                USART2_IRQHandler
 .text.HAL_UART_RxCpltCallback
                0x08009730       0x54 CMakeFiles/template-cpp.elf.dir/SYSTEM/usart/Usart.c.obj
                0x08009730                HAL_UART_RxCpltCallback
 .text.Init_Usart2
                0x08009784       0x2c CMakeFiles/template-cpp.elf.dir/SYSTEM/usart/Usart.c.obj
                0x08009784                Init_Usart2
 .text.Usart2_Enable_Recv
                0x080097b0       0x18 CMakeFiles/template-cpp.elf.dir/SYSTEM/usart/Usart.c.obj
                0x080097b0                Usart2_Enable_Recv
 .text.Usart2_Send
                0x080097c8       0x18 CMakeFiles/template-cpp.elf.dir/SYSTEM/usart/Usart.c.obj
                0x080097c8                Usart2_Send
 .text.HAL_MspInit
                0x080097e0       0x68 CMakeFiles/template-cpp.elf.dir/SYSTEM/usart/Usart.c.obj
                0x080097e0                HAL_MspInit
 .text._ZN3Key8Key_InitEv
                0x08009848       0x90 CMakeFiles/template-cpp.elf.dir/User/key.cpp.obj
                0x08009848                Key::Key_Init()
 .text._ZN3KeyC2Ev
                0x080098d8        0xc CMakeFiles/template-cpp.elf.dir/User/key.cpp.obj
                0x080098d8                Key::Key()
                0x080098d8                Key::Key()
 .text._ZN3KeyD2Ev
                0x080098e4        0x2 CMakeFiles/template-cpp.elf.dir/User/key.cpp.obj
                0x080098e4                Key::~Key()
                0x080098e4                Key::~Key()
 *fill*         0x080098e6        0x2 
 .text._ZN3LedD2Ev
                0x080098e8        0xc CMakeFiles/template-cpp.elf.dir/User/led.cpp.obj
                0x080098e8                Led::~Led()
                0x080098e8                Led::~Led()
 .text._ZN3LedD0Ev
                0x080098f4       0x14 CMakeFiles/template-cpp.elf.dir/User/led.cpp.obj
                0x080098f4                Led::~Led()
 .text._ZN3Led8Led_InitEv
                0x08009908       0x54 CMakeFiles/template-cpp.elf.dir/User/led.cpp.obj
                0x08009908                Led::Led_Init()
 .text._ZN3LedC2Ev
                0x0800995c       0x14 CMakeFiles/template-cpp.elf.dir/User/led.cpp.obj
                0x0800995c                Led::Led()
                0x0800995c                Led::Led()
 .text.main     0x08009970       0x78 CMakeFiles/template-cpp.elf.dir/User/main.cpp.obj
                0x08009970                main
 .text._ZNK10__cxxabiv117__class_type_info11__do_upcastEPKS0_PPv
                0x080099e8       0x34 c:/tools/arm-gnu-toolchain/bin/../lib/gcc/arm-none-eabi/10.3.1/../../../../arm-none-eabi/lib/thumb/v7e-m/nofp\libstdc++.a(class_type_info.o)
                0x080099e8                __cxxabiv1::__class_type_info::__do_upcast(__cxxabiv1::__class_type_info const*, void**) const
 .text._ZNK10__cxxabiv117__class_type_info20__do_find_public_srcEiPKvPKS0_S2_
                0x08009a1c        0xc c:/tools/arm-gnu-toolchain/bin/../lib/gcc/arm-none-eabi/10.3.1/../../../../arm-none-eabi/lib/thumb/v7e-m/nofp\libstdc++.a(class_type_info.o)
                0x08009a1c                __cxxabiv1::__class_type_info::__do_find_public_src(int, void const*, __cxxabiv1::__class_type_info const*, void const*) const
 .text._ZN10__cxxabiv117__class_type_infoD2Ev
                0x08009a28       0x14 c:/tools/arm-gnu-toolchain/bin/../lib/gcc/arm-none-eabi/10.3.1/../../../../arm-none-eabi/lib/thumb/v7e-m/nofp\libstdc++.a(class_type_info.o)
                0x08009a28                __cxxabiv1::__class_type_info::~__class_type_info()
                0x08009a28                __cxxabiv1::__class_type_info::~__class_type_info()
 .text._ZN10__cxxabiv117__class_type_infoD0Ev
                0x08009a3c       0x1c c:/tools/arm-gnu-toolchain/bin/../lib/gcc/arm-none-eabi/10.3.1/../../../../arm-none-eabi/lib/thumb/v7e-m/nofp\libstdc++.a(class_type_info.o)
                0x08009a3c                __cxxabiv1::__class_type_info::~__class_type_info()
 .text._ZNK10__cxxabiv117__class_type_info12__do_dyncastEiNS0_10__sub_kindEPKS0_PKvS3_S5_RNS0_16__dyncast_resultE
                0x08009a58       0x44 c:/tools/arm-gnu-toolchain/bin/../lib/gcc/arm-none-eabi/10.3.1/../../../../arm-none-eabi/lib/thumb/v7e-m/nofp\libstdc++.a(class_type_info.o)
                0x08009a58                __cxxabiv1::__class_type_info::__do_dyncast(int, __cxxabiv1::__class_type_info::__sub_kind, __cxxabiv1::__class_type_info const*, void const*, __cxxabiv1::__class_type_info const*, void const*, __cxxabiv1::__class_type_info::__dyncast_result&) const
 .text._ZNK10__cxxabiv117__class_type_info11__do_upcastEPKS0_PKvRNS0_15__upcast_resultE
                0x08009a9c       0x1c c:/tools/arm-gnu-toolchain/bin/../lib/gcc/arm-none-eabi/10.3.1/../../../../arm-none-eabi/lib/thumb/v7e-m/nofp\libstdc++.a(class_type_info.o)
                0x08009a9c                __cxxabiv1::__class_type_info::__do_upcast(__cxxabiv1::__class_type_info const*, void const*, __cxxabiv1::__class_type_info::__upcast_result&) const
 .text._ZNK10__cxxabiv117__class_type_info10__do_catchEPKSt9type_infoPPvj
                0x08009ab8       0x2c c:/tools/arm-gnu-toolchain/bin/../lib/gcc/arm-none-eabi/10.3.1/../../../../arm-none-eabi/lib/thumb/v7e-m/nofp\libstdc++.a(class_type_info.o)
                0x08009ab8                __cxxabiv1::__class_type_info::__do_catch(std::type_info const*, void**, unsigned int) const
 .text._ZdlPvj  0x08009ae4        0x4 c:/tools/arm-gnu-toolchain/bin/../lib/gcc/arm-none-eabi/10.3.1/../../../../arm-none-eabi/lib/thumb/v7e-m/nofp\libstdc++.a(del_ops.o)
                0x08009ae4                operator delete(void*, unsigned int)
 .text.__cxa_end_cleanup
                0x08009ae8        0xc c:/tools/arm-gnu-toolchain/bin/../lib/gcc/arm-none-eabi/10.3.1/../../../../arm-none-eabi/lib/thumb/v7e-m/nofp\libstdc++.a(eh_arm.o)
                0x08009ae8                __cxa_end_cleanup
 .text.__cxa_type_match
                0x08009af4       0xb4 c:/tools/arm-gnu-toolchain/bin/../lib/gcc/arm-none-eabi/10.3.1/../../../../arm-none-eabi/lib/thumb/v7e-m/nofp\libstdc++.a(eh_arm.o)
                0x08009af4                __cxa_type_match
 .text.__cxa_begin_cleanup
                0x08009ba8       0x64 c:/tools/arm-gnu-toolchain/bin/../lib/gcc/arm-none-eabi/10.3.1/../../../../arm-none-eabi/lib/thumb/v7e-m/nofp\libstdc++.a(eh_arm.o)
                0x08009ba8                __cxa_begin_cleanup
 .text.__gnu_end_cleanup
                0x08009c0c       0x70 c:/tools/arm-gnu-toolchain/bin/../lib/gcc/arm-none-eabi/10.3.1/../../../../arm-none-eabi/lib/thumb/v7e-m/nofp\libstdc++.a(eh_arm.o)
                0x08009c0c                __gnu_end_cleanup
 .text._ZNSt13bad_exceptionD2Ev
                0x08009c7c        0x4 c:/tools/arm-gnu-toolchain/bin/../lib/gcc/arm-none-eabi/10.3.1/../../../../arm-none-eabi/lib/thumb/v7e-m/nofp\libstdc++.a(eh_exception.o)
                0x08009c7c                std::bad_exception::~bad_exception()
                0x08009c7c                std::bad_exception::~bad_exception()
 .text._ZNKSt13bad_exception4whatEv
                0x08009c80        0x8 c:/tools/arm-gnu-toolchain/bin/../lib/gcc/arm-none-eabi/10.3.1/../../../../arm-none-eabi/lib/thumb/v7e-m/nofp\libstdc++.a(eh_exception.o)
                0x08009c80                std::bad_exception::what() const
                0x08009c80                transaction clone for std::bad_exception::what() const
 .text._ZNSt13bad_exceptionD0Ev
                0x08009c88       0x10 c:/tools/arm-gnu-toolchain/bin/../lib/gcc/arm-none-eabi/10.3.1/../../../../arm-none-eabi/lib/thumb/v7e-m/nofp\libstdc++.a(eh_exception.o)
                0x08009c88                std::bad_exception::~bad_exception()
 .text.__cxa_get_globals_fast
                0x08009c98        0x8 c:/tools/arm-gnu-toolchain/bin/../lib/gcc/arm-none-eabi/10.3.1/../../../../arm-none-eabi/lib/thumb/v7e-m/nofp\libstdc++.a(eh_globals.o)
                0x08009c98                __cxa_get_globals_fast
 .text.__cxa_get_globals
                0x08009ca0        0x8 c:/tools/arm-gnu-toolchain/bin/../lib/gcc/arm-none-eabi/10.3.1/../../../../arm-none-eabi/lib/thumb/v7e-m/nofp\libstdc++.a(eh_globals.o)
                0x08009ca0                __cxa_get_globals
 .text._ZL28read_encoded_value_with_basehjPKhPj
                0x08009ca8       0xc0 c:/tools/arm-gnu-toolchain/bin/../lib/gcc/arm-none-eabi/10.3.1/../../../../arm-none-eabi/lib/thumb/v7e-m/nofp\libstdc++.a(eh_personality.o)
 .text._ZL21base_of_encoded_valuehP15_Unwind_Context
                0x08009d68       0x48 c:/tools/arm-gnu-toolchain/bin/../lib/gcc/arm-none-eabi/10.3.1/../../../../arm-none-eabi/lib/thumb/v7e-m/nofp\libstdc++.a(eh_personality.o)
 .text._ZL17parse_lsda_headerP15_Unwind_ContextPKhP16lsda_header_info
                0x08009db0       0x94 c:/tools/arm-gnu-toolchain/bin/../lib/gcc/arm-none-eabi/10.3.1/../../../../arm-none-eabi/lib/thumb/v7e-m/nofp\libstdc++.a(eh_personality.o)
 .text.__gxx_personality_v0
                0x08009e44      0x4a8 c:/tools/arm-gnu-toolchain/bin/../lib/gcc/arm-none-eabi/10.3.1/../../../../arm-none-eabi/lib/thumb/v7e-m/nofp\libstdc++.a(eh_personality.o)
                0x08009e44                __gxx_personality_v0
 .text._ZN10__cxxabiv111__terminateEPFvvE
                0x0800a2ec       0x28 c:/tools/arm-gnu-toolchain/bin/../lib/gcc/arm-none-eabi/10.3.1/../../../../arm-none-eabi/lib/thumb/v7e-m/nofp\libstdc++.a(eh_terminate.o)
                0x0800a2ec                __cxxabiv1::__terminate(void (*)())
 .text._ZSt9terminatev
                0x0800a314       0x14 c:/tools/arm-gnu-toolchain/bin/../lib/gcc/arm-none-eabi/10.3.1/../../../../arm-none-eabi/lib/thumb/v7e-m/nofp\libstdc++.a(eh_terminate.o)
                0x0800a314                std::terminate()
 .text._ZN10__cxxabiv112__unexpectedEPFvvE
                0x0800a328        0x8 c:/tools/arm-gnu-toolchain/bin/../lib/gcc/arm-none-eabi/10.3.1/../../../../arm-none-eabi/lib/thumb/v7e-m/nofp\libstdc++.a(eh_terminate.o)
                0x0800a328                __cxxabiv1::__unexpected(void (*)())
 .text._ZSt10unexpectedv
                0x0800a330       0x14 c:/tools/arm-gnu-toolchain/bin/../lib/gcc/arm-none-eabi/10.3.1/../../../../arm-none-eabi/lib/thumb/v7e-m/nofp\libstdc++.a(eh_terminate.o)
                0x0800a330                std::unexpected()
 .text._ZSt13get_terminatev
                0x0800a344       0x10 c:/tools/arm-gnu-toolchain/bin/../lib/gcc/arm-none-eabi/10.3.1/../../../../arm-none-eabi/lib/thumb/v7e-m/nofp\libstdc++.a(eh_terminate.o)
                0x0800a344                std::get_terminate()
 .text._ZSt14get_unexpectedv
                0x0800a354       0x10 c:/tools/arm-gnu-toolchain/bin/../lib/gcc/arm-none-eabi/10.3.1/../../../../arm-none-eabi/lib/thumb/v7e-m/nofp\libstdc++.a(eh_terminate.o)
                0x0800a354                std::get_unexpected()
 .text._ZN10__cxxabiv120__si_class_type_infoD2Ev
                0x0800a364       0x14 c:/tools/arm-gnu-toolchain/bin/../lib/gcc/arm-none-eabi/10.3.1/../../../../arm-none-eabi/lib/thumb/v7e-m/nofp\libstdc++.a(si_class_type_info.o)
                0x0800a364                __cxxabiv1::__si_class_type_info::~__si_class_type_info()
                0x0800a364                __cxxabiv1::__si_class_type_info::~__si_class_type_info()
 .text._ZN10__cxxabiv120__si_class_type_infoD0Ev
                0x0800a378       0x1c c:/tools/arm-gnu-toolchain/bin/../lib/gcc/arm-none-eabi/10.3.1/../../../../arm-none-eabi/lib/thumb/v7e-m/nofp\libstdc++.a(si_class_type_info.o)
                0x0800a378                __cxxabiv1::__si_class_type_info::~__si_class_type_info()
 .text._ZNK10__cxxabiv120__si_class_type_info20__do_find_public_srcEiPKvPKNS_17__class_type_infoES2_
                0x0800a394       0x3c c:/tools/arm-gnu-toolchain/bin/../lib/gcc/arm-none-eabi/10.3.1/../../../../arm-none-eabi/lib/thumb/v7e-m/nofp\libstdc++.a(si_class_type_info.o)
                0x0800a394                __cxxabiv1::__si_class_type_info::__do_find_public_src(int, void const*, __cxxabiv1::__class_type_info const*, void const*) const
 .text._ZNK10__cxxabiv120__si_class_type_info12__do_dyncastEiNS_17__class_type_info10__sub_kindEPKS1_PKvS4_S6_RNS1_16__dyncast_resultE
                0x0800a3d0       0x84 c:/tools/arm-gnu-toolchain/bin/../lib/gcc/arm-none-eabi/10.3.1/../../../../arm-none-eabi/lib/thumb/v7e-m/nofp\libstdc++.a(si_class_type_info.o)
                0x0800a3d0                __cxxabiv1::__si_class_type_info::__do_dyncast(int, __cxxabiv1::__class_type_info::__sub_kind, __cxxabiv1::__class_type_info const*, void const*, __cxxabiv1::__class_type_info const*, void const*, __cxxabiv1::__class_type_info::__dyncast_result&) const
 .text._ZNK10__cxxabiv120__si_class_type_info11__do_upcastEPKNS_17__class_type_infoEPKvRNS1_15__upcast_resultE
                0x0800a454       0x2c c:/tools/arm-gnu-toolchain/bin/../lib/gcc/arm-none-eabi/10.3.1/../../../../arm-none-eabi/lib/thumb/v7e-m/nofp\libstdc++.a(si_class_type_info.o)
                0x0800a454                __cxxabiv1::__si_class_type_info::__do_upcast(__cxxabiv1::__class_type_info const*, void const*, __cxxabiv1::__class_type_info::__upcast_result&) const
 .text._ZNSt9type_infoD2Ev
                0x0800a480        0x4 c:/tools/arm-gnu-toolchain/bin/../lib/gcc/arm-none-eabi/10.3.1/../../../../arm-none-eabi/lib/thumb/v7e-m/nofp\libstdc++.a(tinfo.o)
                0x0800a480                std::type_info::~type_info()
                0x0800a480                std::type_info::~type_info()
 .text._ZNKSt9type_info14__is_pointer_pEv
                0x0800a484        0x4 c:/tools/arm-gnu-toolchain/bin/../lib/gcc/arm-none-eabi/10.3.1/../../../../arm-none-eabi/lib/thumb/v7e-m/nofp\libstdc++.a(tinfo.o)
                0x0800a484                std::type_info::__is_pointer_p() const
                0x0800a484                std::type_info::__is_function_p() const
 .text._ZNKSt9type_infoeqERKS_
                0x0800a488       0x2c c:/tools/arm-gnu-toolchain/bin/../lib/gcc/arm-none-eabi/10.3.1/../../../../arm-none-eabi/lib/thumb/v7e-m/nofp\libstdc++.a(tinfo.o)
                0x0800a488                std::type_info::operator==(std::type_info const&) const
 .text._ZN9__gnu_cxx27__verbose_terminate_handlerEv
                0x0800a4b4      0x10c c:/tools/arm-gnu-toolchain/bin/../lib/gcc/arm-none-eabi/10.3.1/../../../../arm-none-eabi/lib/thumb/v7e-m/nofp\libstdc++.a(vterminate.o)
                0x0800a4b4                __gnu_cxx::__verbose_terminate_handler()
 .text._ZdlPv   0x0800a5c0        0x4 c:/tools/arm-gnu-toolchain/bin/../lib/gcc/arm-none-eabi/10.3.1/../../../../arm-none-eabi/lib/thumb/v7e-m/nofp\libstdc++.a(del_op.o)
                0x0800a5c0                operator delete(void*)
 .text._ZN10__cxxabiv1L24__is_gxx_exception_classEPc
                0x0800a5c4       0x3c c:/tools/arm-gnu-toolchain/bin/../lib/gcc/arm-none-eabi/10.3.1/../../../../arm-none-eabi/lib/thumb/v7e-m/nofp\libstdc++.a(eh_call.o)
 .text.__cxa_call_terminate
                0x0800a600       0x20 c:/tools/arm-gnu-toolchain/bin/../lib/gcc/arm-none-eabi/10.3.1/../../../../arm-none-eabi/lib/thumb/v7e-m/nofp\libstdc++.a(eh_call.o)
                0x0800a600                __cxa_call_terminate
 .text.unlikely.__cxa_call_unexpected
                0x0800a620       0xe4 c:/tools/arm-gnu-toolchain/bin/../lib/gcc/arm-none-eabi/10.3.1/../../../../arm-none-eabi/lib/thumb/v7e-m/nofp\libstdc++.a(eh_call.o)
                0x0800a620                __cxa_call_unexpected
 .text.__cxa_begin_catch
                0x0800a704       0x7c c:/tools/arm-gnu-toolchain/bin/../lib/gcc/arm-none-eabi/10.3.1/../../../../arm-none-eabi/lib/thumb/v7e-m/nofp\libstdc++.a(eh_catch.o)
                0x0800a704                __cxa_begin_catch
 .text.__cxa_end_catch
                0x0800a780       0x8c c:/tools/arm-gnu-toolchain/bin/../lib/gcc/arm-none-eabi/10.3.1/../../../../arm-none-eabi/lib/thumb/v7e-m/nofp\libstdc++.a(eh_catch.o)
                0x0800a780                __cxa_end_catch
 .text._ZL23__gxx_exception_cleanup19_Unwind_Reason_CodeP21_Unwind_Control_Block
                0x0800a80c       0x44 c:/tools/arm-gnu-toolchain/bin/../lib/gcc/arm-none-eabi/10.3.1/../../../../arm-none-eabi/lib/thumb/v7e-m/nofp\libstdc++.a(eh_throw.o)
 .text.__cxa_init_primary_exception
                0x0800a850       0x58 c:/tools/arm-gnu-toolchain/bin/../lib/gcc/arm-none-eabi/10.3.1/../../../../arm-none-eabi/lib/thumb/v7e-m/nofp\libstdc++.a(eh_throw.o)
                0x0800a850                __cxa_init_primary_exception
 .text.__cxa_throw
                0x0800a8a8       0x34 c:/tools/arm-gnu-toolchain/bin/../lib/gcc/arm-none-eabi/10.3.1/../../../../arm-none-eabi/lib/thumb/v7e-m/nofp\libstdc++.a(eh_throw.o)
                0x0800a8a8                __cxa_throw
 .text.__cxa_rethrow
                0x0800a8dc       0x70 c:/tools/arm-gnu-toolchain/bin/../lib/gcc/arm-none-eabi/10.3.1/../../../../arm-none-eabi/lib/thumb/v7e-m/nofp\libstdc++.a(eh_throw.o)
                0x0800a8dc                __cxa_rethrow
 .text.__cxa_current_exception_type
                0x0800a94c       0x1c c:/tools/arm-gnu-toolchain/bin/../lib/gcc/arm-none-eabi/10.3.1/../../../../arm-none-eabi/lib/thumb/v7e-m/nofp\libstdc++.a(eh_type.o)
                0x0800a94c                __cxa_current_exception_type
 .text._ZN12_GLOBAL__N_14pool4freeEPv.constprop.0
                0x0800a968       0x88 c:/tools/arm-gnu-toolchain/bin/../lib/gcc/arm-none-eabi/10.3.1/../../../../arm-none-eabi/lib/thumb/v7e-m/nofp\libstdc++.a(eh_alloc.o)
 .text._ZN12_GLOBAL__N_14pool8allocateEj.constprop.0
                0x0800a9f0       0x5c c:/tools/arm-gnu-toolchain/bin/../lib/gcc/arm-none-eabi/10.3.1/../../../../arm-none-eabi/lib/thumb/v7e-m/nofp\libstdc++.a(eh_alloc.o)
 .text.__cxa_allocate_exception
                0x0800aa4c       0x30 c:/tools/arm-gnu-toolchain/bin/../lib/gcc/arm-none-eabi/10.3.1/../../../../arm-none-eabi/lib/thumb/v7e-m/nofp\libstdc++.a(eh_alloc.o)
                0x0800aa4c                __cxa_allocate_exception
 .text.__cxa_free_exception
                0x0800aa7c       0x20 c:/tools/arm-gnu-toolchain/bin/../lib/gcc/arm-none-eabi/10.3.1/../../../../arm-none-eabi/lib/thumb/v7e-m/nofp\libstdc++.a(eh_alloc.o)
                0x0800aa7c                __cxa_free_exception
 .text.startup._GLOBAL__sub_I__ZN9__gnu_cxx9__freeresEv
                0x0800aa9c       0x28 c:/tools/arm-gnu-toolchain/bin/../lib/gcc/arm-none-eabi/10.3.1/../../../../arm-none-eabi/lib/thumb/v7e-m/nofp\libstdc++.a(eh_alloc.o)
 .text.unlikely
                0x0800aac4        0xc c:/tools/arm-gnu-toolchain/bin/../lib/gcc/arm-none-eabi/10.3.1/thumb/v7e-m/nofp\libgcc.a(pr-support.o)
                0x0800aac4                _Unwind_GetDataRelBase
                0x0800aaca                _Unwind_GetTextRelBase
 .text.abort    0x0800aad0       0x10 c:/tools/arm-gnu-toolchain/bin/../lib/gcc/arm-none-eabi/10.3.1/../../../../arm-none-eabi/lib/thumb/v7e-m/nofp\libg.a(lib_a-abort.o)
                0x0800aad0                abort
 .text.__errno  0x0800aae0        0xc c:/tools/arm-gnu-toolchain/bin/../lib/gcc/arm-none-eabi/10.3.1/../../../../arm-none-eabi/lib/thumb/v7e-m/nofp\libg.a(lib_a-errno.o)
                0x0800aae0                __errno
 .text.fputc    0x0800aaec       0x58 c:/tools/arm-gnu-toolchain/bin/../lib/gcc/arm-none-eabi/10.3.1/../../../../arm-none-eabi/lib/thumb/v7e-m/nofp\libg.a(lib_a-fputc.o)
                0x0800aaec                fputc
 .text._fputs_r
                0x0800ab44       0x88 c:/tools/arm-gnu-toolchain/bin/../lib/gcc/arm-none-eabi/10.3.1/../../../../arm-none-eabi/lib/thumb/v7e-m/nofp\libg.a(lib_a-fputs.o)
                0x0800ab44                _fputs_r
 .text.fputs    0x0800abcc       0x18 c:/tools/arm-gnu-toolchain/bin/../lib/gcc/arm-none-eabi/10.3.1/../../../../arm-none-eabi/lib/thumb/v7e-m/nofp\libg.a(lib_a-fputs.o)
                0x0800abcc                fputs
 .text.__sfvwrite_r
                0x0800abe4      0x2e8 c:/tools/arm-gnu-toolchain/bin/../lib/gcc/arm-none-eabi/10.3.1/../../../../arm-none-eabi/lib/thumb/v7e-m/nofp\libg.a(lib_a-fvwrite.o)
                0x0800abe4                __sfvwrite_r
 .text._fwrite_r
                0x0800aecc       0xa8 c:/tools/arm-gnu-toolchain/bin/../lib/gcc/arm-none-eabi/10.3.1/../../../../arm-none-eabi/lib/thumb/v7e-m/nofp\libg.a(lib_a-fwrite.o)
                0x0800aecc                _fwrite_r
 .text.fwrite   0x0800af74       0x20 c:/tools/arm-gnu-toolchain/bin/../lib/gcc/arm-none-eabi/10.3.1/../../../../arm-none-eabi/lib/thumb/v7e-m/nofp\libg.a(lib_a-fwrite.o)
                0x0800af74                fwrite
 .text.__libc_init_array
                0x0800af94       0x48 c:/tools/arm-gnu-toolchain/bin/../lib/gcc/arm-none-eabi/10.3.1/../../../../arm-none-eabi/lib/thumb/v7e-m/nofp\libg.a(lib_a-init.o)
                0x0800af94                __libc_init_array
 .text.__retarget_lock_init_recursive
                0x0800afdc        0x4 c:/tools/arm-gnu-toolchain/bin/../lib/gcc/arm-none-eabi/10.3.1/../../../../arm-none-eabi/lib/thumb/v7e-m/nofp\libg.a(lib_a-lock.o)
                0x0800afdc                __retarget_lock_init_recursive
 .text.__retarget_lock_close_recursive
                0x0800afe0        0x4 c:/tools/arm-gnu-toolchain/bin/../lib/gcc/arm-none-eabi/10.3.1/../../../../arm-none-eabi/lib/thumb/v7e-m/nofp\libg.a(lib_a-lock.o)
                0x0800afe0                __retarget_lock_close_recursive
 .text.__retarget_lock_acquire_recursive
                0x0800afe4        0x4 c:/tools/arm-gnu-toolchain/bin/../lib/gcc/arm-none-eabi/10.3.1/../../../../arm-none-eabi/lib/thumb/v7e-m/nofp\libg.a(lib_a-lock.o)
                0x0800afe4                __retarget_lock_acquire_recursive
 .text.__retarget_lock_release_recursive
                0x0800afe8        0x4 c:/tools/arm-gnu-toolchain/bin/../lib/gcc/arm-none-eabi/10.3.1/../../../../arm-none-eabi/lib/thumb/v7e-m/nofp\libg.a(lib_a-lock.o)
                0x0800afe8                __retarget_lock_release_recursive
 .text.malloc   0x0800afec       0x10 c:/tools/arm-gnu-toolchain/bin/../lib/gcc/arm-none-eabi/10.3.1/../../../../arm-none-eabi/lib/thumb/v7e-m/nofp\libg.a(lib_a-malloc.o)
                0x0800afec                malloc
 .text.free     0x0800affc       0x10 c:/tools/arm-gnu-toolchain/bin/../lib/gcc/arm-none-eabi/10.3.1/../../../../arm-none-eabi/lib/thumb/v7e-m/nofp\libg.a(lib_a-malloc.o)
                0x0800affc                free
 .text._malloc_r
                0x0800b00c      0x560 c:/tools/arm-gnu-toolchain/bin/../lib/gcc/arm-none-eabi/10.3.1/../../../../arm-none-eabi/lib/thumb/v7e-m/nofp\libg.a(lib_a-mallocr.o)
                0x0800b00c                _malloc_r
 .text.memcmp   0x0800b56c       0x68 c:/tools/arm-gnu-toolchain/bin/../lib/gcc/arm-none-eabi/10.3.1/../../../../arm-none-eabi/lib/thumb/v7e-m/nofp\libg.a(lib_a-memcmp.o)
                0x0800b56c                memcmp
 .text.memmove  0x0800b5d4       0xf8 c:/tools/arm-gnu-toolchain/bin/../lib/gcc/arm-none-eabi/10.3.1/../../../../arm-none-eabi/lib/thumb/v7e-m/nofp\libg.a(lib_a-memmove.o)
                0x0800b5d4                memmove
 .text.memset   0x0800b6cc       0xa4 c:/tools/arm-gnu-toolchain/bin/../lib/gcc/arm-none-eabi/10.3.1/../../../../arm-none-eabi/lib/thumb/v7e-m/nofp\libg.a(lib_a-memset.o)
                0x0800b6cc                memset
 .text.__malloc_lock
                0x0800b770        0xc c:/tools/arm-gnu-toolchain/bin/../lib/gcc/arm-none-eabi/10.3.1/../../../../arm-none-eabi/lib/thumb/v7e-m/nofp\libg.a(lib_a-mlock.o)
                0x0800b770                __malloc_lock
 .text.__malloc_unlock
                0x0800b77c        0xc c:/tools/arm-gnu-toolchain/bin/../lib/gcc/arm-none-eabi/10.3.1/../../../../arm-none-eabi/lib/thumb/v7e-m/nofp\libg.a(lib_a-mlock.o)
                0x0800b77c                __malloc_unlock
 .text._putc_r  0x0800b788       0x74 c:/tools/arm-gnu-toolchain/bin/../lib/gcc/arm-none-eabi/10.3.1/../../../../arm-none-eabi/lib/thumb/v7e-m/nofp\libg.a(lib_a-putc.o)
                0x0800b788                _putc_r
 .text.realloc  0x0800b7fc       0x18 c:/tools/arm-gnu-toolchain/bin/../lib/gcc/arm-none-eabi/10.3.1/../../../../arm-none-eabi/lib/thumb/v7e-m/nofp\libg.a(lib_a-realloc.o)
                0x0800b7fc                realloc
 .text._realloc_r
                0x0800b814      0x3d8 c:/tools/arm-gnu-toolchain/bin/../lib/gcc/arm-none-eabi/10.3.1/../../../../arm-none-eabi/lib/thumb/v7e-m/nofp\libg.a(lib_a-reallocr.o)
                0x0800b814                _realloc_r
 .text._sbrk_r  0x0800bbec       0x24 c:/tools/arm-gnu-toolchain/bin/../lib/gcc/arm-none-eabi/10.3.1/../../../../arm-none-eabi/lib/thumb/v7e-m/nofp\libg.a(lib_a-sbrkr.o)
                0x0800bbec                _sbrk_r
 .text.raise    0x0800bc10       0x5c c:/tools/arm-gnu-toolchain/bin/../lib/gcc/arm-none-eabi/10.3.1/../../../../arm-none-eabi/lib/thumb/v7e-m/nofp\libg.a(lib_a-signal.o)
                0x0800bc10                raise
 .text._kill_r  0x0800bc6c       0x2c c:/tools/arm-gnu-toolchain/bin/../lib/gcc/arm-none-eabi/10.3.1/../../../../arm-none-eabi/lib/thumb/v7e-m/nofp\libg.a(lib_a-signalr.o)
                0x0800bc6c                _kill_r
 .text._getpid_r
                0x0800bc98        0x4 c:/tools/arm-gnu-toolchain/bin/../lib/gcc/arm-none-eabi/10.3.1/../../../../arm-none-eabi/lib/thumb/v7e-m/nofp\libg.a(lib_a-signalr.o)
                0x0800bc98                _getpid_r
 .text.sprintf  0x0800bc9c       0x40 c:/tools/arm-gnu-toolchain/bin/../lib/gcc/arm-none-eabi/10.3.1/../../../../arm-none-eabi/lib/thumb/v7e-m/nofp\libg.a(lib_a-sprintf.o)
                0x0800bc9c                sprintf
 .text.strncmp  0x0800bcdc       0x80 c:/tools/arm-gnu-toolchain/bin/../lib/gcc/arm-none-eabi/10.3.1/../../../../arm-none-eabi/lib/thumb/v7e-m/nofp\libg.a(lib_a-strncmp.o)
                0x0800bcdc                strncmp
 .text._svfprintf_r
                0x0800bd5c     0x1a3c c:/tools/arm-gnu-toolchain/bin/../lib/gcc/arm-none-eabi/10.3.1/../../../../arm-none-eabi/lib/thumb/v7e-m/nofp\libg.a(lib_a-svfprintf.o)
                0x0800bd5c                _svfprintf_r
 .text.__swbuf_r
                0x0800d798       0xb0 c:/tools/arm-gnu-toolchain/bin/../lib/gcc/arm-none-eabi/10.3.1/../../../../arm-none-eabi/lib/thumb/v7e-m/nofp\libg.a(lib_a-wbuf.o)
                0x0800d798                __swbuf_r
 .text._write_r
                0x0800d848       0x2c c:/tools/arm-gnu-toolchain/bin/../lib/gcc/arm-none-eabi/10.3.1/../../../../arm-none-eabi/lib/thumb/v7e-m/nofp\libg.a(lib_a-writer.o)
                0x0800d848                _write_r
 .text.__swsetup_r
                0x0800d874       0xd4 c:/tools/arm-gnu-toolchain/bin/../lib/gcc/arm-none-eabi/10.3.1/../../../../arm-none-eabi/lib/thumb/v7e-m/nofp\libg.a(lib_a-wsetup.o)
                0x0800d874                __swsetup_r
 .text.startup.register_fini
                0x0800d948       0x14 c:/tools/arm-gnu-toolchain/bin/../lib/gcc/arm-none-eabi/10.3.1/../../../../arm-none-eabi/lib/thumb/v7e-m/nofp\libg.a(lib_a-__call_atexit.o)
 .text.atexit   0x0800d95c        0xc c:/tools/arm-gnu-toolchain/bin/../lib/gcc/arm-none-eabi/10.3.1/../../../../arm-none-eabi/lib/thumb/v7e-m/nofp\libg.a(lib_a-atexit.o)
                0x0800d95c                atexit
 .text.quorem   0x0800d968      0x124 c:/tools/arm-gnu-toolchain/bin/../lib/gcc/arm-none-eabi/10.3.1/../../../../arm-none-eabi/lib/thumb/v7e-m/nofp\libg.a(lib_a-dtoa.o)
 *fill*         0x0800da8c        0x4 
 .text._dtoa_r  0x0800da90      0xec4 c:/tools/arm-gnu-toolchain/bin/../lib/gcc/arm-none-eabi/10.3.1/../../../../arm-none-eabi/lib/thumb/v7e-m/nofp\libg.a(lib_a-dtoa.o)
                0x0800da90                _dtoa_r
 .text.__sflush_r
                0x0800e954      0x120 c:/tools/arm-gnu-toolchain/bin/../lib/gcc/arm-none-eabi/10.3.1/../../../../arm-none-eabi/lib/thumb/v7e-m/nofp\libg.a(lib_a-fflush.o)
                0x0800e954                __sflush_r
 .text._fflush_r
                0x0800ea74       0x5c c:/tools/arm-gnu-toolchain/bin/../lib/gcc/arm-none-eabi/10.3.1/../../../../arm-none-eabi/lib/thumb/v7e-m/nofp\libg.a(lib_a-fflush.o)
                0x0800ea74                _fflush_r
 .text._cleanup_r
                0x0800ead0        0xc c:/tools/arm-gnu-toolchain/bin/../lib/gcc/arm-none-eabi/10.3.1/../../../../arm-none-eabi/lib/thumb/v7e-m/nofp\libg.a(lib_a-findfp.o)
                0x0800ead0                _cleanup_r
 .text.__sinit  0x0800eadc      0x10c c:/tools/arm-gnu-toolchain/bin/../lib/gcc/arm-none-eabi/10.3.1/../../../../arm-none-eabi/lib/thumb/v7e-m/nofp\libg.a(lib_a-findfp.o)
                0x0800eadc                __sinit
 .text.__sfp_lock_acquire
                0x0800ebe8        0xc c:/tools/arm-gnu-toolchain/bin/../lib/gcc/arm-none-eabi/10.3.1/../../../../arm-none-eabi/lib/thumb/v7e-m/nofp\libg.a(lib_a-findfp.o)
                0x0800ebe8                __sfp_lock_acquire
 .text.__sfp_lock_release
                0x0800ebf4        0xc c:/tools/arm-gnu-toolchain/bin/../lib/gcc/arm-none-eabi/10.3.1/../../../../arm-none-eabi/lib/thumb/v7e-m/nofp\libg.a(lib_a-findfp.o)
                0x0800ebf4                __sfp_lock_release
 .text.__libc_fini_array
                0x0800ec00       0x2c c:/tools/arm-gnu-toolchain/bin/../lib/gcc/arm-none-eabi/10.3.1/../../../../arm-none-eabi/lib/thumb/v7e-m/nofp\libg.a(lib_a-fini.o)
                0x0800ec00                __libc_fini_array
 .text._malloc_trim_r
                0x0800ec2c       0xa0 c:/tools/arm-gnu-toolchain/bin/../lib/gcc/arm-none-eabi/10.3.1/../../../../arm-none-eabi/lib/thumb/v7e-m/nofp\libg.a(lib_a-freer.o)
                0x0800ec2c                _malloc_trim_r
 .text._free_r  0x0800eccc      0x20c c:/tools/arm-gnu-toolchain/bin/../lib/gcc/arm-none-eabi/10.3.1/../../../../arm-none-eabi/lib/thumb/v7e-m/nofp\libg.a(lib_a-freer.o)
                0x0800eccc                _free_r
 .text._fwalk_reent
                0x0800eed8       0x48 c:/tools/arm-gnu-toolchain/bin/../lib/gcc/arm-none-eabi/10.3.1/../../../../arm-none-eabi/lib/thumb/v7e-m/nofp\libg.a(lib_a-fwalk.o)
                0x0800eed8                _fwalk_reent
 .text._localeconv_r
                0x0800ef20        0x8 c:/tools/arm-gnu-toolchain/bin/../lib/gcc/arm-none-eabi/10.3.1/../../../../arm-none-eabi/lib/thumb/v7e-m/nofp\libg.a(lib_a-localeconv.o)
                0x0800ef20                _localeconv_r
 .text.__smakebuf_r
                0x0800ef28       0xe0 c:/tools/arm-gnu-toolchain/bin/../lib/gcc/arm-none-eabi/10.3.1/../../../../arm-none-eabi/lib/thumb/v7e-m/nofp\libg.a(lib_a-makebuf.o)
                0x0800ef28                __smakebuf_r
 .text._Balloc  0x0800f008       0x4c c:/tools/arm-gnu-toolchain/bin/../lib/gcc/arm-none-eabi/10.3.1/../../../../arm-none-eabi/lib/thumb/v7e-m/nofp\libg.a(lib_a-mprec.o)
                0x0800f008                _Balloc
 .text._Bfree   0x0800f054       0x14 c:/tools/arm-gnu-toolchain/bin/../lib/gcc/arm-none-eabi/10.3.1/../../../../arm-none-eabi/lib/thumb/v7e-m/nofp\libg.a(lib_a-mprec.o)
                0x0800f054                _Bfree
 .text.__multadd
                0x0800f068       0xa0 c:/tools/arm-gnu-toolchain/bin/../lib/gcc/arm-none-eabi/10.3.1/../../../../arm-none-eabi/lib/thumb/v7e-m/nofp\libg.a(lib_a-mprec.o)
                0x0800f068                __multadd
 .text.__hi0bits
                0x0800f108       0x40 c:/tools/arm-gnu-toolchain/bin/../lib/gcc/arm-none-eabi/10.3.1/../../../../arm-none-eabi/lib/thumb/v7e-m/nofp\libg.a(lib_a-mprec.o)
                0x0800f108                __hi0bits
 .text.__lo0bits
                0x0800f148       0x5c c:/tools/arm-gnu-toolchain/bin/../lib/gcc/arm-none-eabi/10.3.1/../../../../arm-none-eabi/lib/thumb/v7e-m/nofp\libg.a(lib_a-mprec.o)
                0x0800f148                __lo0bits
 .text.__i2b    0x0800f1a4       0x5c c:/tools/arm-gnu-toolchain/bin/../lib/gcc/arm-none-eabi/10.3.1/../../../../arm-none-eabi/lib/thumb/v7e-m/nofp\libg.a(lib_a-mprec.o)
                0x0800f1a4                __i2b
 .text.__multiply
                0x0800f200      0x15c c:/tools/arm-gnu-toolchain/bin/../lib/gcc/arm-none-eabi/10.3.1/../../../../arm-none-eabi/lib/thumb/v7e-m/nofp\libg.a(lib_a-mprec.o)
                0x0800f200                __multiply
 .text.__pow5mult
                0x0800f35c       0xc0 c:/tools/arm-gnu-toolchain/bin/../lib/gcc/arm-none-eabi/10.3.1/../../../../arm-none-eabi/lib/thumb/v7e-m/nofp\libg.a(lib_a-mprec.o)
                0x0800f35c                __pow5mult
 .text.__lshift
                0x0800f41c       0xf0 c:/tools/arm-gnu-toolchain/bin/../lib/gcc/arm-none-eabi/10.3.1/../../../../arm-none-eabi/lib/thumb/v7e-m/nofp\libg.a(lib_a-mprec.o)
                0x0800f41c                __lshift
 .text.__mcmp   0x0800f50c       0x40 c:/tools/arm-gnu-toolchain/bin/../lib/gcc/arm-none-eabi/10.3.1/../../../../arm-none-eabi/lib/thumb/v7e-m/nofp\libg.a(lib_a-mprec.o)
                0x0800f50c                __mcmp
 .text.__mdiff  0x0800f54c      0x14c c:/tools/arm-gnu-toolchain/bin/../lib/gcc/arm-none-eabi/10.3.1/../../../../arm-none-eabi/lib/thumb/v7e-m/nofp\libg.a(lib_a-mprec.o)
                0x0800f54c                __mdiff
 .text.__d2b    0x0800f698       0xc4 c:/tools/arm-gnu-toolchain/bin/../lib/gcc/arm-none-eabi/10.3.1/../../../../arm-none-eabi/lib/thumb/v7e-m/nofp\libg.a(lib_a-mprec.o)
                0x0800f698                __d2b
 .text.frexp    0x0800f75c       0x70 c:/tools/arm-gnu-toolchain/bin/../lib/gcc/arm-none-eabi/10.3.1/../../../../arm-none-eabi/lib/thumb/v7e-m/nofp\libg.a(lib_a-s_frexp.o)
                0x0800f75c                frexp
 .text.__sread  0x0800f7cc       0x24 c:/tools/arm-gnu-toolchain/bin/../lib/gcc/arm-none-eabi/10.3.1/../../../../arm-none-eabi/lib/thumb/v7e-m/nofp\libg.a(lib_a-stdio.o)
                0x0800f7cc                __sread
 .text.__swrite
                0x0800f7f0       0x40 c:/tools/arm-gnu-toolchain/bin/../lib/gcc/arm-none-eabi/10.3.1/../../../../arm-none-eabi/lib/thumb/v7e-m/nofp\libg.a(lib_a-stdio.o)
                0x0800f7f0                __swrite
 .text.__sseek  0x0800f830       0x20 c:/tools/arm-gnu-toolchain/bin/../lib/gcc/arm-none-eabi/10.3.1/../../../../arm-none-eabi/lib/thumb/v7e-m/nofp\libg.a(lib_a-stdio.o)
                0x0800f830                __sseek
 .text.__sclose
                0x0800f850        0x8 c:/tools/arm-gnu-toolchain/bin/../lib/gcc/arm-none-eabi/10.3.1/../../../../arm-none-eabi/lib/thumb/v7e-m/nofp\libg.a(lib_a-stdio.o)
                0x0800f850                __sclose
 .text.strncpy  0x0800f858       0x64 c:/tools/arm-gnu-toolchain/bin/../lib/gcc/arm-none-eabi/10.3.1/../../../../arm-none-eabi/lib/thumb/v7e-m/nofp\libg.a(lib_a-strncpy.o)
                0x0800f858                strncpy
 .text.__ssprint_r
                0x0800f8bc       0xf8 c:/tools/arm-gnu-toolchain/bin/../lib/gcc/arm-none-eabi/10.3.1/../../../../arm-none-eabi/lib/thumb/v7e-m/nofp\libg.a(lib_a-svfiprintf.o)
                0x0800f8bc                __ssprint_r
 .text.__register_exitproc
                0x0800f9b4       0x8c c:/tools/arm-gnu-toolchain/bin/../lib/gcc/arm-none-eabi/10.3.1/../../../../arm-none-eabi/lib/thumb/v7e-m/nofp\libg.a(lib_a-__atexit.o)
                0x0800f9b4                __register_exitproc
 .text.__assert_func
                0x0800fa40       0x40 c:/tools/arm-gnu-toolchain/bin/../lib/gcc/arm-none-eabi/10.3.1/../../../../arm-none-eabi/lib/thumb/v7e-m/nofp\libg.a(lib_a-assert.o)
                0x0800fa40                __assert_func
 .text._calloc_r
                0x0800fa80       0x78 c:/tools/arm-gnu-toolchain/bin/../lib/gcc/arm-none-eabi/10.3.1/../../../../arm-none-eabi/lib/thumb/v7e-m/nofp\libg.a(lib_a-callocr.o)
                0x0800fa80                _calloc_r
 .text._close_r
                0x0800faf8       0x24 c:/tools/arm-gnu-toolchain/bin/../lib/gcc/arm-none-eabi/10.3.1/../../../../arm-none-eabi/lib/thumb/v7e-m/nofp\libg.a(lib_a-closer.o)
                0x0800faf8                _close_r
 .text._fclose_r
                0x0800fb1c       0xcc c:/tools/arm-gnu-toolchain/bin/../lib/gcc/arm-none-eabi/10.3.1/../../../../arm-none-eabi/lib/thumb/v7e-m/nofp\libg.a(lib_a-fclose.o)
                0x0800fb1c                _fclose_r
 .text.fiprintf
                0x0800fbe8       0x28 c:/tools/arm-gnu-toolchain/bin/../lib/gcc/arm-none-eabi/10.3.1/../../../../arm-none-eabi/lib/thumb/v7e-m/nofp\libg.a(lib_a-fiprintf.o)
                0x0800fbe8                fiprintf
 .text._fstat_r
                0x0800fc10       0x2c c:/tools/arm-gnu-toolchain/bin/../lib/gcc/arm-none-eabi/10.3.1/../../../../arm-none-eabi/lib/thumb/v7e-m/nofp\libg.a(lib_a-fstatr.o)
                0x0800fc10                _fstat_r
 .text._isatty_r
                0x0800fc3c       0x24 c:/tools/arm-gnu-toolchain/bin/../lib/gcc/arm-none-eabi/10.3.1/../../../../arm-none-eabi/lib/thumb/v7e-m/nofp\libg.a(lib_a-isattyr.o)
                0x0800fc3c                _isatty_r
 .text.__locale_mb_cur_max
                0x0800fc60        0xc c:/tools/arm-gnu-toolchain/bin/../lib/gcc/arm-none-eabi/10.3.1/../../../../arm-none-eabi/lib/thumb/v7e-m/nofp\libg.a(lib_a-locale.o)
                0x0800fc60                __locale_mb_cur_max
 .text._lseek_r
                0x0800fc6c       0x2c c:/tools/arm-gnu-toolchain/bin/../lib/gcc/arm-none-eabi/10.3.1/../../../../arm-none-eabi/lib/thumb/v7e-m/nofp\libg.a(lib_a-lseekr.o)
                0x0800fc6c                _lseek_r
 .text.__ascii_mbtowc
                0x0800fc98       0x2c c:/tools/arm-gnu-toolchain/bin/../lib/gcc/arm-none-eabi/10.3.1/../../../../arm-none-eabi/lib/thumb/v7e-m/nofp\libg.a(lib_a-mbtowc_r.o)
                0x0800fc98                __ascii_mbtowc
 .text._read_r  0x0800fcc4       0x2c c:/tools/arm-gnu-toolchain/bin/../lib/gcc/arm-none-eabi/10.3.1/../../../../arm-none-eabi/lib/thumb/v7e-m/nofp\libg.a(lib_a-readr.o)
                0x0800fcc4                _read_r
 .text.__sprint_r.part.0
                0x0800fcf0       0x78 c:/tools/arm-gnu-toolchain/bin/../lib/gcc/arm-none-eabi/10.3.1/../../../../arm-none-eabi/lib/thumb/v7e-m/nofp\libg.a(lib_a-vfiprintf.o)
 .text._vfiprintf_r
                0x0800fd68      0xda0 c:/tools/arm-gnu-toolchain/bin/../lib/gcc/arm-none-eabi/10.3.1/../../../../arm-none-eabi/lib/thumb/v7e-m/nofp\libg.a(lib_a-vfiprintf.o)
                0x0800fd68                _vfiprintf_r
 .text.__sbprintf
                0x08010b08       0x80 c:/tools/arm-gnu-toolchain/bin/../lib/gcc/arm-none-eabi/10.3.1/../../../../arm-none-eabi/lib/thumb/v7e-m/nofp\libg.a(lib_a-vfiprintf.o)
 .text.__ascii_wctomb
                0x08010b88       0x1c c:/tools/arm-gnu-toolchain/bin/../lib/gcc/arm-none-eabi/10.3.1/../../../../arm-none-eabi/lib/thumb/v7e-m/nofp\libg.a(lib_a-wctomb_r.o)
                0x08010b88                __ascii_wctomb
 .text.__fputwc
                0x08010ba4       0xa8 c:/tools/arm-gnu-toolchain/bin/../lib/gcc/arm-none-eabi/10.3.1/../../../../arm-none-eabi/lib/thumb/v7e-m/nofp\libg.a(lib_a-fputwc.o)
                0x08010ba4                __fputwc
 .text._fputwc_r
                0x08010c4c       0x68 c:/tools/arm-gnu-toolchain/bin/../lib/gcc/arm-none-eabi/10.3.1/../../../../arm-none-eabi/lib/thumb/v7e-m/nofp\libg.a(lib_a-fputwc.o)
                0x08010c4c                _fputwc_r
 .text._wcrtomb_r
                0x08010cb4       0x3c c:/tools/arm-gnu-toolchain/bin/../lib/gcc/arm-none-eabi/10.3.1/../../../../arm-none-eabi/lib/thumb/v7e-m/nofp\libg.a(lib_a-wcrtomb.o)
                0x08010cb4                _wcrtomb_r
 *(.glue_7)
 .glue_7        0x08010cf0        0x0 linker stubs
 *(.glue_7t)
 .glue_7t       0x08010cf0        0x0 linker stubs
 *(.eh_frame)
 .eh_frame      0x08010cf0        0x0 c:/tools/arm-gnu-toolchain/bin/../lib/gcc/arm-none-eabi/10.3.1/thumb/v7e-m/nofp/crtbegin.o
 *(.init)
 .init          0x08010cf0        0x4 c:/tools/arm-gnu-toolchain/bin/../lib/gcc/arm-none-eabi/10.3.1/thumb/v7e-m/nofp/crti.o
                0x08010cf0                _init
 .init          0x08010cf4        0x8 c:/tools/arm-gnu-toolchain/bin/../lib/gcc/arm-none-eabi/10.3.1/thumb/v7e-m/nofp/crtn.o
 *(.fini)
 .fini          0x08010cfc        0x4 c:/tools/arm-gnu-toolchain/bin/../lib/gcc/arm-none-eabi/10.3.1/thumb/v7e-m/nofp/crti.o
                0x08010cfc                _fini
 .fini          0x08010d00        0x8 c:/tools/arm-gnu-toolchain/bin/../lib/gcc/arm-none-eabi/10.3.1/thumb/v7e-m/nofp/crtn.o
                0x08010d08                . = ALIGN (0x4)
                0x08010d08                _etext = .

.vfp11_veneer   0x08010d08        0x0
 .vfp11_veneer  0x08010d08        0x0 linker stubs

.v4_bx          0x08010d08        0x0
 .v4_bx         0x08010d08        0x0 linker stubs

.iplt           0x08010d08        0x0
 .iplt          0x08010d08        0x0 c:/tools/arm-gnu-toolchain/bin/../lib/gcc/arm-none-eabi/10.3.1/thumb/v7e-m/nofp/crtbegin.o

.rodata         0x08010d08     0x16cc
                0x08010d08                . = ALIGN (0x4)
 *(.rodata)
 .rodata        0x08010d08       0x14 CMakeFiles/template-cpp.elf.dir/User/main.cpp.obj
 .rodata        0x08010d1c      0x7cc c:/tools/arm-gnu-toolchain/bin/../lib/gcc/arm-none-eabi/10.3.1/../../../../arm-none-eabi/lib/thumb/v7e-m/nofp\libstdc++.a(cp-demangle.o)
 *(.rodata*)
 .rodata.AHBPrescTable
                0x080114e8       0x10 CMakeFiles/template-cpp.elf.dir/Core/Src/system_stm32f4xx.c.obj
                0x080114e8                AHBPrescTable
 .rodata.APBPrescTable
                0x080114f8        0x8 CMakeFiles/template-cpp.elf.dir/Core/Src/system_stm32f4xx.c.obj
                0x080114f8                APBPrescTable
 .rodata._ZTI3Led
                0x08011500        0x8 CMakeFiles/template-cpp.elf.dir/User/led.cpp.obj
                0x08011500                typeinfo for Led
 .rodata._ZTS3Led
                0x08011508        0x5 CMakeFiles/template-cpp.elf.dir/User/led.cpp.obj
                0x08011508                typeinfo name for Led
 *fill*         0x0801150d        0x3 
 .rodata._ZTV3Led
                0x08011510       0x10 CMakeFiles/template-cpp.elf.dir/User/led.cpp.obj
                0x08011510                vtable for Led
 .rodata._ZTIN10__cxxabiv117__class_type_infoE
                0x08011520        0xc c:/tools/arm-gnu-toolchain/bin/../lib/gcc/arm-none-eabi/10.3.1/../../../../arm-none-eabi/lib/thumb/v7e-m/nofp\libstdc++.a(class_type_info.o)
                0x08011520                typeinfo for __cxxabiv1::__class_type_info
 .rodata._ZTSN10__cxxabiv117__class_type_infoE
                0x0801152c       0x22 c:/tools/arm-gnu-toolchain/bin/../lib/gcc/arm-none-eabi/10.3.1/../../../../arm-none-eabi/lib/thumb/v7e-m/nofp\libstdc++.a(class_type_info.o)
                0x0801152c                typeinfo name for __cxxabiv1::__class_type_info
 *fill*         0x0801154e        0x2 
 .rodata._ZTVN10__cxxabiv117__class_type_infoE
                0x08011550       0x2c c:/tools/arm-gnu-toolchain/bin/../lib/gcc/arm-none-eabi/10.3.1/../../../../arm-none-eabi/lib/thumb/v7e-m/nofp\libstdc++.a(class_type_info.o)
                0x08011550                vtable for __cxxabiv1::__class_type_info
 .rodata._ZNKSt13bad_exception4whatEv.str1.4
                0x0801157c       0x13 c:/tools/arm-gnu-toolchain/bin/../lib/gcc/arm-none-eabi/10.3.1/../../../../arm-none-eabi/lib/thumb/v7e-m/nofp\libstdc++.a(eh_exception.o)
 *fill*         0x0801158f        0x1 
 .rodata._ZTIN10__cxxabiv115__forced_unwindE
                0x08011590        0x8 c:/tools/arm-gnu-toolchain/bin/../lib/gcc/arm-none-eabi/10.3.1/../../../../arm-none-eabi/lib/thumb/v7e-m/nofp\libstdc++.a(eh_exception.o)
                0x08011590                typeinfo for __cxxabiv1::__forced_unwind
 .rodata._ZTIN10__cxxabiv119__foreign_exceptionE
                0x08011598        0x8 c:/tools/arm-gnu-toolchain/bin/../lib/gcc/arm-none-eabi/10.3.1/../../../../arm-none-eabi/lib/thumb/v7e-m/nofp\libstdc++.a(eh_exception.o)
                0x08011598                typeinfo for __cxxabiv1::__foreign_exception
 .rodata._ZTISt13bad_exception
                0x080115a0        0xc c:/tools/arm-gnu-toolchain/bin/../lib/gcc/arm-none-eabi/10.3.1/../../../../arm-none-eabi/lib/thumb/v7e-m/nofp\libstdc++.a(eh_exception.o)
                0x080115a0                typeinfo for std::bad_exception
 .rodata._ZTISt9exception
                0x080115ac        0x8 c:/tools/arm-gnu-toolchain/bin/../lib/gcc/arm-none-eabi/10.3.1/../../../../arm-none-eabi/lib/thumb/v7e-m/nofp\libstdc++.a(eh_exception.o)
                0x080115ac                typeinfo for std::exception
 .rodata._ZTSN10__cxxabiv115__forced_unwindE
                0x080115b4       0x20 c:/tools/arm-gnu-toolchain/bin/../lib/gcc/arm-none-eabi/10.3.1/../../../../arm-none-eabi/lib/thumb/v7e-m/nofp\libstdc++.a(eh_exception.o)
                0x080115b4                typeinfo name for __cxxabiv1::__forced_unwind
 .rodata._ZTSN10__cxxabiv119__foreign_exceptionE
                0x080115d4       0x24 c:/tools/arm-gnu-toolchain/bin/../lib/gcc/arm-none-eabi/10.3.1/../../../../arm-none-eabi/lib/thumb/v7e-m/nofp\libstdc++.a(eh_exception.o)
                0x080115d4                typeinfo name for __cxxabiv1::__foreign_exception
 .rodata._ZTSSt13bad_exception
                0x080115f8       0x12 c:/tools/arm-gnu-toolchain/bin/../lib/gcc/arm-none-eabi/10.3.1/../../../../arm-none-eabi/lib/thumb/v7e-m/nofp\libstdc++.a(eh_exception.o)
                0x080115f8                typeinfo name for std::bad_exception
 *fill*         0x0801160a        0x2 
 .rodata._ZTSSt9exception
                0x0801160c        0xd c:/tools/arm-gnu-toolchain/bin/../lib/gcc/arm-none-eabi/10.3.1/../../../../arm-none-eabi/lib/thumb/v7e-m/nofp\libstdc++.a(eh_exception.o)
                0x0801160c                typeinfo name for std::exception
 *fill*         0x08011619        0x3 
 .rodata._ZTVSt13bad_exception
                0x0801161c       0x14 c:/tools/arm-gnu-toolchain/bin/../lib/gcc/arm-none-eabi/10.3.1/../../../../arm-none-eabi/lib/thumb/v7e-m/nofp\libstdc++.a(eh_exception.o)
                0x0801161c                vtable for std::bad_exception
 .rodata._ZTIN10__cxxabiv120__si_class_type_infoE
                0x08011630        0xc c:/tools/arm-gnu-toolchain/bin/../lib/gcc/arm-none-eabi/10.3.1/../../../../arm-none-eabi/lib/thumb/v7e-m/nofp\libstdc++.a(si_class_type_info.o)
                0x08011630                typeinfo for __cxxabiv1::__si_class_type_info
 .rodata._ZTSN10__cxxabiv120__si_class_type_infoE
                0x0801163c       0x25 c:/tools/arm-gnu-toolchain/bin/../lib/gcc/arm-none-eabi/10.3.1/../../../../arm-none-eabi/lib/thumb/v7e-m/nofp\libstdc++.a(si_class_type_info.o)
                0x0801163c                typeinfo name for __cxxabiv1::__si_class_type_info
 *fill*         0x08011661        0x3 
 .rodata._ZTVN10__cxxabiv120__si_class_type_infoE
                0x08011664       0x2c c:/tools/arm-gnu-toolchain/bin/../lib/gcc/arm-none-eabi/10.3.1/../../../../arm-none-eabi/lib/thumb/v7e-m/nofp\libstdc++.a(si_class_type_info.o)
                0x08011664                vtable for __cxxabiv1::__si_class_type_info
 .rodata._ZTISt9type_info
                0x08011690        0x8 c:/tools/arm-gnu-toolchain/bin/../lib/gcc/arm-none-eabi/10.3.1/../../../../arm-none-eabi/lib/thumb/v7e-m/nofp\libstdc++.a(tinfo.o)
                0x08011690                typeinfo for std::type_info
 .rodata._ZTSSt9type_info
                0x08011698        0xd c:/tools/arm-gnu-toolchain/bin/../lib/gcc/arm-none-eabi/10.3.1/../../../../arm-none-eabi/lib/thumb/v7e-m/nofp\libstdc++.a(tinfo.o)
                0x08011698                typeinfo name for std::type_info
 *fill*         0x080116a5        0x3 
 .rodata._ZN9__gnu_cxx27__verbose_terminate_handlerEv.str1.4
                0x080116a8       0x94 c:/tools/arm-gnu-toolchain/bin/../lib/gcc/arm-none-eabi/10.3.1/../../../../arm-none-eabi/lib/thumb/v7e-m/nofp\libstdc++.a(vterminate.o)
 .rodata.str1.4
                0x0801173c      0x899 c:/tools/arm-gnu-toolchain/bin/../lib/gcc/arm-none-eabi/10.3.1/../../../../arm-none-eabi/lib/thumb/v7e-m/nofp\libstdc++.a(cp-demangle.o)
                                0x8e9 (size before relaxing)
 *fill*         0x08011fd5        0x3 
 .rodata._global_impure_ptr
                0x08011fd8        0x4 c:/tools/arm-gnu-toolchain/bin/../lib/gcc/arm-none-eabi/10.3.1/../../../../arm-none-eabi/lib/thumb/v7e-m/nofp\libg.a(lib_a-impure.o)
                0x08011fd8                _global_impure_ptr
 .rodata._svfprintf_r.str1.4
                0x08011fdc       0x42 c:/tools/arm-gnu-toolchain/bin/../lib/gcc/arm-none-eabi/10.3.1/../../../../arm-none-eabi/lib/thumb/v7e-m/nofp\libg.a(lib_a-svfprintf.o)
 *fill*         0x0801201e        0x2 
 .rodata.blanks.1
                0x08012020       0x10 c:/tools/arm-gnu-toolchain/bin/../lib/gcc/arm-none-eabi/10.3.1/../../../../arm-none-eabi/lib/thumb/v7e-m/nofp\libg.a(lib_a-svfprintf.o)
 .rodata.zeroes.0
                0x08012030       0x10 c:/tools/arm-gnu-toolchain/bin/../lib/gcc/arm-none-eabi/10.3.1/../../../../arm-none-eabi/lib/thumb/v7e-m/nofp\libg.a(lib_a-svfprintf.o)
 .rodata._dtoa_r.str1.4
                0x08012040       0xa2 c:/tools/arm-gnu-toolchain/bin/../lib/gcc/arm-none-eabi/10.3.1/../../../../arm-none-eabi/lib/thumb/v7e-m/nofp\libg.a(lib_a-dtoa.o)
                                 0xa6 (size before relaxing)
 *fill*         0x080120e2        0x2 
 .rodata.__multadd.str1.4
                0x080120e4       0x7f c:/tools/arm-gnu-toolchain/bin/../lib/gcc/arm-none-eabi/10.3.1/../../../../arm-none-eabi/lib/thumb/v7e-m/nofp\libg.a(lib_a-mprec.o)
                                 0x93 (size before relaxing)
 *fill*         0x08012163        0x5 
 .rodata.__mprec_bigtens
                0x08012168       0x28 c:/tools/arm-gnu-toolchain/bin/../lib/gcc/arm-none-eabi/10.3.1/../../../../arm-none-eabi/lib/thumb/v7e-m/nofp\libg.a(lib_a-mprec.o)
                0x08012168                __mprec_bigtens
 .rodata.__mprec_tens
                0x08012190       0xc8 c:/tools/arm-gnu-toolchain/bin/../lib/gcc/arm-none-eabi/10.3.1/../../../../arm-none-eabi/lib/thumb/v7e-m/nofp\libg.a(lib_a-mprec.o)
                0x08012190                __mprec_tens
 .rodata.p05.0  0x08012258        0xc c:/tools/arm-gnu-toolchain/bin/../lib/gcc/arm-none-eabi/10.3.1/../../../../arm-none-eabi/lib/thumb/v7e-m/nofp\libg.a(lib_a-mprec.o)
 .rodata.__assert_func.str1.4
                0x08012264       0x3f c:/tools/arm-gnu-toolchain/bin/../lib/gcc/arm-none-eabi/10.3.1/../../../../arm-none-eabi/lib/thumb/v7e-m/nofp\libg.a(lib_a-assert.o)
                                 0x43 (size before relaxing)
 *fill*         0x080122a3        0x1 
 .rodata._setlocale_r.str1.4
                0x080122a4        0xa c:/tools/arm-gnu-toolchain/bin/../lib/gcc/arm-none-eabi/10.3.1/../../../../arm-none-eabi/lib/thumb/v7e-m/nofp\libg.a(lib_a-locale.o)
                                  0xd (size before relaxing)
 .rodata.str1.4
                0x080122ae        0x2 c:/tools/arm-gnu-toolchain/bin/../lib/gcc/arm-none-eabi/10.3.1/../../../../arm-none-eabi/lib/thumb/v7e-m/nofp\libg.a(lib_a-locale.o)
 .rodata._vfiprintf_r.str1.4
                0x080122ae       0x2f c:/tools/arm-gnu-toolchain/bin/../lib/gcc/arm-none-eabi/10.3.1/../../../../arm-none-eabi/lib/thumb/v7e-m/nofp\libg.a(lib_a-vfiprintf.o)
 *fill*         0x080122ae        0x2 
 .rodata.blanks.1
                0x080122b0       0x10 c:/tools/arm-gnu-toolchain/bin/../lib/gcc/arm-none-eabi/10.3.1/../../../../arm-none-eabi/lib/thumb/v7e-m/nofp\libg.a(lib_a-vfiprintf.o)
 .rodata.zeroes.0
                0x080122c0       0x10 c:/tools/arm-gnu-toolchain/bin/../lib/gcc/arm-none-eabi/10.3.1/../../../../arm-none-eabi/lib/thumb/v7e-m/nofp\libg.a(lib_a-vfiprintf.o)
 .rodata._ctype_
                0x080122d0      0x101 c:/tools/arm-gnu-toolchain/bin/../lib/gcc/arm-none-eabi/10.3.1/../../../../arm-none-eabi/lib/thumb/v7e-m/nofp\libg.a(lib_a-ctype_.o)
                0x080122d0                _ctype_
                0x080123d4                . = ALIGN (0x4)
 *fill*         0x080123d1        0x3 

.ARM.extab      0x080123d4      0x10c
                0x080123d4                . = ALIGN (0x4)
 *(.ARM.extab* .gnu.linkonce.armextab.*)
 .ARM.extab.text.main
                0x080123d4       0x1c CMakeFiles/template-cpp.elf.dir/User/main.cpp.obj
 .ARM.extab.text._ZL21base_of_encoded_valuehP15_Unwind_Context
                0x080123f0        0xc c:/tools/arm-gnu-toolchain/bin/../lib/gcc/arm-none-eabi/10.3.1/../../../../arm-none-eabi/lib/thumb/v7e-m/nofp\libstdc++.a(eh_personality.o)
 .ARM.extab.text.__gxx_personality_v0
                0x080123fc       0x24 c:/tools/arm-gnu-toolchain/bin/../lib/gcc/arm-none-eabi/10.3.1/../../../../arm-none-eabi/lib/thumb/v7e-m/nofp\libstdc++.a(eh_personality.o)
 .ARM.extab.text._ZN10__cxxabiv111__terminateEPFvvE
                0x08012420       0x2c c:/tools/arm-gnu-toolchain/bin/../lib/gcc/arm-none-eabi/10.3.1/../../../../arm-none-eabi/lib/thumb/v7e-m/nofp\libstdc++.a(eh_terminate.o)
 .ARM.extab.text._ZN10__cxxabiv112__unexpectedEPFvvE
                0x0801244c        0xc c:/tools/arm-gnu-toolchain/bin/../lib/gcc/arm-none-eabi/10.3.1/../../../../arm-none-eabi/lib/thumb/v7e-m/nofp\libstdc++.a(eh_terminate.o)
 .ARM.extab.text._ZSt10unexpectedv
                0x08012458        0xc c:/tools/arm-gnu-toolchain/bin/../lib/gcc/arm-none-eabi/10.3.1/../../../../arm-none-eabi/lib/thumb/v7e-m/nofp\libstdc++.a(eh_terminate.o)
 .ARM.extab.text._ZN9__gnu_cxx27__verbose_terminate_handlerEv
                0x08012464       0x34 c:/tools/arm-gnu-toolchain/bin/../lib/gcc/arm-none-eabi/10.3.1/../../../../arm-none-eabi/lib/thumb/v7e-m/nofp\libstdc++.a(vterminate.o)
 .ARM.extab.text.unlikely.__cxa_call_unexpected
                0x08012498       0x24 c:/tools/arm-gnu-toolchain/bin/../lib/gcc/arm-none-eabi/10.3.1/../../../../arm-none-eabi/lib/thumb/v7e-m/nofp\libstdc++.a(eh_call.o)
 .ARM.extab.text.__cxa_begin_catch
                0x080124bc        0xc c:/tools/arm-gnu-toolchain/bin/../lib/gcc/arm-none-eabi/10.3.1/../../../../arm-none-eabi/lib/thumb/v7e-m/nofp\libstdc++.a(eh_catch.o)
 .ARM.extab     0x080124c8       0x18 c:/tools/arm-gnu-toolchain/bin/../lib/gcc/arm-none-eabi/10.3.1/thumb/v7e-m/nofp\libgcc.a(pr-support.o)
                0x080124e0                . = ALIGN (0x4)

.ARM            0x080124e0      0x1b0
                0x080124e0                . = ALIGN (0x4)
                0x080124e0                __exidx_start = .
 *(.ARM.exidx*)
 .ARM.exidx.text._ZN3Key8Key_InitEv
                0x08012598        0x8 CMakeFiles/template-cpp.elf.dir/User/key.cpp.obj
 .ARM.exidx.text._ZN3KeyC2Ev
                0x080125a0        0x8 CMakeFiles/template-cpp.elf.dir/User/key.cpp.obj
 .ARM.exidx.text._ZN3KeyD2Ev
                0x080125a8        0x8 CMakeFiles/template-cpp.elf.dir/User/key.cpp.obj
 .ARM.exidx.text._ZN3LedD2Ev
                0x080125b0        0x0 CMakeFiles/template-cpp.elf.dir/User/led.cpp.obj
                                  0x8 (size before relaxing)
 .ARM.exidx.text._ZN3LedD0Ev
                0x080125b0        0x0 CMakeFiles/template-cpp.elf.dir/User/led.cpp.obj
                                  0x8 (size before relaxing)
 .ARM.exidx.text._ZN3Led8Led_InitEv
                0x080125b0        0x8 CMakeFiles/template-cpp.elf.dir/User/led.cpp.obj
 .ARM.exidx.text._ZN3LedC2Ev
                0x080125b8        0x8 CMakeFiles/template-cpp.elf.dir/User/led.cpp.obj
 .ARM.exidx.text.main
                0x080125c0        0x8 CMakeFiles/template-cpp.elf.dir/User/main.cpp.obj
 .ARM.exidx.text._ZNK10__cxxabiv117__class_type_info11__do_upcastEPKS0_PPv
                0x080125c8        0x8 c:/tools/arm-gnu-toolchain/bin/../lib/gcc/arm-none-eabi/10.3.1/../../../../arm-none-eabi/lib/thumb/v7e-m/nofp\libstdc++.a(class_type_info.o)
 .ARM.exidx.text._ZNK10__cxxabiv117__class_type_info20__do_find_public_srcEiPKvPKS0_S2_
                0x080125d0        0x8 c:/tools/arm-gnu-toolchain/bin/../lib/gcc/arm-none-eabi/10.3.1/../../../../arm-none-eabi/lib/thumb/v7e-m/nofp\libstdc++.a(class_type_info.o)
 .ARM.exidx.text._ZN10__cxxabiv117__class_type_infoD2Ev
                0x080125d8        0x0 c:/tools/arm-gnu-toolchain/bin/../lib/gcc/arm-none-eabi/10.3.1/../../../../arm-none-eabi/lib/thumb/v7e-m/nofp\libstdc++.a(class_type_info.o)
                                  0x8 (size before relaxing)
 .ARM.exidx.text._ZN10__cxxabiv117__class_type_infoD0Ev
                0x080125d8        0x0 c:/tools/arm-gnu-toolchain/bin/../lib/gcc/arm-none-eabi/10.3.1/../../../../arm-none-eabi/lib/thumb/v7e-m/nofp\libstdc++.a(class_type_info.o)
                                  0x8 (size before relaxing)
 .ARM.exidx.text._ZNK10__cxxabiv117__class_type_info12__do_dyncastEiNS0_10__sub_kindEPKS0_PKvS3_S5_RNS0_16__dyncast_resultE
                0x080125d8        0x0 c:/tools/arm-gnu-toolchain/bin/../lib/gcc/arm-none-eabi/10.3.1/../../../../arm-none-eabi/lib/thumb/v7e-m/nofp\libstdc++.a(class_type_info.o)
                                  0x8 (size before relaxing)
 .ARM.exidx.text._ZNK10__cxxabiv117__class_type_info11__do_upcastEPKS0_PKvRNS0_15__upcast_resultE
                0x080125d8        0x0 c:/tools/arm-gnu-toolchain/bin/../lib/gcc/arm-none-eabi/10.3.1/../../../../arm-none-eabi/lib/thumb/v7e-m/nofp\libstdc++.a(class_type_info.o)
                                  0x8 (size before relaxing)
 .ARM.exidx.text._ZNK10__cxxabiv117__class_type_info10__do_catchEPKSt9type_infoPPvj
                0x080125d8        0x0 c:/tools/arm-gnu-toolchain/bin/../lib/gcc/arm-none-eabi/10.3.1/../../../../arm-none-eabi/lib/thumb/v7e-m/nofp\libstdc++.a(class_type_info.o)
                                  0x8 (size before relaxing)
 .ARM.exidx.text._ZdlPvj
                0x080125d8        0x0 c:/tools/arm-gnu-toolchain/bin/../lib/gcc/arm-none-eabi/10.3.1/../../../../arm-none-eabi/lib/thumb/v7e-m/nofp\libstdc++.a(del_ops.o)
                                  0x8 (size before relaxing)
 .ARM.exidx.text.__cxa_type_match