Archive member included to satisfy reference by file (symbol)

c:/tools/arm-gnu-toolchain/bin/../lib/gcc/arm-none-eabi/10.3.1/thumb/v7e-m/nofp\libgcc.a(_arm_muldf3.o)
                              CMakeFiles/template-cpp.elf.dir/User/SYSTEM/LCD-TEMP/lcd.c.obj (__aeabi_dmul)
c:/tools/arm-gnu-toolchain/bin/../lib/gcc/arm-none-eabi/10.3.1/thumb/v7e-m/nofp\libgcc.a(_arm_addsubdf3.o)
                              CMakeFiles/template-cpp.elf.dir/User/SYSTEM/LCD-TEMP/lcd.c.obj (__aeabi_i2d)
c:/tools/arm-gnu-toolchain/bin/../lib/gcc/arm-none-eabi/10.3.1/thumb/v7e-m/nofp\libgcc.a(_arm_fixunsdfsi.o)
                              CMakeFiles/template-cpp.elf.dir/User/SYSTEM/LCD-TEMP/lcd.c.obj (__aeabi_d2uiz)
c:/tools/arm-gnu-toolchain/bin/../lib/gcc/arm-none-eabi/10.3.1/thumb/v7e-m/nofp\libgcc.a(_aeabi_uldivmod.o)
                              CMakeFiles/template-cpp.elf.dir/Drivers/STM32F4xx_HAL_Driver/Src/stm32f4xx_hal_rcc.c.obj (__aeabi_uldivmod)
c:/tools/arm-gnu-toolchain/bin/../lib/gcc/arm-none-eabi/10.3.1/thumb/v7e-m/nofp\libgcc.a(_udivmoddi4.o)
                              c:/tools/arm-gnu-toolchain/bin/../lib/gcc/arm-none-eabi/10.3.1/thumb/v7e-m/nofp\libgcc.a(_aeabi_uldivmod.o) (__udivmoddi4)
c:/tools/arm-gnu-toolchain/bin/../lib/gcc/arm-none-eabi/10.3.1/thumb/v7e-m/nofp\libgcc.a(unwind-arm.o)
                              CMakeFiles/template-cpp.elf.dir/User/main.cpp.obj (__aeabi_unwind_cpp_pr0)
c:/tools/arm-gnu-toolchain/bin/../lib/gcc/arm-none-eabi/10.3.1/thumb/v7e-m/nofp\libgcc.a(libunwind.o)
                              c:/tools/arm-gnu-toolchain/bin/../lib/gcc/arm-none-eabi/10.3.1/thumb/v7e-m/nofp\libgcc.a(unwind-arm.o) (restore_core_regs)
c:/tools/arm-gnu-toolchain/bin/../lib/gcc/arm-none-eabi/10.3.1/thumb/v7e-m/nofp\libgcc.a(pr-support.o)
                              c:/tools/arm-gnu-toolchain/bin/../lib/gcc/arm-none-eabi/10.3.1/thumb/v7e-m/nofp\libgcc.a(unwind-arm.o) (__gnu_unwind_execute)
c:/tools/arm-gnu-toolchain/bin/../lib/gcc/arm-none-eabi/10.3.1/thumb/v7e-m/nofp\libgcc.a(_dvmd_tls.o)
                              c:/tools/arm-gnu-toolchain/bin/../lib/gcc/arm-none-eabi/10.3.1/thumb/v7e-m/nofp\libgcc.a(_aeabi_uldivmod.o) (__aeabi_ldiv0)
c:/tools/arm-gnu-toolchain/bin/../lib/gcc/arm-none-eabi/10.3.1/../../../../arm-none-eabi/lib/thumb/v7e-m/nofp\libg.a(lib_a-abort.o)
                              c:/tools/arm-gnu-toolchain/bin/../lib/gcc/arm-none-eabi/10.3.1/thumb/v7e-m/nofp\libgcc.a(unwind-arm.o) (abort)
c:/tools/arm-gnu-toolchain/bin/../lib/gcc/arm-none-eabi/10.3.1/../../../../arm-none-eabi/lib/thumb/v7e-m/nofp\libg.a(lib_a-errno.o)
                              CMakeFiles/template-cpp.elf.dir/Core/Src/syscalls.c.obj (__errno)
c:/tools/arm-gnu-toolchain/bin/../lib/gcc/arm-none-eabi/10.3.1/../../../../arm-none-eabi/lib/thumb/v7e-m/nofp\libg.a(lib_a-exit.o)
                              c:/tools/arm-gnu-toolchain/bin/../lib/gcc/arm-none-eabi/10.3.1/../../../../arm-none-eabi/lib/thumb/v7e-m/nofp/crt0.o (exit)
c:/tools/arm-gnu-toolchain/bin/../lib/gcc/arm-none-eabi/10.3.1/../../../../arm-none-eabi/lib/thumb/v7e-m/nofp\libg.a(lib_a-impure.o)
                              c:/tools/arm-gnu-toolchain/bin/../lib/gcc/arm-none-eabi/10.3.1/../../../../arm-none-eabi/lib/thumb/v7e-m/nofp\libg.a(lib_a-exit.o) (_global_impure_ptr)
c:/tools/arm-gnu-toolchain/bin/../lib/gcc/arm-none-eabi/10.3.1/../../../../arm-none-eabi/lib/thumb/v7e-m/nofp\libg.a(lib_a-init.o)
                              c:/tools/arm-gnu-toolchain/bin/../lib/gcc/arm-none-eabi/10.3.1/../../../../arm-none-eabi/lib/thumb/v7e-m/nofp/crt0.o (__libc_init_array)
c:/tools/arm-gnu-toolchain/bin/../lib/gcc/arm-none-eabi/10.3.1/../../../../arm-none-eabi/lib/thumb/v7e-m/nofp\libg.a(lib_a-memcpy.o)
                              c:/tools/arm-gnu-toolchain/bin/../lib/gcc/arm-none-eabi/10.3.1/thumb/v7e-m/nofp\libgcc.a(unwind-arm.o) (memcpy)
c:/tools/arm-gnu-toolchain/bin/../lib/gcc/arm-none-eabi/10.3.1/../../../../arm-none-eabi/lib/thumb/v7e-m/nofp\libg.a(lib_a-memset.o)
                              c:/tools/arm-gnu-toolchain/bin/../lib/gcc/arm-none-eabi/10.3.1/../../../../arm-none-eabi/lib/thumb/v7e-m/nofp/crt0.o (memset)
c:/tools/arm-gnu-toolchain/bin/../lib/gcc/arm-none-eabi/10.3.1/../../../../arm-none-eabi/lib/thumb/v7e-m/nofp\libg.a(lib_a-printf.o)
                              CMakeFiles/template-cpp.elf.dir/User/SYSTEM/LCD-TEMP/lcd.c.obj (printf)
c:/tools/arm-gnu-toolchain/bin/../lib/gcc/arm-none-eabi/10.3.1/../../../../arm-none-eabi/lib/thumb/v7e-m/nofp\libg.a(lib_a-putchar.o)
                              CMakeFiles/template-cpp.elf.dir/User/SYSTEM/USMART/usmart.c.obj (putchar)
c:/tools/arm-gnu-toolchain/bin/../lib/gcc/arm-none-eabi/10.3.1/../../../../arm-none-eabi/lib/thumb/v7e-m/nofp\libg.a(lib_a-puts.o)
                              CMakeFiles/template-cpp.elf.dir/User/SYSTEM/USMART/usmart.c.obj (puts)
c:/tools/arm-gnu-toolchain/bin/../lib/gcc/arm-none-eabi/10.3.1/../../../../arm-none-eabi/lib/thumb/v7e-m/nofp\libg.a(lib_a-setvbuf.o)
[...]
Memory Configuration

Name             Origin             Length             Attributes
CCMRAM           0x10000000         0x00010000         xrw
RAM              0x20000000         0x00030000         xrw
FLASH            0x08000000         0x00100000         xr
*default*        0x00000000         0xffffffff

Linker script and memory map

LOAD c:/tools/arm-gnu-toolchain/bin/../lib/gcc/arm-none-eabi/10.3.1/thumb/v7e-m/nofp/crti.o
LOAD c:/tools/arm-gnu-toolchain/bin/../lib/gcc/arm-none-eabi/10.3.1/thumb/v7e-m/nofp/crtbegin.o
LOAD c:/tools/arm-gnu-toolchain/bin/../lib/gcc/arm-none-eabi/10.3.1/../../../../arm-none-eabi/lib/thumb/v7e-m/nofp/crt0.o
LOAD CMakeFiles/template-cpp.elf.dir/Core/Src/stm32f4xx_it.c.obj
LOAD CMakeFiles/template-cpp.elf.dir/Core/Src/syscalls.c.obj
LOAD CMakeFiles/template-cpp.elf.dir/Core/Src/sysmem.c.obj
LOAD CMakeFiles/template-cpp.elf.dir/Core/Src/system_stm32f4xx.c.obj
LOAD CMakeFiles/template-cpp.elf.dir/Core/Startup/startup_stm32f429igtx.s.obj
LOAD CMakeFiles/template-cpp.elf.dir/Drivers/STM32F4xx_HAL_Driver/Src/Legacy/stm32f4xx_hal_can.c.obj
LOAD CMakeFiles/template-cpp.elf.dir/Drivers/STM32F4xx_HAL_Driver/Src/Legacy/stm32f4xx_hal_eth.c.obj
LOAD CMakeFiles/template-cpp.elf.dir/Drivers/STM32F4xx_HAL_Driver/Src/stm32f4xx_hal.c.obj
LOAD CMakeFiles/template-cpp.elf.dir/Drivers/STM32F4xx_HAL_Driver/Src/stm32f4xx_hal_adc.c.obj
LOAD CMakeFiles/template-cpp.elf.dir/Drivers/STM32F4xx_HAL_Driver/Src/stm32f4xx_hal_adc_ex.c.obj
LOAD CMakeFiles/template-cpp.elf.dir/Drivers/STM32F4xx_HAL_Driver/Src/stm32f4xx_hal_can.c.obj
LOAD CMakeFiles/template-cpp.elf.dir/Drivers/STM32F4xx_HAL_Driver/Src/stm32f4xx_hal_cec.c.obj
LOAD CMakeFiles/template-cpp.elf.dir/Drivers/STM32F4xx_HAL_Driver/Src/stm32f4xx_hal_cortex.c.obj
LOAD CMakeFiles/template-cpp.elf.dir/Drivers/STM32F4xx_HAL_Driver/Src/stm32f4xx_hal_crc.c.obj
LOAD CMakeFiles/template-cpp.elf.dir/Drivers/STM32F4xx_HAL_Driver/Src/stm32f4xx_hal_cryp.c.obj
LOAD CMakeFiles/template-cpp.elf.dir/Drivers/STM32F4xx_HAL_Driver/Src/stm32f4xx_hal_cryp_ex.c.obj
LOAD CMakeFiles/template-cpp.elf.dir/Drivers/STM32F4xx_HAL_Driver/Src/stm32f4xx_hal_dac.c.obj
LOAD CMakeFiles/template-cpp.elf.dir/Drivers/STM32F4xx_HAL_Driver/Src/stm32f4xx_hal_dac_ex.c.obj
LOAD CMakeFiles/template-cpp.elf.dir/Drivers/STM32F4xx_HAL_Driver/Src/stm32f4xx_hal_dcmi.c.obj
LOAD CMakeFiles/template-cpp.elf.dir/Drivers/STM32F4xx_HAL_Driver/Src/stm32f4xx_hal_dcmi_ex.c.obj
LOAD CMakeFiles/template-cpp.elf.dir/Drivers/STM32F4xx_HAL_Driver/Src/stm32f4xx_hal_dfsdm.c.obj
LOAD CMakeFiles/template-cpp.elf.dir/Drivers/STM32F4xx_HAL_Driver/Src/stm32f4xx_hal_dma.c.obj
LOAD CMakeFiles/template-cpp.elf.dir/Drivers/STM32F4xx_HAL_Driver/Src/stm32f4xx_hal_dma2d.c.obj
LOAD CMakeFiles/template-cpp.elf.dir/Drivers/STM32F4xx_HAL_Driver/Src/stm32f4xx_hal_dma_ex.c.obj
LOAD CMakeFiles/template-cpp.elf.dir/Drivers/STM32F4xx_HAL_Driver/Src/stm32f4xx_hal_dsi.c.obj
LOAD CMakeFiles/template-cpp.elf.dir/Drivers/STM32F4xx_HAL_Driver/Src/stm32f4xx_hal_eth.c.obj
LOAD CMakeFiles/template-cpp.elf.dir/Drivers/STM32F4xx_HAL_Driver/Src/stm32f4xx_hal_exti.c.obj
LOAD CMakeFiles/template-cpp.elf.dir/Drivers/STM32F4xx_HAL_Driver/Src/stm32f4xx_hal_flash.c.obj
LOAD CMakeFiles/template-cpp.elf.dir/Drivers/STM32F4xx_HAL_Driver/Src/stm32f4xx_hal_flash_ex.c.obj
LOAD CMakeFiles/template-cpp.elf.dir/Drivers/STM32F4xx_HAL_Driver/Src/stm32f4xx_hal_flash_ramfunc.c.obj
LOAD CMakeFiles/template-cpp.elf.dir/Drivers/STM32F4xx_HAL_Driver/Src/stm32f4xx_hal_fmpi2c.c.obj
LOAD CMakeFiles/template-cpp.elf.dir/Drivers/STM32F4xx_HAL_Driver/Src/stm32f4xx_hal_fmpi2c_ex.c.obj
LOAD CMakeFiles/template-cpp.elf.dir/Drivers/STM32F4xx_HAL_Driver/Src/stm32f4xx_hal_fmpsmbus.c.obj
LOAD CMakeFiles/template-cpp.elf.dir/Drivers/STM32F4xx_HAL_Driver/Src/stm32f4xx_hal_fmpsmbus_ex.c.obj
LOAD CMakeFiles/template-cpp.elf.dir/Drivers/STM32F4xx_HAL_Driver/Src/stm32f4xx_hal_gpio.c.obj
LOAD CMakeFiles/template-cpp.elf.dir/Drivers/STM32F4xx_HAL_Driver/Src/stm32f4xx_hal_hash.c.obj
LOAD CMakeFiles/template-cpp.elf.dir/Drivers/STM32F4xx_HAL_Driver/Src/stm32f4xx_hal_hash_ex.c.obj
LOAD CMakeFiles/template-cpp.elf.dir/Drivers/STM32F4xx_HAL_Driver/Src/stm32f4xx_hal_hcd.c.obj
LOAD CMakeFiles/template-cpp.elf.dir/Drivers/STM32F4xx_HAL_Driver/Src/stm32f4xx_hal_i2c.c.obj
LOAD CMakeFiles/template-cpp.elf.dir/Drivers/STM32F4xx_HAL_Driver/Src/stm32f4xx_hal_i2c_ex.c.obj
LOAD CMakeFiles/template-cpp.elf.dir/Drivers/STM32F4xx_HAL_Driver/Src/stm32f4xx_hal_i2s.c.obj
LOAD CMakeFiles/template-cpp.elf.dir/Drivers/STM32F4xx_HAL_Driver/Src/stm32f4xx_hal_i2s_ex.c.obj
LOAD CMakeFiles/template-cpp.elf.dir/Drivers/STM32F4xx_HAL_Driver/Src/stm32f4xx_hal_irda.c.obj
LOAD CMakeFiles/template-cpp.elf.dir/Drivers/STM32F4xx_HAL_Driver/Src/stm32f4xx_hal_iwdg.c.obj
LOAD CMakeFiles/template-cpp.elf.dir/Drivers/STM32F4xx_HAL_Driver/Src/stm32f4xx_hal_lptim.c.obj
LOAD CMakeFiles/template-cpp.elf.dir/Drivers/STM32F4xx_HAL_Driver/Src/stm32f4xx_hal_ltdc.c.obj
LOAD CMakeFiles/template-cpp.elf.dir/Drivers/STM32F4xx_HAL_Driver/Src/stm32f4xx_hal_ltdc_ex.c.obj
LOAD CMakeFiles/template-cpp.elf.dir/Drivers/STM32F4xx_HAL_Driver/Src/stm32f4xx_hal_mmc.c.obj
LOAD CMakeFiles/template-cpp.elf.dir/Drivers/STM32F4xx_HAL_Driver/Src/stm32f4xx_hal_nand.c.obj
LOAD CMakeFiles/template-cpp.elf.dir/Drivers/STM32F4xx_HAL_Driver/Src/stm32f4xx_hal_nor.c.obj
LOAD CMakeFiles/template-cpp.elf.dir/Drivers/STM32F4xx_HAL_Driver/Src/stm32f4xx_hal_pccard.c.obj
LOAD CMakeFiles/template-cpp.elf.dir/Drivers/STM32F4xx_HAL_Driver/Src/stm32f4xx_hal_pcd.c.obj
LOAD CMakeFiles/template-cpp.elf.dir/Drivers/STM32F4xx_HAL_Driver/Src/stm32f4xx_hal_pcd_ex.c.obj
LOAD CMakeFiles/template-cpp.elf.dir/Drivers/STM32F4xx_HAL_Driver/Src/stm32f4xx_hal_pwr.c.obj
LOAD CMakeFiles/template-cpp.elf.dir/Drivers/STM32F4xx_HAL_Driver/Src/stm32f4xx_hal_pwr_ex.c.obj
LOAD CMakeFiles/template-cpp.elf.dir/Drivers/STM32F4xx_HAL_Driver/Src/stm32f4xx_hal_qspi.c.obj
LOAD CMakeFiles/template-cpp.elf.dir/Drivers/STM32F4xx_HAL_Driver/Src/stm32f4xx_hal_rcc.c.obj
LOAD CMakeFiles/template-cpp.elf.dir/Drivers/STM32F4xx_HAL_Driver/Src/stm32f4xx_hal_rcc_ex.c.obj
LOAD CMakeFiles/template-cpp.elf.dir/Drivers/STM32F4xx_HAL_Driver/Src/stm32f4xx_hal_rng.c.obj
LOAD CMakeFiles/template-cpp.elf.dir/Drivers/STM32F4xx_HAL_Driver/Src/stm32f4xx_hal_rtc.c.obj
LOAD CMakeFiles/template-cpp.elf.dir/Drivers/STM32F4xx_HAL_Driver/Src/stm32f4xx_hal_rtc_ex.c.obj
LOAD CMakeFiles/template-cpp.elf.dir/Drivers/STM32F4xx_HAL_Driver/Src/stm32f4xx_hal_sai.c.obj
LOAD CMakeFiles/template-cpp.elf.dir/Drivers/STM32F4xx_HAL_Driver/Src/stm32f4xx_hal_sai_ex.c.obj
LOAD CMakeFiles/template-cpp.elf.dir/Drivers/STM32F4xx_HAL_Driver/Src/stm32f4xx_hal_sd.c.obj
LOAD CMakeFiles/template-cpp.elf.dir/Drivers/STM32F4xx_HAL_Driver/Src/stm32f4xx_hal_sdram.c.obj
LOAD CMakeFiles/template-cpp.elf.dir/Drivers/STM32F4xx_HAL_Driver/Src/stm32f4xx_hal_smartcard.c.obj
LOAD CMakeFiles/template-cpp.elf.dir/Drivers/STM32F4xx_HAL_Driver/Src/stm32f4xx_hal_smbus.c.obj
LOAD CMakeFiles/template-cpp.elf.dir/Drivers/STM32F4xx_HAL_Driver/Src/stm32f4xx_hal_spdifrx.c.obj
LOAD CMakeFiles/template-cpp.elf.dir/Drivers/STM32F4xx_HAL_Driver/Src/stm32f4xx_hal_spi.c.obj
LOAD CMakeFiles/template-cpp.elf.dir/Drivers/STM32F4xx_HAL_Driver/Src/stm32f4xx_hal_sram.c.obj
LOAD CMakeFiles/template-cpp.elf.dir/Drivers/STM32F4xx_HAL_Driver/Src/stm32f4xx_hal_tim.c.obj
LOAD CMakeFiles/template-cpp.elf.dir/Drivers/STM32F4xx_HAL_Driver/Src/stm32f4xx_hal_tim_ex.c.obj
LOAD CMakeFiles/template-cpp.elf.dir/Drivers/STM32F4xx_HAL_Driver/Src/stm32f4xx_hal_uart.c.obj
LOAD CMakeFiles/template-cpp.elf.dir/Drivers/STM32F4xx_HAL_Driver/Src/stm32f4xx_hal_usart.c.obj
LOAD CMakeFiles/template-cpp.elf.dir/Drivers/STM32F4xx_HAL_Driver/Src/stm32f4xx_hal_wwdg.c.obj
LOAD CMakeFiles/template-cpp.elf.dir/Drivers/STM32F4xx_HAL_Driver/Src/stm32f4xx_ll_adc.c.obj
LOAD CMakeFiles/template-cpp.elf.dir/Drivers/STM32F4xx_HAL_Driver/Src/stm32f4xx_ll_crc.c.obj
LOAD CMakeFiles/template-cpp.elf.dir/Drivers/STM32F4xx_HAL_Driver/Src/stm32f4xx_ll_dac.c.obj
LOAD CMakeFiles/template-cpp.elf.dir/Drivers/STM32F4xx_HAL_Driver/Src/stm32f4xx_ll_dma.c.obj
LOAD CMakeFiles/template-cpp.elf.dir/Drivers/STM32F4xx_HAL_Driver/Src/stm32f4xx_ll_dma2d.c.obj
LOAD CMakeFiles/template-cpp.elf.dir/Drivers/STM32F4xx_HAL_Driver/Src/stm32f4xx_ll_exti.c.obj
LOAD CMakeFiles/template-cpp.elf.dir/Drivers/STM32F4xx_HAL_Driver/Src/stm32f4xx_ll_fmc.c.obj
LOAD CMakeFiles/template-cpp.elf.dir/Drivers/STM32F4xx_HAL_Driver/Src/stm32f4xx_ll_fmpi2c.c.obj
LOAD CMakeFiles/template-cpp.elf.dir/Drivers/STM32F4xx_HAL_Driver/Src/stm32f4xx_ll_fsmc.c.obj
LOAD CMakeFiles/template-cpp.elf.dir/Drivers/STM32F4xx_HAL_Driver/Src/stm32f4xx_ll_gpio.c.obj
LOAD CMakeFiles/template-cpp.elf.dir/Drivers/STM32F4xx_HAL_Driver/Src/stm32f4xx_ll_i2c.c.obj
LOAD CMakeFiles/template-cpp.elf.dir/Drivers/STM32F4xx_HAL_Driver/Src/stm32f4xx_ll_lptim.c.obj
LOAD CMakeFiles/template-cpp.elf.dir/Drivers/STM32F4xx_HAL_Driver/Src/stm32f4xx_ll_pwr.c.obj
LOAD CMakeFiles/template-cpp.elf.dir/Drivers/STM32F4xx_HAL_Driver/Src/stm32f4xx_ll_rcc.c.obj
LOAD CMakeFiles/template-cpp.elf.dir/Drivers/STM32F4xx_HAL_Driver/Src/stm32f4xx_ll_rng.c.obj
LOAD CMakeFiles/template-cpp.elf.dir/Drivers/STM32F4xx_HAL_Driver/Src/stm32f4xx_ll_rtc.c.obj
LOAD CMakeFiles/template-cpp.elf.dir/Drivers/STM32F4xx_HAL_Driver/Src/stm32f4xx_ll_sdmmc.c.obj
LOAD CMakeFiles/template-cpp.elf.dir/Drivers/STM32F4xx_HAL_Driver/Src/stm32f4xx_ll_spi.c.obj
LOAD CMakeFiles/template-cpp.elf.dir/Drivers/STM32F4xx_HAL_Driver/Src/stm32f4xx_ll_tim.c.obj
LOAD CMakeFiles/template-cpp.elf.dir/Drivers/STM32F4xx_HAL_Driver/Src/stm32f4xx_ll_usart.c.obj
LOAD CMakeFiles/template-cpp.elf.dir/Drivers/STM32F4xx_HAL_Driver/Src/stm32f4xx_ll_usb.c.obj
LOAD CMakeFiles/template-cpp.elf.dir/Drivers/STM32F4xx_HAL_Driver/Src/stm32f4xx_ll_utils.c.obj
LOAD CMakeFiles/template-cpp.elf.dir/User/SYSTEM/Exti/exti.c.obj
LOAD CMakeFiles/template-cpp.elf.dir/User/SYSTEM/Iwdog/Iwdg.c.obj
LOAD CMakeFiles/template-cpp.elf.dir/User/SYSTEM/LCD-TEMP/lcd.c.obj
LOAD CMakeFiles/template-cpp.elf.dir/User/SYSTEM/USMART/usmart.c.obj
LOAD CMakeFiles/template-cpp.elf.dir/User/SYSTEM/USMART/usmart_config.c.obj
LOAD CMakeFiles/template-cpp.elf.dir/User/SYSTEM/USMART/usmart_str.c.obj
LOAD CMakeFiles/template-cpp.elf.dir/User/SYSTEM/Wwdg/wwdg.c.obj
LOAD CMakeFiles/template-cpp.elf.dir/User/SYSTEM/capture/cap_tim5.c.obj
LOAD CMakeFiles/template-cpp.elf.dir/User/SYSTEM/delay/delay.c.obj
LOAD CMakeFiles/template-cpp.elf.dir/User/SYSTEM/key/key.c.obj
LOAD CMakeFiles/template-cpp.elf.dir/User/SYSTEM/lcd/font.c.obj
LOAD CMakeFiles/template-cpp.elf.dir/User/SYSTEM/lcd/lcd.c.obj
LOAD CMakeFiles/template-cpp.elf.dir/User/SYSTEM/led/led.c.obj
LOAD CMakeFiles/template-cpp.elf.dir/User/SYSTEM/pwm/pwm.c.obj
LOAD CMakeFiles/template-cpp.elf.dir/User/SYSTEM/retarget/retarget.c.obj
LOAD CMakeFiles/template-cpp.elf.dir/User/SYSTEM/rtc/rtc.c.obj
LOAD CMakeFiles/template-cpp.elf.dir/User/SYSTEM/sys/sys.c.obj
LOAD CMakeFiles/template-cpp.elf.dir/User/SYSTEM/sysclock/SysClock.c.obj
LOAD CMakeFiles/template-cpp.elf.dir/User/SYSTEM/timer/timer.c.obj
LOAD CMakeFiles/template-cpp.elf.dir/User/SYSTEM/tpad.c.obj
LOAD CMakeFiles/template-cpp.elf.dir/User/SYSTEM/usart/Usart.c.obj
LOAD CMakeFiles/template-cpp.elf.dir/User/main.cpp.obj
LOAD CMakeFiles/template-cpp.elf.dir/User/tools.c.obj
LOAD c:/tools/arm-gnu-toolchain/bin/../lib/gcc/arm-none-eabi/10.3.1/../../../../arm-none-eabi/lib/thumb/v7e-m/nofp\libstdc++.a
LOAD c:/tools/arm-gnu-toolchain/bin/../lib/gcc/arm-none-eabi/10.3.1/../../../../arm-none-eabi/lib/thumb/v7e-m/nofp\libm.a
START GROUP
LOAD c:/tools/arm-gnu-toolchain/bin/../lib/gcc/arm-none-eabi/10.3.1/thumb/v7e-m/nofp\libgcc.a
LOAD c:/tools/arm-gnu-toolchain/bin/../lib/gcc/arm-none-eabi/10.3.1/../../../../arm-none-eabi/lib/thumb/v7e-m/nofp\libg.a
LOAD c:/tools/arm-gnu-toolchain/bin/../lib/gcc/arm-none-eabi/10.3.1/../../../../arm-none-eabi/lib/thumb/v7e-m/nofp\libc.a
END GROUP
LOAD c:/tools/arm-gnu-toolchain/bin/../lib/gcc/arm-none-eabi/10.3.1/thumb/v7e-m/nofp/crtend.o
LOAD c:/tools/arm-gnu-toolchain/bin/../lib/gcc/arm-none-eabi/10.3.1/thumb/v7e-m/nofp/crtn.o
                0x20030000                _estack = (ORIGIN (RAM) + LENGTH (RAM))
                0x00000200                _Min_Heap_Size = 0x200
                0x00000400                _Min_Stack_Size = 0x400

.isr_vector     0x08000000      0x1ac
                0x08000000                . = ALIGN (0x4)
 *(.isr_vector)
 .isr_vector    0x08000000      0x1ac CMakeFiles/template-cpp.elf.dir/Core/Startup/startup_stm32f429igtx.s.obj
                0x08000000                g_pfnVectors
                0x080001ac                . = ALIGN (0x4)

.text           0x080001c0    0x10628
                0x080001c0                . = ALIGN (0x4)
 *(.text)
 .text          0x080001c0       0x40 c:/tools/arm-gnu-toolchain/bin/../lib/gcc/arm-none-eabi/10.3.1/thumb/v7e-m/nofp/crtbegin.o
 .text          0x08000200      0x378 c:/tools/arm-gnu-toolchain/bin/../lib/gcc/arm-none-eabi/10.3.1/thumb/v7e-m/nofp\libgcc.a(_arm_addsubdf3.o)
                0x08000200                __aeabi_drsub
                0x08000208                __aeabi_dsub
                0x08000208                __subdf3
                0x0800020c                __aeabi_dadd
                0x0800020c                __adddf3
                0x08000484                __floatunsidf
                0x08000484                __aeabi_ui2d
                0x080004a4                __floatsidf
                0x080004a4                __aeabi_i2d
                0x080004c8                __aeabi_f2d
                0x080004c8                __extendsfdf2
                0x0800050c                __floatundidf
                0x0800050c                __aeabi_ul2d
                0x0800051c                __floatdidf
                0x0800051c                __aeabi_l2d
 .text          0x08000578       0x40 c:/tools/arm-gnu-toolchain/bin/../lib/gcc/arm-none-eabi/10.3.1/thumb/v7e-m/nofp\libgcc.a(_arm_fixunsdfsi.o)
                0x08000578                __aeabi_d2uiz
                0x08000578                __fixunsdfsi
 .text          0x080005b8       0x30 c:/tools/arm-gnu-toolchain/bin/../lib/gcc/arm-none-eabi/10.3.1/thumb/v7e-m/nofp\libgcc.a(_aeabi_uldivmod.o)
                0x080005b8                __aeabi_uldivmod
 .text          0x080005e8      0x2d0 c:/tools/arm-gnu-toolchain/bin/../lib/gcc/arm-none-eabi/10.3.1/thumb/v7e-m/nofp\libgcc.a(_udivmoddi4.o)
                0x080005e8                __udivmoddi4
 .text          0x080008b8      0x9d8 c:/tools/arm-gnu-toolchain/bin/../lib/gcc/arm-none-eabi/10.3.1/thumb/v7e-m/nofp\libgcc.a(unwind-arm.o)
                0x08000b60                _Unwind_GetCFA
                0x08000b64                __gnu_Unwind_RaiseException
                0x08000bcc                __gnu_Unwind_ForcedUnwind
                0x08000bdc                __gnu_Unwind_Resume
                0x08000c20                __gnu_Unwind_Resume_or_Rethrow
                0x08000c30                _Unwind_Complete
                0x08000c34                _Unwind_DeleteException
                0x08000c40                _Unwind_VRS_Get
                0x08000c8c                _Unwind_VRS_Set
                0x08000cd4                __gnu_Unwind_Backtrace
                0x08001000                __aeabi_unwind_cpp_pr0
                0x08001004                __aeabi_unwind_cpp_pr1
                0x08001008                __aeabi_unwind_cpp_pr2
                0x0800100c                _Unwind_VRS_Pop
 .text          0x08001290      0x1ac c:/tools/arm-gnu-toolchain/bin/../lib/gcc/arm-none-eabi/10.3.1/thumb/v7e-m/nofp\libgcc.a(libunwind.o)
                0x08001290                __restore_core_regs
                0x08001290                restore_core_regs
                0x080012a8                __gnu_Unwind_Restore_VFP
                0x080012b0                __gnu_Unwind_Save_VFP
                0x080012b8                __gnu_Unwind_Restore_VFP_D
                0x080012c0                __gnu_Unwind_Save_VFP_D
                0x080012c8                __gnu_Unwind_Restore_VFP_D_16_to_31
                0x080012d0                __gnu_Unwind_Save_VFP_D_16_to_31
                0x080012d8                __gnu_Unwind_Restore_WMMXD
                0x0800131c                __gnu_Unwind_Save_WMMXD
                0x08001360                __gnu_Unwind_Restore_WMMXC
                0x08001374                __gnu_Unwind_Save_WMMXC
                0x08001388                ___Unwind_RaiseException
                0x08001388                _Unwind_RaiseException
                0x080013ac                _Unwind_Resume
                0x080013ac                ___Unwind_Resume
                0x080013d0                _Unwind_Resume_or_Rethrow
                0x080013d0                ___Unwind_Resume_or_Rethrow
                0x080013f4                _Unwind_ForcedUnwind
                0x080013f4                ___Unwind_ForcedUnwind
                0x08001418                ___Unwind_Backtrace
                0x08001418                _Unwind_Backtrace
 .text          0x0800143c      0x350 c:/tools/arm-gnu-toolchain/bin/../lib/gcc/arm-none-eabi/10.3.1/thumb/v7e-m/nofp\libgcc.a(pr-support.o)
                0x08001494                __gnu_unwind_execute
                0x08001740                __gnu_unwind_frame
                0x0800176c                _Unwind_GetRegionStart
                0x08001778                _Unwind_GetLanguageSpecificData
 .text          0x0800178c        0x4 c:/tools/arm-gnu-toolchain/bin/../lib/gcc/arm-none-eabi/10.3.1/thumb/v7e-m/nofp\libgcc.a(_dvmd_tls.o)
                0x0800178c                __aeabi_idiv0
                0x0800178c                __aeabi_ldiv0
 .text          0x08001790      0x134 c:/tools/arm-gnu-toolchain/bin/../lib/gcc/arm-none-eabi/10.3.1/../../../../arm-none-eabi/lib/thumb/v7e-m/nofp\libg.a(lib_a-memcpy.o)
                0x08001790                memcpy
 *fill*         0x080018c4       0x3c 
 .text          0x08001900       0xdc c:/tools/arm-gnu-toolchain/bin/../lib/gcc/arm-none-eabi/10.3.1/../../../../arm-none-eabi/lib/thumb/v7e-m/nofp\libg.a(lib_a-strlen.o)
                0x08001900                strlen
 *fill*         0x080019dc        0x4 
 .text          0x080019e0       0xa0 c:/tools/arm-gnu-toolchain/bin/../lib/gcc/arm-none-eabi/10.3.1/../../../../arm-none-eabi/lib/thumb/v7e-m/nofp\libg.a(lib_a-memchr.o)
                0x080019e0                memchr
 .text          0x08001a80      0x424 c:/tools/arm-gnu-toolchain/bin/../lib/gcc/arm-none-eabi/10.3.1/thumb/v7e-m/nofp\libgcc.a(_arm_muldivdf3.o)
                0x08001a80                __aeabi_dmul
                0x08001a80                __muldf3
                0x08001cd4                __divdf3
                0x08001cd4                __aeabi_ddiv
 .text          0x08001ea4      0x110 c:/tools/arm-gnu-toolchain/bin/../lib/gcc/arm-none-eabi/10.3.1/thumb/v7e-m/nofp\libgcc.a(_arm_cmpdf2.o)
                0x08001ea4                __gtdf2
                0x08001ea4                __gedf2
                0x08001eac                __ltdf2
                0x08001eac                __ledf2
                0x08001eb4                __nedf2
                0x08001eb4                __eqdf2
                0x08001eb4                __cmpdf2
                0x08001f30                __aeabi_cdrcmple
                0x08001f40                __aeabi_cdcmpeq
                0x08001f40                __aeabi_cdcmple
                0x08001f50                __aeabi_dcmpeq
                0x08001f64                __aeabi_dcmplt
                0x08001f78                __aeabi_dcmple
                0x08001f8c                __aeabi_dcmpge
                0x08001fa0                __aeabi_dcmpgt
 .text          0x08001fb4       0x2c c:/tools/arm-gnu-toolchain/bin/../lib/gcc/arm-none-eabi/10.3.1/thumb/v7e-m/nofp\libgcc.a(_arm_unorddf2.o)
                0x08001fb4                __unorddf2
                0x08001fb4                __aeabi_dcmpun
 .text          0x08001fe0       0x50 c:/tools/arm-gnu-toolchain/bin/../lib/gcc/arm-none-eabi/10.3.1/thumb/v7e-m/nofp\libgcc.a(_arm_fixdfsi.o)
                0x08001fe0                __aeabi_d2iz
                0x08001fe0                __fixdfsi
 *(.text*)
 .text.NMI_Handler
                0x08002030        0x2 CMakeFiles/template-cpp.elf.dir/Core/Src/stm32f4xx_it.c.obj
                0x08002030                NMI_Handler
 .text.HardFault_Handler
                0x08002032        0x2 CMakeFiles/template-cpp.elf.dir/Core/Src/stm32f4xx_it.c.obj
                0x08002032                HardFault_Handler
 .text.MemManage_Handler
                0x08002034        0x2 CMakeFiles/template-cpp.elf.dir/Core/Src/stm32f4xx_it.c.obj
                0x08002034                MemManage_Handler
 .text.BusFault_Handler
                0x08002036        0x2 CMakeFiles/template-cpp.elf.dir/Core/Src/stm32f4xx_it.c.obj
                0x08002036                BusFault_Handler
 .text.UsageFault_Handler
                0x08002038        0x2 CMakeFiles/template-cpp.elf.dir/Core/Src/stm32f4xx_it.c.obj
                0x08002038                UsageFault_Handler
 .text.SVC_Handler
                0x0800203a        0x2 CMakeFiles/template-cpp.elf.dir/Core/Src/stm32f4xx_it.c.obj
                0x0800203a                SVC_Handler
 .text.DebugMon_Handler
                0x0800203c        0x2 CMakeFiles/template-cpp.elf.dir/Core/Src/stm32f4xx_it.c.obj
                0x0800203c                DebugMon_Handler
 .text.PendSV_Handler
                0x0800203e        0x2 CMakeFiles/template-cpp.elf.dir/Core/Src/stm32f4xx_it.c.obj
                0x0800203e                PendSV_Handler
 .text.SysTick_Handler
                0x08002040        0x8 CMakeFiles/template-cpp.elf.dir/Core/Src/stm32f4xx_it.c.obj
                0x08002040                SysTick_Handler
 .text._getpid  0x08002048        0x4 CMakeFiles/template-cpp.elf.dir/Core/Src/syscalls.c.obj
                0x08002048                _getpid
 .text._kill    0x0800204c       0x10 CMakeFiles/template-cpp.elf.dir/Core/Src/syscalls.c.obj
                0x0800204c                _kill
 .text._exit    0x0800205c        0xc CMakeFiles/template-cpp.elf.dir/Core/Src/syscalls.c.obj
                0x0800205c                _exit
 .text._sbrk    0x08002068       0x48 CMakeFiles/template-cpp.elf.dir/Core/Src/sysmem.c.obj
                0x08002068                _sbrk
 .text.SystemInit
                0x080020b0        0x2 CMakeFiles/template-cpp.elf.dir/Core/Src/system_stm32f4xx.c.obj
                0x080020b0                SystemInit
 *fill*         0x080020b2        0x2 
 .text.Reset_Handler
                0x080020b4       0x50 CMakeFiles/template-cpp.elf.dir/Core/Startup/startup_stm32f429igtx.s.obj
                0x080020b4                Reset_Handler
 .text.Default_Handler
                0x08002104        0x2 CMakeFiles/template-cpp.elf.dir/Core/Startup/startup_stm32f429igtx.s.obj
                0x08002104                HASH_RNG_IRQHandler
                0x08002104                TIM8_CC_IRQHandler
                0x08002104                UART8_IRQHandler
                0x08002104                SPI4_IRQHandler
                0x08002104                TIM1_CC_IRQHandler
                0x08002104                DMA2_Stream5_IRQHandler
                0x08002104                DMA1_Stream5_IRQHandler
                0x08002104                PVD_IRQHandler
                0x08002104                SDIO_IRQHandler
                0x08002104                TAMP_STAMP_IRQHandler
                0x08002104                CAN2_RX1_IRQHandler
                0x08002104                TIM8_TRG_COM_TIM14_IRQHandler
                0x08002104                TIM1_UP_TIM10_IRQHandler
                0x08002104                TIM8_UP_TIM13_IRQHandler
                0x08002104                I2C3_ER_IRQHandler
                0x08002104                I2C2_EV_IRQHandler
                0x08002104                DMA1_Stream2_IRQHandler
                0x08002104                CAN1_RX0_IRQHandler
                0x08002104                FPU_IRQHandler
                0x08002104                OTG_HS_WKUP_IRQHandler
                0x08002104                LTDC_ER_IRQHandler
                0x08002104                CAN2_SCE_IRQHandler
                0x08002104                DMA2_Stream2_IRQHandler
                0x08002104                SPI1_IRQHandler
                0x08002104                TIM6_DAC_IRQHandler
                0x08002104                TIM1_BRK_TIM9_IRQHandler
                0x08002104                DCMI_IRQHandler
                0x08002104                CAN2_RX0_IRQHandler
                0x08002104                DMA2_Stream3_IRQHandler
                0x08002104                USART6_IRQHandler
                0x08002104                USART3_IRQHandler
                0x08002104                CAN1_RX1_IRQHandler
                0x08002104                UART5_IRQHandler
                0x08002104                DMA2_Stream0_IRQHandler
                0x08002104                I2C1_EV_IRQHandler
                0x08002104                DMA1_Stream6_IRQHandler
                0x08002104                DMA1_Stream1_IRQHandler
                0x08002104                UART4_IRQHandler
                0x08002104                RCC_IRQHandler
                0x08002104                TIM8_BRK_TIM12_IRQHandler
                0x08002104                Default_Handler
                0x08002104                ADC_IRQHandler
                0x08002104                DMA1_Stream7_IRQHandler
                0x08002104                SPI5_IRQHandler
                0x08002104                TIM7_IRQHandler
                0x08002104                CAN2_TX_IRQHandler
                0x08002104                DMA2_Stream7_IRQHandler
                0x08002104                I2C3_EV_IRQHandler
                0x08002104                EXTI9_5_IRQHandler
                0x08002104                LTDC_IRQHandler
                0x08002104                ETH_WKUP_IRQHandler
                0x08002104                SPI2_IRQHandler
                0x08002104                OTG_HS_EP1_IN_IRQHandler
                0x08002104                DMA1_Stream0_IRQHandler
                0x08002104                CAN1_TX_IRQHandler
                0x08002104                EXTI4_IRQHandler
                0x08002104                ETH_IRQHandler
                0x08002104                OTG_HS_EP1_OUT_IRQHandler
                0x08002104                SPI6_IRQHandler
                0x08002104                TIM2_IRQHandler
                0x08002104                OTG_FS_WKUP_IRQHandler
                0x08002104                TIM1_TRG_COM_TIM11_IRQHandler
                0x08002104                OTG_HS_IRQHandler
                0x08002104                DMA2D_IRQHandler
                0x08002104                EXTI1_IRQHandler
                0x08002104                UART7_IRQHandler
                0x08002104                I2C2_ER_IRQHandler
                0x08002104                DMA2_Stream1_IRQHandler
                0x08002104                CAN1_SCE_IRQHandler
                0x08002104                FLASH_IRQHandler
                0x08002104                DMA2_Stream4_IRQHandler
                0x08002104                USART1_IRQHandler
                0x08002104                OTG_FS_IRQHandler
                0x08002104                SPI3_IRQHandler
                0x08002104                DMA1_Stream4_IRQHandler
                0x08002104                I2C1_ER_IRQHandler
                0x08002104                FMC_IRQHandler
                0x08002104                DMA2_Stream6_IRQHandler
                0x08002104                SAI1_IRQHandler
                0x08002104                DMA1_Stream3_IRQHandler
 *fill*         0x08002106        0x2 
 .text.HAL_InitTick
                0x08002108       0x4c CMakeFiles/template-cpp.elf.dir/Drivers/STM32F4xx_HAL_Driver/Src/stm32f4xx_hal.c.obj
                0x08002108                HAL_InitTick
 .text.HAL_Init
                0x08002154       0x34 CMakeFiles/template-cpp.elf.dir/Drivers/STM32F4xx_HAL_Driver/Src/stm32f4xx_hal.c.obj
                0x08002154                HAL_Init
 .text.HAL_IncTick
                0x08002188       0x18 CMakeFiles/template-cpp.elf.dir/Drivers/STM32F4xx_HAL_Driver/Src/stm32f4xx_hal.c.obj
                0x08002188                HAL_IncTick
 .text.HAL_GetTick
                0x080021a0        0xc CMakeFiles/template-cpp.elf.dir/Drivers/STM32F4xx_HAL_Driver/Src/stm32f4xx_hal.c.obj
                0x080021a0                HAL_GetTick
 .text.HAL_NVIC_SetPriorityGrouping
                0x080021ac       0x24 CMakeFiles/template-cpp.elf.dir/Drivers/STM32F4xx_HAL_Driver/Src/stm32f4xx_hal_cortex.c.obj
                0x080021ac                HAL_NVIC_SetPriorityGrouping
 .text.HAL_NVIC_SetPriority
                0x080021d0       0x70 CMakeFiles/template-cpp.elf.dir/Drivers/STM32F4xx_HAL_Driver/Src/stm32f4xx_hal_cortex.c.obj
                0x080021d0                HAL_NVIC_SetPriority
 .text.HAL_NVIC_EnableIRQ
                0x08002240       0x1c CMakeFiles/template-cpp.elf.dir/Drivers/STM32F4xx_HAL_Driver/Src/stm32f4xx_hal_cortex.c.obj
                0x08002240                HAL_NVIC_EnableIRQ
 .text.HAL_SYSTICK_Config
                0x0800225c       0x28 CMakeFiles/template-cpp.elf.dir/Drivers/STM32F4xx_HAL_Driver/Src/stm32f4xx_hal_cortex.c.obj
                0x0800225c                HAL_SYSTICK_Config
 .text.HAL_SYSTICK_CLKSourceConfig
                0x08002284       0x20 CMakeFiles/template-cpp.elf.dir/Drivers/STM32F4xx_HAL_Driver/Src/stm32f4xx_hal_cortex.c.obj
                0x08002284                HAL_SYSTICK_CLKSourceConfig
 .text.HAL_DMA_Abort
                0x080022a4       0x94 CMakeFiles/template-cpp.elf.dir/Drivers/STM32F4xx_HAL_Driver/Src/stm32f4xx_hal_dma.c.obj
                0x080022a4                HAL_DMA_Abort
 .text.HAL_DMA_Abort_IT
                0x08002338       0x26 CMakeFiles/template-cpp.elf.dir/Drivers/STM32F4xx_HAL_Driver/Src/stm32f4xx_hal_dma.c.obj
                0x08002338                HAL_DMA_Abort_IT
 *fill*         0x0800235e        0x2 
 .text.HAL_GPIO_Init
                0x08002360      0x1fc CMakeFiles/template-cpp.elf.dir/Drivers/STM32F4xx_HAL_Driver/Src/stm32f4xx_hal_gpio.c.obj
                0x08002360                HAL_GPIO_Init
 .text.HAL_GPIO_ReadPin
                0x0800255c        0xe CMakeFiles/template-cpp.elf.dir/Drivers/STM32F4xx_HAL_Driver/Src/stm32f4xx_hal_gpio.c.obj
                0x0800255c                HAL_GPIO_ReadPin
 .text.HAL_GPIO_WritePin
                0x0800256a        0xc CMakeFiles/template-cpp.elf.dir/Drivers/STM32F4xx_HAL_Driver/Src/stm32f4xx_hal_gpio.c.obj
                0x0800256a                HAL_GPIO_WritePin
 *fill*         0x08002576        0x2 
 .text.HAL_GPIO_EXTI_IRQHandler
                0x08002578       0x1c CMakeFiles/template-cpp.elf.dir/Drivers/STM32F4xx_HAL_Driver/Src/stm32f4xx_hal_gpio.c.obj
                0x08002578                HAL_GPIO_EXTI_IRQHandler
 .text.HAL_PWREx_EnableOverDrive
                0x08002594       0x7c CMakeFiles/template-cpp.elf.dir/Drivers/STM32F4xx_HAL_Driver/Src/stm32f4xx_hal_pwr_ex.c.obj
                0x08002594                HAL_PWREx_EnableOverDrive
 .text.HAL_RCC_OscConfig
                0x08002610      0x3f8 CMakeFiles/template-cpp.elf.dir/Drivers/STM32F4xx_HAL_Driver/Src/stm32f4xx_hal_rcc.c.obj
                0x08002610                HAL_RCC_OscConfig
 .text.HAL_RCC_GetSysClockFreq
                0x08002a08       0xa4 CMakeFiles/template-cpp.elf.dir/Drivers/STM32F4xx_HAL_Driver/Src/stm32f4xx_hal_rcc.c.obj
                0x08002a08                HAL_RCC_GetSysClockFreq
 .text.HAL_RCC_ClockConfig
                0x08002aac      0x160 CMakeFiles/template-cpp.elf.dir/Drivers/STM32F4xx_HAL_Driver/Src/stm32f4xx_hal_rcc.c.obj
                0x08002aac                HAL_RCC_ClockConfig
 .text.HAL_RCC_GetHCLKFreq
                0x08002c0c        0xc CMakeFiles/template-cpp.elf.dir/Drivers/STM32F4xx_HAL_Driver/Src/stm32f4xx_hal_rcc.c.obj
                0x08002c0c                HAL_RCC_GetHCLKFreq
 .text.HAL_RCC_GetPCLK1Freq
                0x08002c18       0x20 CMakeFiles/template-cpp.elf.dir/Drivers/STM32F4xx_HAL_Driver/Src/stm32f4xx_hal_rcc.c.obj
                0x08002c18                HAL_RCC_GetPCLK1Freq
 .text.HAL_RCC_GetPCLK2Freq
                0x08002c38       0x20 CMakeFiles/template-cpp.elf.dir/Drivers/STM32F4xx_HAL_Driver/Src/stm32f4xx_hal_rcc.c.obj
                0x08002c38                HAL_RCC_GetPCLK2Freq
 .text.HAL_RTC_MspInit
                0x08002c58        0x2 CMakeFiles/template-cpp.elf.dir/Drivers/STM32F4xx_HAL_Driver/Src/stm32f4xx_hal_rtc.c.obj
                0x08002c58                HAL_RTC_MspInit
 *fill*         0x08002c5a        0x2 
 .text.HAL_RTC_AlarmIRQHandler
                0x08002c5c       0x60 CMakeFiles/template-cpp.elf.dir/Drivers/STM32F4xx_HAL_Driver/Src/stm32f4xx_hal_rtc.c.obj
                0x08002c5c                HAL_RTC_AlarmIRQHandler
 .text.HAL_RTC_WaitForSynchro
                0x08002cbc       0x32 CMakeFiles/template-cpp.elf.dir/Drivers/STM32F4xx_HAL_Driver/Src/stm32f4xx_hal_rtc.c.obj
                0x08002cbc                HAL_RTC_WaitForSynchro
 .text.RTC_EnterInitMode
                0x08002cee       0x46 CMakeFiles/template-cpp.elf.dir/Drivers/STM32F4xx_HAL_Driver/Src/stm32f4xx_hal_rtc.c.obj
                0x08002cee                RTC_EnterInitMode
 .text.RTC_ExitInitMode
                0x08002d34       0x2a CMakeFiles/template-cpp.elf.dir/Drivers/STM32F4xx_HAL_Driver/Src/stm32f4xx_hal_rtc.c.obj
                0x08002d34                RTC_ExitInitMode
 .text.HAL_RTC_Init
                0x08002d5e       0x8c CMakeFiles/template-cpp.elf.dir/Drivers/STM32F4xx_HAL_Driver/Src/stm32f4xx_hal_rtc.c.obj
                0x08002d5e                HAL_RTC_Init
 .text.RTC_ByteToBcd2
                0x08002dea       0x18 CMakeFiles/template-cpp.elf.dir/Drivers/STM32F4xx_HAL_Driver/Src/stm32f4xx_hal_rtc.c.obj
                0x08002dea                RTC_ByteToBcd2
 .text.HAL_RTC_SetTime
                0x08002e02       0xbe CMakeFiles/template-cpp.elf.dir/Drivers/STM32F4xx_HAL_Driver/Src/stm32f4xx_hal_rtc.c.obj
                0x08002e02                HAL_RTC_SetTime
 .text.HAL_RTC_SetDate
                0x08002ec0       0x9c CMakeFiles/template-cpp.elf.dir/Drivers/STM32F4xx_HAL_Driver/Src/stm32f4xx_hal_rtc.c.obj
                0x08002ec0                HAL_RTC_SetDate
 .text.HAL_RTC_SetAlarm_IT
                0x08002f5c      0x1b4 CMakeFiles/template-cpp.elf.dir/Drivers/STM32F4xx_HAL_Driver/Src/stm32f4xx_hal_rtc.c.obj
                0x08002f5c                HAL_RTC_SetAlarm_IT
 .text.RTC_Bcd2ToByte
                0x08003110       0x12 CMakeFiles/template-cpp.elf.dir/Drivers/STM32F4xx_HAL_Driver/Src/stm32f4xx_hal_rtc.c.obj
                0x08003110                RTC_Bcd2ToByte
 .text.HAL_RTC_GetTime
                0x08003122       0x4c CMakeFiles/template-cpp.elf.dir/Drivers/STM32F4xx_HAL_Driver/Src/stm32f4xx_hal_rtc.c.obj
                0x08003122                HAL_RTC_GetTime
 .text.HAL_RTC_GetDate
                0x0800316e       0x3c CMakeFiles/template-cpp.elf.dir/Drivers/STM32F4xx_HAL_Driver/Src/stm32f4xx_hal_rtc.c.obj
                0x0800316e                HAL_RTC_GetDate
 *fill*         0x080031aa        0x2 
 .text.HAL_RTCEx_SetWakeUpTimer_IT
                0x080031ac       0xfc CMakeFiles/template-cpp.elf.dir/Drivers/STM32F4xx_HAL_Driver/Src/stm32f4xx_hal_rtc_ex.c.obj
                0x080031ac                HAL_RTCEx_SetWakeUpTimer_IT
 .text.HAL_RTCEx_WakeUpTimerIRQHandler
                0x080032a8       0x34 CMakeFiles/template-cpp.elf.dir/Drivers/STM32F4xx_HAL_Driver/Src/stm32f4xx_hal_rtc_ex.c.obj
                0x080032a8                HAL_RTCEx_WakeUpTimerIRQHandler
 .text.HAL_RTCEx_BKUPWrite
                0x080032dc        0xa CMakeFiles/template-cpp.elf.dir/Drivers/STM32F4xx_HAL_Driver/Src/stm32f4xx_hal_rtc_ex.c.obj
                0x080032dc                HAL_RTCEx_BKUPWrite
 .text.HAL_RTCEx_BKUPRead
                0x080032e6        0xa CMakeFiles/template-cpp.elf.dir/Drivers/STM32F4xx_HAL_Driver/Src/stm32f4xx_hal_rtc_ex.c.obj
                0x080032e6                HAL_RTCEx_BKUPRead
 .text.HAL_RTCEx_AlarmBEventCallback
                0x080032f0        0x2 CMakeFiles/template-cpp.elf.dir/Drivers/STM32F4xx_HAL_Driver/Src/stm32f4xx_hal_rtc_ex.c.obj
                0x080032f0                HAL_RTCEx_AlarmBEventCallback
 .text.HAL_SRAM_Init
                0x080032f2       0x58 CMakeFiles/template-cpp.elf.dir/Drivers/STM32F4xx_HAL_Driver/Src/stm32f4xx_hal_sram.c.obj
                0x080032f2                HAL_SRAM_Init
 *fill*         0x0800334a        0x2 
 .text.HAL_TIM_Base_Start_IT
                0x0800334c       0x88 CMakeFiles/template-cpp.elf.dir/Drivers/STM32F4xx_HAL_Driver/Src/stm32f4xx_hal_tim.c.obj
                0x0800334c                HAL_TIM_Base_Start_IT
 .text.HAL_TIM_ReadCapturedValue
                0x080033d4       0x32 CMakeFiles/template-cpp.elf.dir/Drivers/STM32F4xx_HAL_Driver/Src/stm32f4xx_hal_tim.c.obj
                0x080033d4                HAL_TIM_ReadCapturedValue
 .text.HAL_TIM_OC_DelayElapsedCallback
                0x08003406        0x2 CMakeFiles/template-cpp.elf.dir/Drivers/STM32F4xx_HAL_Driver/Src/stm32f4xx_hal_tim.c.obj
                0x08003406                HAL_TIM_OC_DelayElapsedCallback
 .text.HAL_TIM_PWM_PulseFinishedCallback
                0x08003408        0x2 CMakeFiles/template-cpp.elf.dir/Drivers/STM32F4xx_HAL_Driver/Src/stm32f4xx_hal_tim.c.obj
                0x08003408                HAL_TIM_PWM_PulseFinishedCallback
 .text.HAL_TIM_TriggerCallback
                0x0800340a        0x2 CMakeFiles/template-cpp.elf.dir/Drivers/STM32F4xx_HAL_Driver/Src/stm32f4xx_hal_tim.c.obj
                0x0800340a                HAL_TIM_TriggerCallback
 .text.HAL_TIM_IRQHandler
                0x0800340c      0x17a CMakeFiles/template-cpp.elf.dir/Drivers/STM32F4xx_HAL_Driver/Src/stm32f4xx_hal_tim.c.obj
                0x0800340c                HAL_TIM_IRQHandler
 *fill*         0x08003586        0x2 
 .text.TIM_Base_SetConfig
                0x08003588       0xc8 CMakeFiles/template-cpp.elf.dir/Drivers/STM32F4xx_HAL_Driver/Src/stm32f4xx_hal_tim.c.obj
                0x08003588                TIM_Base_SetConfig
 .text.HAL_TIM_Base_Init
                0x08003650       0x58 CMakeFiles/template-cpp.elf.dir/Drivers/STM32F4xx_HAL_Driver/Src/stm32f4xx_hal_tim.c.obj
                0x08003650                HAL_TIM_Base_Init
 .text.HAL_TIMEx_CommutCallback
                0x080036a8        0x2 CMakeFiles/template-cpp.elf.dir/Drivers/STM32F4xx_HAL_Driver/Src/stm32f4xx_hal_tim_ex.c.obj
                0x080036a8                HAL_TIMEx_CommutCallback
 .text.HAL_TIMEx_BreakCallback
                0x080036aa        0x2 CMakeFiles/template-cpp.elf.dir/Drivers/STM32F4xx_HAL_Driver/Src/stm32f4xx_hal_tim_ex.c.obj
                0x080036aa                HAL_TIMEx_BreakCallback
 .text.UART_EndRxTransfer
                0x080036ac       0x5c CMakeFiles/template-cpp.elf.dir/Drivers/STM32F4xx_HAL_Driver/Src/stm32f4xx_hal_uart.c.obj
 .text.UART_Transmit_IT
                0x08003708       0x60 CMakeFiles/template-cpp.elf.dir/Drivers/STM32F4xx_HAL_Driver/Src/stm32f4xx_hal_uart.c.obj
 .text.UART_SetConfig
                0x08003768      0x110 CMakeFiles/template-cpp.elf.dir/Drivers/STM32F4xx_HAL_Driver/Src/stm32f4xx_hal_uart.c.obj
 .text.UART_WaitOnFlagUntilTimeout
                0x08003878       0x88 CMakeFiles/template-cpp.elf.dir/Drivers/STM32F4xx_HAL_Driver/Src/stm32f4xx_hal_uart.c.obj
 .text.HAL_UART_MspInit
                0x08003900        0x2 CMakeFiles/template-cpp.elf.dir/Drivers/STM32F4xx_HAL_Driver/Src/stm32f4xx_hal_uart.c.obj
                0x08003900                HAL_UART_MspInit
 .text.HAL_UART_Init
                0x08003902       0x5e CMakeFiles/template-cpp.elf.dir/Drivers/STM32F4xx_HAL_Driver/Src/stm32f4xx_hal_uart.c.obj
                0x08003902                HAL_UART_Init
 .text.HAL_UART_Transmit
                0x08003960       0xd8 CMakeFiles/template-cpp.elf.dir/Drivers/STM32F4xx_HAL_Driver/Src/stm32f4xx_hal_uart.c.obj
                0x08003960                HAL_UART_Transmit
 .text.HAL_UART_Receive
                0x08003a38       0xe4 CMakeFiles/template-cpp.elf.dir/Drivers/STM32F4xx_HAL_Driver/Src/stm32f4xx_hal_uart.c.obj
                0x08003a38                HAL_UART_Receive
 .text.HAL_UART_TxCpltCallback
                0x08003b1c        0x2 CMakeFiles/template-cpp.elf.dir/Drivers/STM32F4xx_HAL_Driver/Src/stm32f4xx_hal_uart.c.obj
                0x08003b1c                HAL_UART_TxCpltCallback
 .text.UART_EndTransmit_IT
                0x08003b1e       0x1a CMakeFiles/template-cpp.elf.dir/Drivers/STM32F4xx_HAL_Driver/Src/stm32f4xx_hal_uart.c.obj
 .text.HAL_UART_ErrorCallback
                0x08003b38        0x2 CMakeFiles/template-cpp.elf.dir/Drivers/STM32F4xx_HAL_Driver/Src/stm32f4xx_hal_uart.c.obj
                0x08003b38                HAL_UART_ErrorCallback
 .text.UART_DMAAbortOnError
                0x08003b3a       0x10 CMakeFiles/template-cpp.elf.dir/Drivers/STM32F4xx_HAL_Driver/Src/stm32f4xx_hal_uart.c.obj
 .text.HAL_UARTEx_RxEventCallback
                0x08003b4a        0x2 CMakeFiles/template-cpp.elf.dir/Drivers/STM32F4xx_HAL_Driver/Src/stm32f4xx_hal_uart.c.obj
                0x08003b4a                HAL_UARTEx_RxEventCallback
 .text.UART_Receive_IT
                0x08003b4c       0xe2 CMakeFiles/template-cpp.elf.dir/Drivers/STM32F4xx_HAL_Driver/Src/stm32f4xx_hal_uart.c.obj
 *fill*         0x08003c2e        0x2 
 .text.HAL_UART_IRQHandler
                0x08003c30      0x280 CMakeFiles/template-cpp.elf.dir/Drivers/STM32F4xx_HAL_Driver/Src/stm32f4xx_hal_uart.c.obj
                0x08003c30                HAL_UART_IRQHandler
 .text.HAL_UART_GetState
                0x08003eb0        0xc CMakeFiles/template-cpp.elf.dir/Drivers/STM32F4xx_HAL_Driver/Src/stm32f4xx_hal_uart.c.obj
                0x08003eb0                HAL_UART_GetState
 .text.UART_Start_Receive_IT
                0x08003ebc       0x3a CMakeFiles/template-cpp.elf.dir/Drivers/STM32F4xx_HAL_Driver/Src/stm32f4xx_hal_uart.c.obj
                0x08003ebc                UART_Start_Receive_IT
 .text.HAL_UART_Receive_IT
                0x08003ef6       0x38 CMakeFiles/template-cpp.elf.dir/Drivers/STM32F4xx_HAL_Driver/Src/stm32f4xx_hal_uart.c.obj
                0x08003ef6                HAL_UART_Receive_IT
 .text.HAL_WWDG_EarlyWakeupCallback
                0x08003f2e        0x2 CMakeFiles/template-cpp.elf.dir/Drivers/STM32F4xx_HAL_Driver/Src/stm32f4xx_hal_wwdg.c.obj
                0x08003f2e                HAL_WWDG_EarlyWakeupCallback
 .text.HAL_WWDG_IRQHandler
                0x08003f30       0x22 CMakeFiles/template-cpp.elf.dir/Drivers/STM32F4xx_HAL_Driver/Src/stm32f4xx_hal_wwdg.c.obj
                0x08003f30                HAL_WWDG_IRQHandler
 *fill*         0x08003f52        0x2 
 .text.FMC_NORSRAM_Init
                0x08003f54       0x88 CMakeFiles/template-cpp.elf.dir/Drivers/STM32F4xx_HAL_Driver/Src/stm32f4xx_ll_fmc.c.obj
                0x08003f54                FMC_NORSRAM_Init
 .text.FMC_NORSRAM_Timing_Init
                0x08003fdc       0x64 CMakeFiles/template-cpp.elf.dir/Drivers/STM32F4xx_HAL_Driver/Src/stm32f4xx_ll_fmc.c.obj
                0x08003fdc                FMC_NORSRAM_Timing_Init
 .text.FMC_NORSRAM_Extended_Timing_Init
                0x08004040       0x44 CMakeFiles/template-cpp.elf.dir/Drivers/STM32F4xx_HAL_Driver/Src/stm32f4xx_ll_fmc.c.obj
                0x08004040                FMC_NORSRAM_Extended_Timing_Init
 .text.EXTI0_IRQHandler
                0x08004084        0xa CMakeFiles/template-cpp.elf.dir/User/SYSTEM/Exti/exti.c.obj
                0x08004084                EXTI0_IRQHandler
 .text.EXTI2_IRQHandler
                0x0800408e        0xa CMakeFiles/template-cpp.elf.dir/User/SYSTEM/Exti/exti.c.obj
                0x0800408e                EXTI2_IRQHandler
 .text.EXTI3_IRQHandler
                0x08004098        0xa CMakeFiles/template-cpp.elf.dir/User/SYSTEM/Exti/exti.c.obj
                0x08004098                EXTI3_IRQHandler
 .text.EXTI15_10_IRQHandler
                0x080040a2        0xc CMakeFiles/template-cpp.elf.dir/User/SYSTEM/Exti/exti.c.obj
                0x080040a2                EXTI15_10_IRQHandler
 *fill*         0x080040ae        0x2 
 .text.HAL_GPIO_EXTI_Callback
                0x080040b0       0xc0 CMakeFiles/template-cpp.elf.dir/User/SYSTEM/Exti/exti.c.obj
                0x080040b0                HAL_GPIO_EXTI_Callback
 .text.LCD_WR_REG
                0x08004170       0x24 CMakeFiles/template-cpp.elf.dir/User/SYSTEM/LCD-TEMP/lcd.c.obj
                0x08004170                LCD_WR_REG
 .text.LCD_WR_DATA
                0x08004194       0x24 CMakeFiles/template-cpp.elf.dir/User/SYSTEM/LCD-TEMP/lcd.c.obj
                0x08004194                LCD_WR_DATA
 .text.LCD_RD_DATA
                0x080041b8       0x1c CMakeFiles/template-cpp.elf.dir/User/SYSTEM/LCD-TEMP/lcd.c.obj
                0x080041b8                LCD_RD_DATA
 .text.LCD_WriteReg
                0x080041d4       0x10 CMakeFiles/template-cpp.elf.dir/User/SYSTEM/LCD-TEMP/lcd.c.obj
                0x080041d4                LCD_WriteReg
 .text.LCD_WriteRAM_Prepare
                0x080041e4       0x14 CMakeFiles/template-cpp.elf.dir/User/SYSTEM/LCD-TEMP/lcd.c.obj
                0x080041e4                LCD_WriteRAM_Prepare
 .text.LCD_SetCursor
                0x080041f8      0x10c CMakeFiles/template-cpp.elf.dir/User/SYSTEM/LCD-TEMP/lcd.c.obj
                0x080041f8                LCD_SetCursor
 .text.LCD_Scan_Dir
                0x08004304      0x1e0 CMakeFiles/template-cpp.elf.dir/User/SYSTEM/LCD-TEMP/lcd.c.obj
                0x08004304                LCD_Scan_Dir
 .text.LCD_Fast_DrawPoint
                0x080044e4       0xf8 CMakeFiles/template-cpp.elf.dir/User/SYSTEM/LCD-TEMP/lcd.c.obj
                0x080044e4                LCD_Fast_DrawPoint
 *fill*         0x080045dc        0x4 
 .text.LCD_SSD_BackLightSet
                0x080045e0       0x50 CMakeFiles/template-cpp.elf.dir/User/SYSTEM/LCD-TEMP/lcd.c.obj
                0x080045e0                LCD_SSD_BackLightSet
 .text.LCD_Display_Dir
                0x08004630      0x148 CMakeFiles/template-cpp.elf.dir/User/SYSTEM/LCD-TEMP/lcd.c.obj
                0x08004630                LCD_Display_Dir
 .text.HAL_SRAM_MspInit
                0x08004778       0x84 CMakeFiles/template-cpp.elf.dir/User/SYSTEM/LCD-TEMP/lcd.c.obj
                0x08004778                HAL_SRAM_MspInit
 .text.LCD_Clear
                0x080047fc       0x38 CMakeFiles/template-cpp.elf.dir/User/SYSTEM/LCD-TEMP/lcd.c.obj
                0x080047fc                LCD_Clear
 .text.LCD_Init
                0x08004834     0x2b60 CMakeFiles/template-cpp.elf.dir/User/SYSTEM/LCD-TEMP/lcd.c.obj
                0x08004834                LCD_Init
 .text.LCD_ShowChar
                0x08007394      0x110 CMakeFiles/template-cpp.elf.dir/User/SYSTEM/LCD-TEMP/lcd.c.obj
                0x08007394                LCD_ShowChar
 .text.LCD_ShowString
                0x080074a4       0x5a CMakeFiles/template-cpp.elf.dir/User/SYSTEM/LCD-TEMP/lcd.c.obj
                0x080074a4                LCD_ShowString
 *fill*         0x080074fe        0x2 
 .text.usmart_sys_cmd_exe
                0x08007500      0x2f0 CMakeFiles/template-cpp.elf.dir/User/SYSTEM/USMART/usmart.c.obj
                0x08007500                usmart_sys_cmd_exe
 .text.usmart_reset_runtime
                0x080077f0       0x28 CMakeFiles/template-cpp.elf.dir/User/SYSTEM/USMART/usmart.c.obj
                0x080077f0                usmart_reset_runtime
 .text.usmart_get_runtime
                0x08007818       0x34 CMakeFiles/template-cpp.elf.dir/User/SYSTEM/USMART/usmart.c.obj
                0x08007818                usmart_get_runtime
 .text.TIM4_IRQHandler
                0x0800784c       0x38 CMakeFiles/template-cpp.elf.dir/User/SYSTEM/USMART/usmart.c.obj
                0x0800784c                TIM4_IRQHandler
 .text.Timer4_Init
                0x08007884       0x5c CMakeFiles/template-cpp.elf.dir/User/SYSTEM/USMART/usmart.c.obj
                0x08007884                Timer4_Init
 .text.usmart_init
                0x080078e0       0x24 CMakeFiles/template-cpp.elf.dir/User/SYSTEM/USMART/usmart.c.obj
                0x080078e0                usmart_init
 .text.usmart_cmd_rec
                0x08007904       0xa8 CMakeFiles/template-cpp.elf.dir/User/SYSTEM/USMART/usmart.c.obj
                0x08007904                usmart_cmd_rec
 .text.usmart_exe
                0x080079ac      0x2a4 CMakeFiles/template-cpp.elf.dir/User/SYSTEM/USMART/usmart.c.obj
                0x080079ac                usmart_exe
 .text.usmart_scan
                0x08007c50       0x8c CMakeFiles/template-cpp.elf.dir/User/SYSTEM/USMART/usmart.c.obj
                0x08007c50                usmart_scan
 .text.read_addr
                0x08007cdc        0x4 CMakeFiles/template-cpp.elf.dir/User/SYSTEM/USMART/usmart.c.obj
                0x08007cdc                read_addr
 .text.write_addr
                0x08007ce0        0x4 CMakeFiles/template-cpp.elf.dir/User/SYSTEM/USMART/usmart.c.obj
                0x08007ce0                write_addr
 .text.usmart_strcmp
                0x08007ce4       0x1a CMakeFiles/template-cpp.elf.dir/User/SYSTEM/USMART/usmart_str.c.obj
                0x08007ce4                usmart_strcmp
 .text.usmart_strcopy
                0x08007cfe       0x10 CMakeFiles/template-cpp.elf.dir/User/SYSTEM/USMART/usmart_str.c.obj
                0x08007cfe                usmart_strcopy
 .text.usmart_strlen
                0x08007d0e       0x14 CMakeFiles/template-cpp.elf.dir/User/SYSTEM/USMART/usmart_str.c.obj
                0x08007d0e                usmart_strlen
 .text.usmart_pow
                0x08007d22       0x16 CMakeFiles/template-cpp.elf.dir/User/SYSTEM/USMART/usmart_str.c.obj
                0x08007d22                usmart_pow
 .text.usmart_str2num
                0x08007d38       0xaa CMakeFiles/template-cpp.elf.dir/User/SYSTEM/USMART/usmart_str.c.obj
                0x08007d38                usmart_str2num
 .text.usmart_get_cmdname
                0x08007de2       0x34 CMakeFiles/template-cpp.elf.dir/User/SYSTEM/USMART/usmart_str.c.obj
                0x08007de2                usmart_get_cmdname
 .text.usmart_search_nextc
                0x08007e16       0x12 CMakeFiles/template-cpp.elf.dir/User/SYSTEM/USMART/usmart_str.c.obj
                0x08007e16                usmart_search_nextc
 .text.usmart_get_fname
                0x08007e28      0x190 CMakeFiles/template-cpp.elf.dir/User/SYSTEM/USMART/usmart_str.c.obj
                0x08007e28                usmart_get_fname
 .text.usmart_get_aparm
                0x08007fb8       0xba CMakeFiles/template-cpp.elf.dir/User/SYSTEM/USMART/usmart_str.c.obj
                0x08007fb8                usmart_get_aparm
 *fill*         0x08008072        0x2 
 .text.usmart_get_parmpos
                0x08008074       0x20 CMakeFiles/template-cpp.elf.dir/User/SYSTEM/USMART/usmart_str.c.obj
                0x08008074                usmart_get_parmpos
 .text.usmart_get_fparam
                0x08008094       0xf8 CMakeFiles/template-cpp.elf.dir/User/SYSTEM/USMART/usmart_str.c.obj
                0x08008094                usmart_get_fparam
 .text.WWDG_IRQHandler
                0x0800818c       0x10 CMakeFiles/template-cpp.elf.dir/User/SYSTEM/Wwdg/wwdg.c.obj
                0x0800818c                WWDG_IRQHandler
 .text.TIM5_IRQHandler
                0x0800819c       0x10 CMakeFiles/template-cpp.elf.dir/User/SYSTEM/capture/cap_tim5.c.obj
                0x0800819c                TIM5_IRQHandler
 .text.HAL_TIM_PeriodElapsedCallback
                0x080081ac       0x3c CMakeFiles/template-cpp.elf.dir/User/SYSTEM/capture/cap_tim5.c.obj
                0x080081ac                HAL_TIM_PeriodElapsedCallback
 .text.HAL_TIM_IC_CaptureCallback
                0x080081e8       0x98 CMakeFiles/template-cpp.elf.dir/User/SYSTEM/capture/cap_tim5.c.obj
                0x080081e8                HAL_TIM_IC_CaptureCallback
 .text.delay_init
                0x08008280       0x14 CMakeFiles/template-cpp.elf.dir/User/SYSTEM/delay/delay.c.obj
                0x08008280                delay_init
 .text.delay_us
                0x08008294       0x3c CMakeFiles/template-cpp.elf.dir/User/SYSTEM/delay/delay.c.obj
                0x08008294                delay_us
 .text.delay_ms
                0x080082d0       0x18 CMakeFiles/template-cpp.elf.dir/User/SYSTEM/delay/delay.c.obj
                0x080082d0                delay_ms
 .text.Key_Init
                0x080082e8       0x90 CMakeFiles/template-cpp.elf.dir/User/SYSTEM/key/key.c.obj
                0x080082e8                Key_Init
 .text.Led_Init
                0x08008378       0x54 CMakeFiles/template-cpp.elf.dir/User/SYSTEM/led/led.c.obj
                0x08008378                Led_Init
 .text.RetargetInit
                0x080083cc       0x20 CMakeFiles/template-cpp.elf.dir/User/SYSTEM/retarget/retarget.c.obj
                0x080083cc                RetargetInit
 .text._isatty  0x080083ec       0x16 CMakeFiles/template-cpp.elf.dir/User/SYSTEM/retarget/retarget.c.obj
                0x080083ec                _isatty
 *fill*         0x08008402        0x2 
 .text._write   0x08008404       0x34 CMakeFiles/template-cpp.elf.dir/User/SYSTEM/retarget/retarget.c.obj
                0x08008404                _write
 .text._close   0x08008438       0x18 CMakeFiles/template-cpp.elf.dir/User/SYSTEM/retarget/retarget.c.obj
                0x08008438                _close
 .text._lseek   0x08008450       0x10 CMakeFiles/template-cpp.elf.dir/User/SYSTEM/retarget/retarget.c.obj
                0x08008450                _lseek
 .text._read    0x08008460       0x30 CMakeFiles/template-cpp.elf.dir/User/SYSTEM/retarget/retarget.c.obj
                0x08008460                _read
 .text._fstat   0x08008490       0x1a CMakeFiles/template-cpp.elf.dir/User/SYSTEM/retarget/retarget.c.obj
                0x08008490                _fstat
 *fill*         0x080084aa        0x2 
 .text.rtc_set_alarmA
                0x080084ac       0x54 CMakeFiles/template-cpp.elf.dir/User/SYSTEM/rtc/rtc.c.obj
                0x080084ac                rtc_set_alarmA
 .text.rtc_set_time
                0x08008500       0x30 CMakeFiles/template-cpp.elf.dir/User/SYSTEM/rtc/rtc.c.obj
                0x08008500                rtc_set_time
 .text.rtc_set_date
                0x08008530       0x28 CMakeFiles/template-cpp.elf.dir/User/SYSTEM/rtc/rtc.c.obj
                0x08008530                rtc_set_date
 .text.rtc_init
                0x08008558       0x68 CMakeFiles/template-cpp.elf.dir/User/SYSTEM/rtc/rtc.c.obj
                0x08008558                rtc_init
 .text.RTC_Alarm_IRQHandler
                0x080085c0       0x10 CMakeFiles/template-cpp.elf.dir/User/SYSTEM/rtc/rtc.c.obj
                0x080085c0                RTC_Alarm_IRQHandler
 .text.HAL_RTC_AlarmAEventCallback
                0x080085d0        0x2 CMakeFiles/template-cpp.elf.dir/User/SYSTEM/rtc/rtc.c.obj
                0x080085d0                HAL_RTC_AlarmAEventCallback
 *fill*         0x080085d2        0x2 
 .text.RTC_WKUP_IRQHandler
                0x080085d4       0x10 CMakeFiles/template-cpp.elf.dir/User/SYSTEM/rtc/rtc.c.obj
                0x080085d4                RTC_WKUP_IRQHandler
 .text.HAL_RTCEx_WakeUpTimerEventCallback
                0x080085e4       0x18 CMakeFiles/template-cpp.elf.dir/User/SYSTEM/rtc/rtc.c.obj
                0x080085e4                HAL_RTCEx_WakeUpTimerEventCallback
 .text.rtc_set_wakeup
                0x080085fc       0x2c CMakeFiles/template-cpp.elf.dir/User/SYSTEM/rtc/rtc.c.obj
                0x080085fc                rtc_set_wakeup
 .text.rtc_test
                0x08008628      0x164 CMakeFiles/template-cpp.elf.dir/User/SYSTEM/rtc/rtc.c.obj
                0x08008628                rtc_test
 .text.Stm32_Clock_Init
                0x0800878c       0x80 CMakeFiles/template-cpp.elf.dir/User/SYSTEM/sys/sys.c.obj
                0x0800878c                Stm32_Clock_Init
 .text.HAL_TIM_Base_MspInit
                0x0800880c       0x44 CMakeFiles/template-cpp.elf.dir/User/SYSTEM/timer/timer.c.obj
                0x0800880c                HAL_TIM_Base_MspInit
 .text.TIM3_IRQHandler
                0x08008850       0x10 CMakeFiles/template-cpp.elf.dir/User/SYSTEM/timer/timer.c.obj
                0x08008850                TIM3_IRQHandler
 .text.USART2_IRQHandler
                0x08008860       0x40 CMakeFiles/template-cpp.elf.dir/User/SYSTEM/usart/Usart.c.obj
                0x08008860                USART2_IRQHandler
 .text.HAL_UART_RxCpltCallback
                0x080088a0       0x78 CMakeFiles/template-cpp.elf.dir/User/SYSTEM/usart/Usart.c.obj
                0x080088a0                HAL_UART_RxCpltCallback
 .text.Init_Usart2
                0x08008918       0x2c CMakeFiles/template-cpp.elf.dir/User/SYSTEM/usart/Usart.c.obj
                0x08008918                Init_Usart2
 .text.Usart2_Enable_Recv
                0x08008944       0x18 CMakeFiles/template-cpp.elf.dir/User/SYSTEM/usart/Usart.c.obj
                0x08008944                Usart2_Enable_Recv
 .text.HAL_MspInit
                0x0800895c       0x68 CMakeFiles/template-cpp.elf.dir/User/SYSTEM/usart/Usart.c.obj
                0x0800895c                HAL_MspInit
 .text.main     0x080089c4       0x64 CMakeFiles/template-cpp.elf.dir/User/main.cpp.obj
                0x080089c4                main
 .text.abort    0x08008a28       0x10 c:/tools/arm-gnu-toolchain/bin/../lib/gcc/arm-none-eabi/10.3.1/../../../../arm-none-eabi/lib/thumb/v7e-m/nofp\libg.a(lib_a-abort.o)
                0x08008a28                abort
 .text.__errno  0x08008a38        0xc c:/tools/arm-gnu-toolchain/bin/../lib/gcc/arm-none-eabi/10.3.1/../../../../arm-none-eabi/lib/thumb/v7e-m/nofp\libg.a(lib_a-errno.o)
                0x08008a38                __errno
 .text.__libc_init_array
                0x08008a44       0x48 c:/tools/arm-gnu-toolchain/bin/../lib/gcc/arm-none-eabi/10.3.1/../../../../arm-none-eabi/lib/thumb/v7e-m/nofp\libg.a(lib_a-init.o)
                0x08008a44                __libc_init_array
 .text.memset   0x08008a8c       0xa4 c:/tools/arm-gnu-toolchain/bin/../lib/gcc/arm-none-eabi/10.3.1/../../../../arm-none-eabi/lib/thumb/v7e-m/nofp\libg.a(lib_a-memset.o)
                0x08008a8c                memset
 .text.printf   0x08008b30       0x28 c:/tools/arm-gnu-toolchain/bin/../lib/gcc/arm-none-eabi/10.3.1/../../../../arm-none-eabi/lib/thumb/v7e-m/nofp\libg.a(lib_a-printf.o)
                0x08008b30                printf
 .text.putchar  0x08008b58       0x10 c:/tools/arm-gnu-toolchain/bin/../lib/gcc/arm-none-eabi/10.3.1/../../../../arm-none-eabi/lib/thumb/v7e-m/nofp\libg.a(lib_a-putchar.o)
                0x08008b58                putchar
 .text._puts_r  0x08008b68       0x9c c:/tools/arm-gnu-toolchain/bin/../lib/gcc/arm-none-eabi/10.3.1/../../../../arm-none-eabi/lib/thumb/v7e-m/nofp\libg.a(lib_a-puts.o)
                0x08008b68                _puts_r
 .text.puts     0x08008c04       0x10 c:/tools/arm-gnu-toolchain/bin/../lib/gcc/arm-none-eabi/10.3.1/../../../../arm-none-eabi/lib/thumb/v7e-m/nofp\libg.a(lib_a-puts.o)
                0x08008c04                puts
 .text.setvbuf  0x08008c14      0x1b0 c:/tools/arm-gnu-toolchain/bin/../lib/gcc/arm-none-eabi/10.3.1/../../../../arm-none-eabi/lib/thumb/v7e-m/nofp\libg.a(lib_a-setvbuf.o)
                0x08008c14                setvbuf
 .text.raise    0x08008dc4       0x5c c:/tools/arm-gnu-toolchain/bin/../lib/gcc/arm-none-eabi/10.3.1/../../../../arm-none-eabi/lib/thumb/v7e-m/nofp\libg.a(lib_a-signal.o)
                0x08008dc4                raise
 .text._kill_r  0x08008e20       0x2c c:/tools/arm-gnu-toolchain/bin/../lib/gcc/arm-none-eabi/10.3.1/../../../../arm-none-eabi/lib/thumb/v7e-m/nofp\libg.a(lib_a-signalr.o)
                0x08008e20                _kill_r
 .text._getpid_r
                0x08008e4c        0x4 c:/tools/arm-gnu-toolchain/bin/../lib/gcc/arm-none-eabi/10.3.1/../../../../arm-none-eabi/lib/thumb/v7e-m/nofp\libg.a(lib_a-signalr.o)
                0x08008e4c                _getpid_r
 .text.sprintf  0x08008e50       0x40 c:/tools/arm-gnu-toolchain/bin/../lib/gcc/arm-none-eabi/10.3.1/../../../../arm-none-eabi/lib/thumb/v7e-m/nofp\libg.a(lib_a-sprintf.o)
                0x08008e50                sprintf
 .text._svfprintf_r
                0x08008e90     0x1a3c c:/tools/arm-gnu-toolchain/bin/../lib/gcc/arm-none-eabi/10.3.1/../../../../arm-none-eabi/lib/thumb/v7e-m/nofp\libg.a(lib_a-svfprintf.o)
                0x08008e90                _svfprintf_r
 .text._vfprintf_r
                0x0800a8cc     0x1ad4 c:/tools/arm-gnu-toolchain/bin/../lib/gcc/arm-none-eabi/10.3.1/../../../../arm-none-eabi/lib/thumb/v7e-m/nofp\libg.a(lib_a-vfprintf.o)
                0x0800a8cc                _vfprintf_r
 .text.__sbprintf
                0x0800c3a0       0x80 c:/tools/arm-gnu-toolchain/bin/../lib/gcc/arm-none-eabi/10.3.1/../../../../arm-none-eabi/lib/thumb/v7e-m/nofp\libg.a(lib_a-vfprintf.o)
 .text.__swsetup_r
                0x0800c420       0xd4 c:/tools/arm-gnu-toolchain/bin/../lib/gcc/arm-none-eabi/10.3.1/../../../../arm-none-eabi/lib/thumb/v7e-m/nofp\libg.a(lib_a-wsetup.o)
                0x0800c420                __swsetup_r
 .text.startup.register_fini
                0x0800c4f4       0x14 c:/tools/arm-gnu-toolchain/bin/../lib/gcc/arm-none-eabi/10.3.1/../../../../arm-none-eabi/lib/thumb/v7e-m/nofp\libg.a(lib_a-__call_atexit.o)
 .text.atexit   0x0800c508        0xc c:/tools/arm-gnu-toolchain/bin/../lib/gcc/arm-none-eabi/10.3.1/../../../../arm-none-eabi/lib/thumb/v7e-m/nofp\libg.a(lib_a-atexit.o)
                0x0800c508                atexit
 .text.quorem   0x0800c514      0x124 c:/tools/arm-gnu-toolchain/bin/../lib/gcc/arm-none-eabi/10.3.1/../../../../arm-none-eabi/lib/thumb/v7e-m/nofp\libg.a(lib_a-dtoa.o)
 .text._dtoa_r  0x0800c638      0xec4 c:/tools/arm-gnu-toolchain/bin/../lib/gcc/arm-none-eabi/10.3.1/../../../../arm-none-eabi/lib/thumb/v7e-m/nofp\libg.a(lib_a-dtoa.o)
                0x0800c638                _dtoa_r
 .text.__sflush_r
                0x0800d4fc      0x120 c:/tools/arm-gnu-toolchain/bin/../lib/gcc/arm-none-eabi/10.3.1/../../../../arm-none-eabi/lib/thumb/v7e-m/nofp\libg.a(lib_a-fflush.o)
                0x0800d4fc                __sflush_r
 .text._fflush_r
                0x0800d61c       0x5c c:/tools/arm-gnu-toolchain/bin/../lib/gcc/arm-none-eabi/10.3.1/../../../../arm-none-eabi/lib/thumb/v7e-m/nofp\libg.a(lib_a-fflush.o)
                0x0800d61c                _fflush_r
 .text._cleanup_r
                0x0800d678        0xc c:/tools/arm-gnu-toolchain/bin/../lib/gcc/arm-none-eabi/10.3.1/../../../../arm-none-eabi/lib/thumb/v7e-m/nofp\libg.a(lib_a-findfp.o)
                0x0800d678                _cleanup_r
 .text.__sinit  0x0800d684      0x10c c:/tools/arm-gnu-toolchain/bin/../lib/gcc/arm-none-eabi/10.3.1/../../../../arm-none-eabi/lib/thumb/v7e-m/nofp\libg.a(lib_a-findfp.o)
                0x0800d684                __sinit
 .text.__sfp_lock_acquire
                0x0800d790        0xc c:/tools/arm-gnu-toolchain/bin/../lib/gcc/arm-none-eabi/10.3.1/../../../../arm-none-eabi/lib/thumb/v7e-m/nofp\libg.a(lib_a-findfp.o)
                0x0800d790                __sfp_lock_acquire
 .text.__sfp_lock_release
                0x0800d79c        0xc c:/tools/arm-gnu-toolchain/bin/../lib/gcc/arm-none-eabi/10.3.1/../../../../arm-none-eabi/lib/thumb/v7e-m/nofp\libg.a(lib_a-findfp.o)
                0x0800d79c                __sfp_lock_release
 .text.__libc_fini_array
                0x0800d7a8       0x2c c:/tools/arm-gnu-toolchain/bin/../lib/gcc/arm-none-eabi/10.3.1/../../../../arm-none-eabi/lib/thumb/v7e-m/nofp\libg.a(lib_a-fini.o)
                0x0800d7a8                __libc_fini_array
 .text._malloc_trim_r
                0x0800d7d4       0xa0 c:/tools/arm-gnu-toolchain/bin/../lib/gcc/arm-none-eabi/10.3.1/../../../../arm-none-eabi/lib/thumb/v7e-m/nofp\libg.a(lib_a-freer.o)
                0x0800d7d4                _malloc_trim_r
 .text._free_r  0x0800d874      0x20c c:/tools/arm-gnu-toolchain/bin/../lib/gcc/arm-none-eabi/10.3.1/../../../../arm-none-eabi/lib/thumb/v7e-m/nofp\libg.a(lib_a-freer.o)
                0x0800d874                _free_r
 .text.__sfvwrite_r
                0x0800da80      0x2e8 c:/tools/arm-gnu-toolchain/bin/../lib/gcc/arm-none-eabi/10.3.1/../../../../arm-none-eabi/lib/thumb/v7e-m/nofp\libg.a(lib_a-fvwrite.o)
                0x0800da80                __sfvwrite_r
 .text._fwalk_reent
                0x0800dd68       0x48 c:/tools/arm-gnu-toolchain/bin/../lib/gcc/arm-none-eabi/10.3.1/../../../../arm-none-eabi/lib/thumb/v7e-m/nofp\libg.a(lib_a-fwalk.o)
                0x0800dd68                _fwalk_reent
 .text._localeconv_r
                0x0800ddb0        0x8 c:/tools/arm-gnu-toolchain/bin/../lib/gcc/arm-none-eabi/10.3.1/../../../../arm-none-eabi/lib/thumb/v7e-m/nofp\libg.a(lib_a-localeconv.o)
                0x0800ddb0                _localeconv_r
 .text.__retarget_lock_init_recursive
                0x0800ddb8        0x4 c:/tools/arm-gnu-toolchain/bin/../lib/gcc/arm-none-eabi/10.3.1/../../../../arm-none-eabi/lib/thumb/v7e-m/nofp\libg.a(lib_a-lock.o)
                0x0800ddb8                __retarget_lock_init_recursive
 .text.__retarget_lock_close_recursive
                0x0800ddbc        0x4 c:/tools/arm-gnu-toolchain/bin/../lib/gcc/arm-none-eabi/10.3.1/../../../../arm-none-eabi/lib/thumb/v7e-m/nofp\libg.a(lib_a-lock.o)
                0x0800ddbc                __retarget_lock_close_recursive
 .text.__retarget_lock_acquire_recursive
                0x0800ddc0        0x4 c:/tools/arm-gnu-toolchain/bin/../lib/gcc/arm-none-eabi/10.3.1/../../../../arm-none-eabi/lib/thumb/v7e-m/nofp\libg.a(lib_a-lock.o)
                0x0800ddc0                __retarget_lock_acquire_recursive
 .text.__retarget_lock_release_recursive
                0x0800ddc4        0x4 c:/tools/arm-gnu-toolchain/bin/../lib/gcc/arm-none-eabi/10.3.1/../../../../arm-none-eabi/lib/thumb/v7e-m/nofp\libg.a(lib_a-lock.o)
                0x0800ddc4                __retarget_lock_release_recursive
 .text.__smakebuf_r
                0x0800ddc8       0xe0 c:/tools/arm-gnu-toolchain/bin/../lib/gcc/arm-none-eabi/10.3.1/../../../../arm-none-eabi/lib/thumb/v7e-m/nofp\libg.a(lib_a-makebuf.o)
                0x0800ddc8                __smakebuf_r
 .text.__swhatbuf_r
                0x0800dea8       0x60 c:/tools/arm-gnu-toolchain/bin/../lib/gcc/arm-none-eabi/10.3.1/../../../../arm-none-eabi/lib/thumb/v7e-m/nofp\libg.a(lib_a-makebuf.o)
                0x0800dea8                __swhatbuf_r
 .text.malloc   0x0800df08       0x10 c:/tools/arm-gnu-toolchain/bin/../lib/gcc/arm-none-eabi/10.3.1/../../../../arm-none-eabi/lib/thumb/v7e-m/nofp\libg.a(lib_a-malloc.o)
                0x0800df08                malloc
 .text._malloc_r
                0x0800df18      0x560 c:/tools/arm-gnu-toolchain/bin/../lib/gcc/arm-none-eabi/10.3.1/../../../../arm-none-eabi/lib/thumb/v7e-m/nofp\libg.a(lib_a-mallocr.o)
                0x0800df18                _malloc_r
 .text.memmove  0x0800e478       0xf8 c:/tools/arm-gnu-toolchain/bin/../lib/gcc/arm-none-eabi/10.3.1/../../../../arm-none-eabi/lib/thumb/v7e-m/nofp\libg.a(lib_a-memmove.o)
                0x0800e478                memmove
 .text.__malloc_lock
                0x0800e570        0xc c:/tools/arm-gnu-toolchain/bin/../lib/gcc/arm-none-eabi/10.3.1/../../../../arm-none-eabi/lib/thumb/v7e-m/nofp\libg.a(lib_a-mlock.o)
                0x0800e570                __malloc_lock
 .text.__malloc_unlock
                0x0800e57c        0xc c:/tools/arm-gnu-toolchain/bin/../lib/gcc/arm-none-eabi/10.3.1/../../../../arm-none-eabi/lib/thumb/v7e-m/nofp\libg.a(lib_a-mlock.o)
                0x0800e57c                __malloc_unlock
 .text._Balloc  0x0800e588       0x4c c:/tools/arm-gnu-toolchain/bin/../lib/gcc/arm-none-eabi/10.3.1/../../../../arm-none-eabi/lib/thumb/v7e-m/nofp\libg.a(lib_a-mprec.o)
                0x0800e588                _Balloc
 .text._Bfree   0x0800e5d4       0x14 c:/tools/arm-gnu-toolchain/bin/../lib/gcc/arm-none-eabi/10.3.1/../../../../arm-none-eabi/lib/thumb/v7e-m/nofp\libg.a(lib_a-mprec.o)
                0x0800e5d4                _Bfree
 .text.__multadd
                0x0800e5e8       0xa0 c:/tools/arm-gnu-toolchain/bin/../lib/gcc/arm-none-eabi/10.3.1/../../../../arm-none-eabi/lib/thumb/v7e-m/nofp\libg.a(lib_a-mprec.o)
                0x0800e5e8                __multadd
 .text.__hi0bits
                0x0800e688       0x40 c:/tools/arm-gnu-toolchain/bin/../lib/gcc/arm-none-eabi/10.3.1/../../../../arm-none-eabi/lib/thumb/v7e-m/nofp\libg.a(lib_a-mprec.o)
                0x0800e688                __hi0bits
 .text.__lo0bits
                0x0800e6c8       0x5c c:/tools/arm-gnu-toolchain/bin/../lib/gcc/arm-none-eabi/10.3.1/../../../../arm-none-eabi/lib/thumb/v7e-m/nofp\libg.a(lib_a-mprec.o)
                0x0800e6c8                __lo0bits
 .text.__i2b    0x0800e724       0x5c c:/tools/arm-gnu-toolchain/bin/../lib/gcc/arm-none-eabi/10.3.1/../../../../arm-none-eabi/lib/thumb/v7e-m/nofp\libg.a(lib_a-mprec.o)
                0x0800e724                __i2b
 .text.__multiply
                0x0800e780      0x15c c:/tools/arm-gnu-toolchain/bin/../lib/gcc/arm-none-eabi/10.3.1/../../../../arm-none-eabi/lib/thumb/v7e-m/nofp\libg.a(lib_a-mprec.o)
                0x0800e780                __multiply
 .text.__pow5mult
                0x0800e8dc       0xc0 c:/tools/arm-gnu-toolchain/bin/../lib/gcc/arm-none-eabi/10.3.1/../../../../arm-none-eabi/lib/thumb/v7e-m/nofp\libg.a(lib_a-mprec.o)
                0x0800e8dc                __pow5mult
 .text.__lshift
                0x0800e99c       0xf0 c:/tools/arm-gnu-toolchain/bin/../lib/gcc/arm-none-eabi/10.3.1/../../../../arm-none-eabi/lib/thumb/v7e-m/nofp\libg.a(lib_a-mprec.o)
                0x0800e99c                __lshift
 .text.__mcmp   0x0800ea8c       0x40 c:/tools/arm-gnu-toolchain/bin/../lib/gcc/arm-none-eabi/10.3.1/../../../../arm-none-eabi/lib/thumb/v7e-m/nofp\libg.a(lib_a-mprec.o)
                0x0800ea8c                __mcmp
 .text.__mdiff  0x0800eacc      0x14c c:/tools/arm-gnu-toolchain/bin/../lib/gcc/arm-none-eabi/10.3.1/../../../../arm-none-eabi/lib/thumb/v7e-m/nofp\libg.a(lib_a-mprec.o)
                0x0800eacc                __mdiff
 .text.__d2b    0x0800ec18       0xc4 c:/tools/arm-gnu-toolchain/bin/../lib/gcc/arm-none-eabi/10.3.1/../../../../arm-none-eabi/lib/thumb/v7e-m/nofp\libg.a(lib_a-mprec.o)
                0x0800ec18                __d2b
 .text._putc_r  0x0800ecdc       0x74 c:/tools/arm-gnu-toolchain/bin/../lib/gcc/arm-none-eabi/10.3.1/../../../../arm-none-eabi/lib/thumb/v7e-m/nofp\libg.a(lib_a-putc.o)
                0x0800ecdc                _putc_r
 .text._realloc_r
                0x0800ed50      0x3d8 c:/tools/arm-gnu-toolchain/bin/../lib/gcc/arm-none-eabi/10.3.1/../../../../arm-none-eabi/lib/thumb/v7e-m/nofp\libg.a(lib_a-reallocr.o)
                0x0800ed50                _realloc_r
 .text.frexp    0x0800f128       0x70 c:/tools/arm-gnu-toolchain/bin/../lib/gcc/arm-none-eabi/10.3.1/../../../../arm-none-eabi/lib/thumb/v7e-m/nofp\libg.a(lib_a-s_frexp.o)
                0x0800f128                frexp
 .text._sbrk_r  0x0800f198       0x24 c:/tools/arm-gnu-toolchain/bin/../lib/gcc/arm-none-eabi/10.3.1/../../../../arm-none-eabi/lib/thumb/v7e-m/nofp\libg.a(lib_a-sbrkr.o)
                0x0800f198                _sbrk_r
 .text.__sread  0x0800f1bc       0x24 c:/tools/arm-gnu-toolchain/bin/../lib/gcc/arm-none-eabi/10.3.1/../../../../arm-none-eabi/lib/thumb/v7e-m/nofp\libg.a(lib_a-stdio.o)
                0x0800f1bc                __sread
 .text.__swrite
                0x0800f1e0       0x40 c:/tools/arm-gnu-toolchain/bin/../lib/gcc/arm-none-eabi/10.3.1/../../../../arm-none-eabi/lib/thumb/v7e-m/nofp\libg.a(lib_a-stdio.o)
                0x0800f1e0                __swrite
 .text.__sseek  0x0800f220       0x20 c:/tools/arm-gnu-toolchain/bin/../lib/gcc/arm-none-eabi/10.3.1/../../../../arm-none-eabi/lib/thumb/v7e-m/nofp\libg.a(lib_a-stdio.o)
                0x0800f220                __sseek
 .text.__sclose
                0x0800f240        0x8 c:/tools/arm-gnu-toolchain/bin/../lib/gcc/arm-none-eabi/10.3.1/../../../../arm-none-eabi/lib/thumb/v7e-m/nofp\libg.a(lib_a-stdio.o)
                0x0800f240                __sclose
 .text.strncpy  0x0800f248       0x64 c:/tools/arm-gnu-toolchain/bin/../lib/gcc/arm-none-eabi/10.3.1/../../../../arm-none-eabi/lib/thumb/v7e-m/nofp\libg.a(lib_a-strncpy.o)
                0x0800f248                strncpy
 .text.__ssprint_r
                0x0800f2ac       0xf8 c:/tools/arm-gnu-toolchain/bin/../lib/gcc/arm-none-eabi/10.3.1/../../../../arm-none-eabi/lib/thumb/v7e-m/nofp\libg.a(lib_a-svfiprintf.o)
                0x0800f2ac                __ssprint_r
 .text.__sprint_r.part.0
                0x0800f3a4       0x78 c:/tools/arm-gnu-toolchain/bin/../lib/gcc/arm-none-eabi/10.3.1/../../../../arm-none-eabi/lib/thumb/v7e-m/nofp\libg.a(lib_a-vfiprintf.o)
 .text.__sprint_r
                0x0800f41c       0x14 c:/tools/arm-gnu-toolchain/bin/../lib/gcc/arm-none-eabi/10.3.1/../../../../arm-none-eabi/lib/thumb/v7e-m/nofp\libg.a(lib_a-vfiprintf.o)
                0x0800f41c                __sprint_r
 .text._vfiprintf_r
                0x0800f430      0xda0 c:/tools/arm-gnu-toolchain/bin/../lib/gcc/arm-none-eabi/10.3.1/../../../../arm-none-eabi/lib/thumb/v7e-m/nofp\libg.a(lib_a-vfiprintf.o)
                0x0800f430                _vfiprintf_r
 .text.__sbprintf
                0x080101d0       0x80 c:/tools/arm-gnu-toolchain/bin/../lib/gcc/arm-none-eabi/10.3.1/../../../../arm-none-eabi/lib/thumb/v7e-m/nofp\libg.a(lib_a-vfiprintf.o)
 .text.__swbuf_r
                0x08010250       0xb0 c:/tools/arm-gnu-toolchain/bin/../lib/gcc/arm-none-eabi/10.3.1/../../../../arm-none-eabi/lib/thumb/v7e-m/nofp\libg.a(lib_a-wbuf.o)
                0x08010250                __swbuf_r
 .text._write_r
                0x08010300       0x2c c:/tools/arm-gnu-toolchain/bin/../lib/gcc/arm-none-eabi/10.3.1/../../../../arm-none-eabi/lib/thumb/v7e-m/nofp\libg.a(lib_a-writer.o)
                0x08010300                _write_r
 .text.__register_exitproc
                0x0801032c       0x8c c:/tools/arm-gnu-toolchain/bin/../lib/gcc/arm-none-eabi/10.3.1/../../../../arm-none-eabi/lib/thumb/v7e-m/nofp\libg.a(lib_a-__atexit.o)
                0x0801032c                __register_exitproc
 .text.__assert_func
                0x080103b8       0x40 c:/tools/arm-gnu-toolchain/bin/../lib/gcc/arm-none-eabi/10.3.1/../../../../arm-none-eabi/lib/thumb/v7e-m/nofp\libg.a(lib_a-assert.o)
                0x080103b8                __assert_func
 .text._calloc_r
                0x080103f8       0x78 c:/tools/arm-gnu-toolchain/bin/../lib/gcc/arm-none-eabi/10.3.1/../../../../arm-none-eabi/lib/thumb/v7e-m/nofp\libg.a(lib_a-callocr.o)
                0x080103f8                _calloc_r
 .text._close_r
                0x08010470       0x24 c:/tools/arm-gnu-toolchain/bin/../lib/gcc/arm-none-eabi/10.3.1/../../../../arm-none-eabi/lib/thumb/v7e-m/nofp\libg.a(lib_a-closer.o)
                0x08010470                _close_r
 .text._fclose_r
                0x08010494       0xcc c:/tools/arm-gnu-toolchain/bin/../lib/gcc/arm-none-eabi/10.3.1/../../../../arm-none-eabi/lib/thumb/v7e-m/nofp\libg.a(lib_a-fclose.o)
                0x08010494                _fclose_r
 .text.fiprintf
                0x08010560       0x28 c:/tools/arm-gnu-toolchain/bin/../lib/gcc/arm-none-eabi/10.3.1/../../../../arm-none-eabi/lib/thumb/v7e-m/nofp\libg.a(lib_a-fiprintf.o)
                0x08010560                fiprintf
 .text.__fputwc
                0x08010588       0xa8 c:/tools/arm-gnu-toolchain/bin/../lib/gcc/arm-none-eabi/10.3.1/../../../../arm-none-eabi/lib/thumb/v7e-m/nofp\libg.a(lib_a-fputwc.o)
                0x08010588                __fputwc
 .text._fputwc_r
                0x08010630       0x68 c:/tools/arm-gnu-toolchain/bin/../lib/gcc/arm-none-eabi/10.3.1/../../../../arm-none-eabi/lib/thumb/v7e-m/nofp\libg.a(lib_a-fputwc.o)
                0x08010630                _fputwc_r
 .text._fstat_r
                0x08010698       0x2c c:/tools/arm-gnu-toolchain/bin/../lib/gcc/arm-none-eabi/10.3.1/../../../../arm-none-eabi/lib/thumb/v7e-m/nofp\libg.a(lib_a-fstatr.o)
                0x08010698                _fstat_r
 .text._isatty_r
                0x080106c4       0x24 c:/tools/arm-gnu-toolchain/bin/../lib/gcc/arm-none-eabi/10.3.1/../../../../arm-none-eabi/lib/thumb/v7e-m/nofp\libg.a(lib_a-isattyr.o)
                0x080106c4                _isatty_r
 .text.__locale_mb_cur_max
                0x080106e8        0xc c:/tools/arm-gnu-toolchain/bin/../lib/gcc/arm-none-eabi/10.3.1/../../../../arm-none-eabi/lib/thumb/v7e-m/nofp\libg.a(lib_a-locale.o)
                0x080106e8                __locale_mb_cur_max
 .text._lseek_r
                0x080106f4       0x2c c:/tools/arm-gnu-toolchain/bin/../lib/gcc/arm-none-eabi/10.3.1/../../../../arm-none-eabi/lib/thumb/v7e-m/nofp\libg.a(lib_a-lseekr.o)
                0x080106f4                _lseek_r
 .text.__ascii_mbtowc
                0x08010720       0x2c c:/tools/arm-gnu-toolchain/bin/../lib/gcc/arm-none-eabi/10.3.1/../../../../arm-none-eabi/lib/thumb/v7e-m/nofp\libg.a(lib_a-mbtowc_r.o)
                0x08010720                __ascii_mbtowc
 .text._read_r  0x0801074c       0x2c c:/tools/arm-gnu-toolchain/bin/../lib/gcc/arm-none-eabi/10.3.1/../../../../arm-none-eabi/lib/thumb/v7e-m/nofp\libg.a(lib_a-readr.o)
                0x0801074c                _read_r
 .text._wcrtomb_r
                0x08010778       0x3c c:/tools/arm-gnu-toolchain/bin/../lib/gcc/arm-none-eabi/10.3.1/../../../../arm-none-eabi/lib/thumb/v7e-m/nofp\libg.a(lib_a-wcrtomb.o)
                0x08010778                _wcrtomb_r
 .text.__ascii_wctomb
                0x080107b4       0x1c c:/tools/arm-gnu-toolchain/bin/../lib/gcc/arm-none-eabi/10.3.1/../../../../arm-none-eabi/lib/thumb/v7e-m/nofp\libg.a(lib_a-wctomb_r.o)
                0x080107b4                __ascii_wctomb
 *(.glue_7)
 .glue_7        0x080107d0        0x0 linker stubs
 *(.glue_7t)
 .glue_7t       0x080107d0        0x0 linker stubs
 *(.eh_frame)
 .eh_frame      0x080107d0        0x0 c:/tools/arm-gnu-toolchain/bin/../lib/gcc/arm-none-eabi/10.3.1/thumb/v7e-m/nofp/crtbegin.o
 *(.init)
 .init          0x080107d0        0x4 c:/tools/arm-gnu-toolchain/bin/../lib/gcc/arm-none-eabi/10.3.1/thumb/v7e-m/nofp/crti.o
                0x080107d0                _init
 .init          0x080107d4        0x8 c:/tools/arm-gnu-toolchain/bin/../lib/gcc/arm-none-eabi/10.3.1/thumb/v7e-m/nofp/crtn.o
 *(.fini)
 .fini          0x080107dc        0x4 c:/tools/arm-gnu-toolchain/bin/../lib/gcc/arm-none-eabi/10.3.1/thumb/v7e-m/nofp/crti.o
                0x080107dc                _fini
 .fini          0x080107e0        0x8 c:/tools/arm-gnu-toolchain/bin/../lib/gcc/arm-none-eabi/10.3.1/thumb/v7e-m/nofp/crtn.o
                0x080107e8                . = ALIGN (0x4)
                0x080107e8                _etext = .

.vfp11_veneer   0x080107e8        0x0
 .vfp11_veneer  0x080107e8        0x0 linker stubs

.v4_bx          0x080107e8        0x0
 .v4_bx         0x080107e8        0x0 linker stubs

.iplt           0x080107e8        0x0
 .iplt          0x080107e8        0x0 c:/tools/arm-gnu-toolchain/bin/../lib/gcc/arm-none-eabi/10.3.1/thumb/v7e-m/nofp/crtbegin.o

.rodata         0x080107e8     0x5238
                0x080107e8                . = ALIGN (0x4)
 *(.rodata)
 .rodata        0x080107e8       0x14 CMakeFiles/template-cpp.elf.dir/User/main.cpp.obj
 *(.rodata*)
 .rodata.AHBPrescTable
                0x080107fc       0x10 CMakeFiles/template-cpp.elf.dir/Core/Src/system_stm32f4xx.c.obj
                0x080107fc                AHBPrescTable
 .rodata.APBPrescTable
                0x0801080c        0x8 CMakeFiles/template-cpp.elf.dir/Core/Src/system_stm32f4xx.c.obj
                0x0801080c                APBPrescTable
 .rodata.LCD_Init.str1.4
                0x08010814        0xd CMakeFiles/template-cpp.elf.dir/User/SYSTEM/LCD-TEMP/lcd.c.obj
 *fill*         0x08010821        0x3 
 .rodata.asc2_1206
                0x08010824      0x474 CMakeFiles/template-cpp.elf.dir/User/SYSTEM/LCD-TEMP/lcd.c.obj
                0x08010824                asc2_1206
 .rodata.asc2_1608
                0x08010c98      0x5f0 CMakeFiles/template-cpp.elf.dir/User/SYSTEM/LCD-TEMP/lcd.c.obj
                0x08010c98                asc2_1608
 .rodata.asc2_2412
                0x08011288      0xd5c CMakeFiles/template-cpp.elf.dir/User/SYSTEM/LCD-TEMP/lcd.c.obj
                0x08011288                asc2_2412
 .rodata.asc2_3216
                0x08011fe4     0x2f80 CMakeFiles/template-cpp.elf.dir/User/SYSTEM/LCD-TEMP/lcd.c.obj
                0x08011fe4                asc2_3216
 .rodata.usmart_sys_cmd_exe.str1.4
                0x08014f64      0x44a CMakeFiles/template-cpp.elf.dir/User/SYSTEM/USMART/usmart.c.obj
                                0x44e (size before relaxing)
 *fill*         0x080153ae        0x2 
 .rodata.usmart_exe.str1.4
                0x080153b0       0x4d CMakeFiles/template-cpp.elf.dir/User/SYSTEM/USMART/usmart.c.obj
 *fill*         0x080153fd        0x3 
 .rodata.usmart_scan.str1.4
                0x08015400       0x37 CMakeFiles/template-cpp.elf.dir/User/SYSTEM/USMART/usmart.c.obj
 *fill*         0x08015437        0x1 
 .rodata.str1.4
                0x08015438       0x28 CMakeFiles/template-cpp.elf.dir/User/SYSTEM/USMART/usmart.c.obj
 .rodata.str1.4
                0x08015460      0x12a CMakeFiles/template-cpp.elf.dir/User/SYSTEM/USMART/usmart_config.c.obj
 *fill*         0x0801558a        0x2 
 .rodata.usmart_get_fname.str1.4
                0x0801558c        0x5 CMakeFiles/template-cpp.elf.dir/User/SYSTEM/USMART/usmart_str.c.obj
 *fill*         0x08015591        0x3 
 .rodata.rtc_test.str1.4
                0x08015594       0x70 CMakeFiles/template-cpp.elf.dir/User/SYSTEM/rtc/rtc.c.obj
 .rodata._global_impure_ptr
                0x08015604        0x4 c:/tools/arm-gnu-toolchain/bin/../lib/gcc/arm-none-eabi/10.3.1/../../../../arm-none-eabi/lib/thumb/v7e-m/nofp\libg.a(lib_a-impure.o)
                0x08015604                _global_impure_ptr
 .rodata._puts_r.str1.4
                0x08015608       0x70 c:/tools/arm-gnu-toolchain/bin/../lib/gcc/arm-none-eabi/10.3.1/../../../../arm-none-eabi/lib/thumb/v7e-m/nofp\libg.a(lib_a-puts.o)
                                  0x2 (size before relaxing)
 .rodata._svfprintf_r.str1.4
                0x08015608       0x42 c:/tools/arm-gnu-toolchain/bin/../lib/gcc/arm-none-eabi/10.3.1/../../../../arm-none-eabi/lib/thumb/v7e-m/nofp\libg.a(lib_a-svfprintf.o)
 *fill*         0x0801564a        0x2 
 .rodata.blanks.1
                0x0801564c       0x10 c:/tools/arm-gnu-toolchain/bin/../lib/gcc/arm-none-eabi/10.3.1/../../../../arm-none-eabi/lib/thumb/v7e-m/nofp\libg.a(lib_a-svfprintf.o)
 .rodata.zeroes.0
                0x0801565c       0x10 c:/tools/arm-gnu-toolchain/bin/../lib/gcc/arm-none-eabi/10.3.1/../../../../arm-none-eabi/lib/thumb/v7e-m/nofp\libg.a(lib_a-svfprintf.o)
 .rodata._vfprintf_r.str1.4
                0x0801566c       0x42 c:/tools/arm-gnu-toolchain/bin/../lib/gcc/arm-none-eabi/10.3.1/../../../../arm-none-eabi/lib/thumb/v7e-m/nofp\libg.a(lib_a-vfprintf.o)
 .rodata.blanks.1
                0x0801566c       0x10 c:/tools/arm-gnu-toolchain/bin/../lib/gcc/arm-none-eabi/10.3.1/../../../../arm-none-eabi/lib/thumb/v7e-m/nofp\libg.a(lib_a-vfprintf.o)
 .rodata.zeroes.0
                0x0801567c       0x10 c:/tools/arm-gnu-toolchain/bin/../lib/gcc/arm-none-eabi/10.3.1/../../../../arm-none-eabi/lib/thumb/v7e-m/nofp\libg.a(lib_a-vfprintf.o)
 .rodata._dtoa_r.str1.4
                0x0801568c       0xa2 c:/tools/arm-gnu-toolchain/bin/../lib/gcc/arm-none-eabi/10.3.1/../../../../arm-none-eabi/lib/thumb/v7e-m/nofp\libg.a(lib_a-dtoa.o)
                                 0xa6 (size before relaxing)
 *fill*         0x0801572e        0x2 
 .rodata.__multadd.str1.4
                0x08015730       0x7f c:/tools/arm-gnu-toolchain/bin/../lib/gcc/arm-none-eabi/10.3.1/../../../../arm-none-eabi/lib/thumb/v7e-m/nofp\libg.a(lib_a-mprec.o)
                                 0x93 (size before relaxing)
 *fill*         0x080157af        0x1 
 .rodata.__mprec_bigtens
                0x080157b0       0x28 c:/tools/arm-gnu-toolchain/bin/../lib/gcc/arm-none-eabi/10.3.1/../../../../arm-none-eabi/lib/thumb/v7e-m/nofp\libg.a(lib_a-mprec.o)
                0x080157b0                __mprec_bigtens
 .rodata.__mprec_tens
                0x080157d8       0xc8 c:/tools/arm-gnu-toolchain/bin/../lib/gcc/arm-none-eabi/10.3.1/../../../../arm-none-eabi/lib/thumb/v7e-m/nofp\libg.a(lib_a-mprec.o)
                0x080157d8                __mprec_tens
 .rodata.p05.0  0x080158a0        0xc c:/tools/arm-gnu-toolchain/bin/../lib/gcc/arm-none-eabi/10.3.1/../../../../arm-none-eabi/lib/thumb/v7e-m/nofp\libg.a(lib_a-mprec.o)
 .rodata._vfiprintf_r.str1.4
                0x080158ac       0x2f c:/tools/arm-gnu-toolchain/bin/../lib/gcc/arm-none-eabi/10.3.1/../../../../arm-none-eabi/lib/thumb/v7e-m/nofp\libg.a(lib_a-vfiprintf.o)
 .rodata.blanks.1
                0x080158ac       0x10 c:/tools/arm-gnu-toolchain/bin/../lib/gcc/arm-none-eabi/10.3.1/../../../../arm-none-eabi/lib/thumb/v7e-m/nofp\libg.a(lib_a-vfiprintf.o)
 .rodata.zeroes.0
                0x080158bc       0x10 c:/tools/arm-gnu-toolchain/bin/../lib/gcc/arm-none-eabi/10.3.1/../../../../arm-none-eabi/lib/thumb/v7e-m/nofp\libg.a(lib_a-vfiprintf.o)
 .rodata.__assert_func.str1.4
                0x080158cc       0x3f c:/tools/arm-gnu-toolchain/bin/../lib/gcc/arm-none-eabi/10.3.1/../../../../arm-none-eabi/lib/thumb/v7e-m/nofp\libg.a(lib_a-assert.o)
                                 0x43 (size before relaxing)
 *fill*         0x0801590b        0x1 
 .rodata._setlocale_r.str1.4
                0x0801590c        0xa c:/tools/arm-gnu-toolchain/bin/../lib/gcc/arm-none-eabi/10.3.1/../../../../arm-none-eabi/lib/thumb/v7e-m/nofp\libg.a(lib_a-locale.o)
                                  0xd (size before relaxing)
 *fill*         0x08015916        0x2 
 .rodata.str1.4
                0x08015918        0x2 c:/tools/arm-gnu-toolchain/bin/../lib/gcc/arm-none-eabi/10.3.1/../../../../arm-none-eabi/lib/thumb/v7e-m/nofp\libg.a(lib_a-locale.o)
 *fill*         0x0801591a        0x2 
 .rodata._ctype_
                0x0801591c      0x101 c:/tools/arm-gnu-toolchain/bin/../lib/gcc/arm-none-eabi/10.3.1/../../../../arm-none-eabi/lib/thumb/v7e-m/nofp\libg.a(lib_a-ctype_.o)
                0x0801591c                _ctype_
                0x08015a20                . = ALIGN (0x4)
 *fill*         0x08015a1d        0x3 

.ARM.extab      0x08015a20       0x18
                0x08015a20                . = ALIGN (0x4)
 *(.ARM.extab* .gnu.linkonce.armextab.*)
 .ARM.extab     0x08015a20       0x18 c:/tools/arm-gnu-toolchain/bin/../lib/gcc/arm-none-eabi/10.3.1/thumb/v7e-m/nofp\libgcc.a(pr-support.o)
                0x08015a38                . = ALIGN (0x4)

.ARM            0x08015a38       0xc8
                0x08015a38                . = ALIGN (0x4)
                0x08015a38                __exidx_start = .
 *(.ARM.exidx*)
 .ARM.exidx.text.main
                0x08015af0       0x10 CMakeFiles/template-cpp.elf.dir/User/main.cpp.obj
                                  0x8 (size before relaxing)
 .ARM.exidx     0x08015a38        0x8 c:/tools/arm-gnu-toolchain/bin/../lib/gcc/arm-none-eabi/10.3.1/thumb/v7e-m/nofp\libgcc.a(_udivmoddi4.o)
 .ARM.exidx     0x08015a40       0x78 c:/tools/arm-gnu-toolchain/bin/../lib/gcc/arm-none-eabi/10.3.1/thumb/v7e-m/nofp\libgcc.a(unwind-arm.o)
                                 0xd8 (size before relaxing)
 .ARM.exidx     0x08015ab8       0x38 c:/tools/arm-gnu-toolchain/bin/../lib/gcc/arm-none-eabi/10.3.1/thumb/v7e-m/nofp\libgcc.a(pr-support.o)
                0x08015b00                __exidx_end = .
                0x08015b00                . = ALIGN (0x4)

.rel.dyn        0x08015b00        0x0
 .rel.iplt      0x08015b00        0x0 c:/tools/arm-gnu-toolchain/bin/../lib/gcc/arm-none-eabi/10.3.1/thumb/v7e-m/nofp/crtbegin.o

.preinit_array  0x08015b00        0x0
                0x08015b00                . = ALIGN (0x4)
                0x08015b00                PROVIDE (__preinit_array_start = .)
 *(.preinit_array*)
                0x08015b00                PROVIDE (__preinit_array_end = .)
                0x08015b00                . = ALIGN (0x4)

.init_array     0x08015b00        0x8
                0x08015b00                . = ALIGN (0x4)
                0x08015b00                PROVIDE (__init_array_start = .)
 *(SORT_BY_NAME(.init_array.*))
 .init_array.00000
                0x08015b00        0x4 c:/tools/arm-gnu-toolchain/bin/../lib/gcc/arm-none-eabi/10.3.1/../../../../arm-none-eabi/lib/thumb/v7e-m/nofp\libg.a(lib_a-__call_atexit.o)
 *(.init_array*)
 .init_array    0x08015b04        0x4 c:/tools/arm-gnu-toolchain/bin/../lib/gcc/arm-none-eabi/10.3.1/thumb/v7e-m/nofp/crtbegin.o
                0x08015b08                PROVIDE (__init_array_end = .)
                0x08015b08                . = ALIGN (0x4)

.fini_array     0x08015b08        0x4
                0x08015b08                . = ALIGN (0x4)
                0x08015b08                PROVIDE (__fini_array_start = .)
 *(SORT_BY_NAME(.fini_array.*))
 *(.fini_array*)
 .fini_array    0x08015b08        0x4 c:/tools/arm-gnu-toolchain/bin/../lib/gcc/arm-none-eabi/10.3.1/thumb/v7e-m/nofp/crtbegin.o
                0x08015b0c                PROVIDE (__fini_array_end = .)
                0x08015b0c                . = ALIGN (0x4)
                0x08015b0c                _sidata = LOADADDR (.data)

.data           0x20000000      0xb10 load address 0x08015b0c
                0x20000000                . = ALIGN (0x4)
                0x20000000                _sdata = .
 *(.data)
 *(.data*)
 .data.SystemCoreClock
                0x20000000        0x4 CMakeFiles/template-cpp.elf.dir/Core/Src/system_stm32f4xx.c.obj
                0x20000000                SystemCoreClock
 .data.uwTickFreq
                0x20000004        0x1 CMakeFiles/template-cpp.elf.dir/Drivers/STM32F4xx_HAL_Driver/Src/stm32f4xx_hal.c.obj
                0x20000004                uwTickFreq
 *fill*         0x20000005        0x3 
 .data.uwTickPrio
                0x20000008        0x4 CMakeFiles/template-cpp.elf.dir/Drivers/STM32F4xx_HAL_Driver/Src/stm32f4xx_hal.c.obj
                0x20000008                uwTickPrio
 .data.BACK_COLOR
                0x2000000c        0x4 CMakeFiles/template-cpp.elf.dir/User/SYSTEM/LCD-TEMP/lcd.c.obj
                0x2000000c                BACK_COLOR
 .data.POINT_COLOR
                0x20000010        0x4 CMakeFiles/template-cpp.elf.dir/User/SYSTEM/LCD-TEMP/lcd.c.obj
                0x20000010                POINT_COLOR
 .data.sys_cmd_tab
                0x20000014       0x1c CMakeFiles/template-cpp.elf.dir/User/SYSTEM/USMART/usmart.c.obj
                0x20000014                sys_cmd_tab
 .data.usmart_dev
                0x20000030       0xf4 CMakeFiles/template-cpp.elf.dir/User/SYSTEM/USMART/usmart_config.c.obj
                0x20000030                usmart_dev
 .data.usmart_nametab
                0x20000124       0x40 CMakeFiles/template-cpp.elf.dir/User/SYSTEM/USMART/usmart_config.c.obj
                0x20000124                usmart_nametab
 .data._impure_ptr
                0x20000164        0x4 c:/tools/arm-gnu-toolchain/bin/../lib/gcc/arm-none-eabi/10.3.1/../../../../arm-none-eabi/lib/thumb/v7e-m/nofp\libg.a(lib_a-impure.o)
                0x20000164                _impure_ptr
 .data.impure_data
                0x20000168      0x428 c:/tools/arm-gnu-toolchain/bin/../lib/gcc/arm-none-eabi/10.3.1/../../../../arm-none-eabi/lib/thumb/v7e-m/nofp\libg.a(lib_a-impure.o)
 .data.__atexit_recursive_mutex
                0x20000590        0x4 c:/tools/arm-gnu-toolchain/bin/../lib/gcc/arm-none-eabi/10.3.1/../../../../arm-none-eabi/lib/thumb/v7e-m/nofp\libg.a(lib_a-__call_atexit.o)
                0x20000590                __atexit_recursive_mutex
 .data.__malloc_av_
                0x20000594      0x408 c:/tools/arm-gnu-toolchain/bin/../lib/gcc/arm-none-eabi/10.3.1/../../../../arm-none-eabi/lib/thumb/v7e-m/nofp\libg.a(lib_a-mallocr.o)
                0x20000594                __malloc_av_
 .data.__malloc_sbrk_base
                0x2000099c        0x4 c:/tools/arm-gnu-toolchain/bin/../lib/gcc/arm-none-eabi/10.3.1/../../../../arm-none-eabi/lib/thumb/v7e-m/nofp\libg.a(lib_a-mallocr.o)
                0x2000099c                __malloc_sbrk_base
 .data.__malloc_trim_threshold
                0x200009a0        0x4 c:/tools/arm-gnu-toolchain/bin/../lib/gcc/arm-none-eabi/10.3.1/../../../../arm-none-eabi/lib/thumb/v7e-m/nofp\libg.a(lib_a-mallocr.o)
                0x200009a0                __malloc_trim_threshold
 .data.__global_locale
                0x200009a4      0x16c c:/tools/arm-gnu-toolchain/bin/../lib/gcc/arm-none-eabi/10.3.1/../../../../arm-none-eabi/lib/thumb/v7e-m/nofp\libg.a(lib_a-locale.o)
                0x200009a4                __global_locale
 *(.RamFunc)
 *(.RamFunc*)
                0x20000b10                . = ALIGN (0x4)
                0x20000b10                _edata = .
                0x0801661c                _siccmram = LOADADDR (.ccmram)

.igot.plt       0x20000b10        0x0 load address 0x0801661c
 .igot.plt      0x20000b10        0x0 c:/tools/arm-gnu-toolchain/bin/../lib/gcc/arm-none-eabi/10.3.1/thumb/v7e-m/nofp/crtbegin.o

.ccmram         0x10000000        0x0 load address 0x0801661c
                0x10000000                . = ALIGN (0x4)
                0x10000000                _sccmram = .
 *(.ccmram)
 *(.ccmram*)
                0x10000000                . = ALIGN (0x4)
                0x10000000                _eccmram = .
                0x10000000                . = ALIGN (0x4)

.bss            0x20000b10      0x3c0
                0x20000b10                _sbss = .
                0x20000b10                __bss_start__ = _sbss
 *(.bss)
 .bss           0x20000b10       0x1c c:/tools/arm-gnu-toolchain/bin/../lib/gcc/arm-none-eabi/10.3.1/thumb/v7e-m/nofp/crtbegin.o
 *(.bss*)
 .bss.__sbrk_heap_end